Archive member included to satisfy reference by file (symbol)

/home/rishi/renesas/ra/e2studio_v2025-04_fsp_v5.9.0/toolchains/gcc_arm/arm-gnu-toolchain-13.2.Rel1-x86_64-arm-none-eabi/bin/../lib/gcc/arm-none-eabi/13.2.1/../../../../arm-none-eabi/lib/thumb/v8-m.main+dp/hard/libg_nano.a(libc_a-exit.o)
                              /home/rishi/renesas/ra/e2studio_v2025-04_fsp_v5.9.0/toolchains/gcc_arm/arm-gnu-toolchain-13.2.Rel1-x86_64-arm-none-eabi/bin/../lib/gcc/arm-none-eabi/13.2.1/../../../../arm-none-eabi/lib/thumb/v8-m.main+dp/hard/crt0.o (exit)
/home/rishi/renesas/ra/e2studio_v2025-04_fsp_v5.9.0/toolchains/gcc_arm/arm-gnu-toolchain-13.2.Rel1-x86_64-arm-none-eabi/bin/../lib/gcc/arm-none-eabi/13.2.1/../../../../arm-none-eabi/lib/thumb/v8-m.main+dp/hard/libg_nano.a(libc_a-init.o)
                              /home/rishi/renesas/ra/e2studio_v2025-04_fsp_v5.9.0/toolchains/gcc_arm/arm-gnu-toolchain-13.2.Rel1-x86_64-arm-none-eabi/bin/../lib/gcc/arm-none-eabi/13.2.1/../../../../arm-none-eabi/lib/thumb/v8-m.main+dp/hard/crt0.o (__libc_init_array)
/home/rishi/renesas/ra/e2studio_v2025-04_fsp_v5.9.0/toolchains/gcc_arm/arm-gnu-toolchain-13.2.Rel1-x86_64-arm-none-eabi/bin/../lib/gcc/arm-none-eabi/13.2.1/../../../../arm-none-eabi/lib/thumb/v8-m.main+dp/hard/libg_nano.a(libc_a-strcpy.o)
                              ./src/communicationN8N.o (strcpy)
/home/rishi/renesas/ra/e2studio_v2025-04_fsp_v5.9.0/toolchains/gcc_arm/arm-gnu-toolchain-13.2.Rel1-x86_64-arm-none-eabi/bin/../lib/gcc/arm-none-eabi/13.2.1/../../../../arm-none-eabi/lib/thumb/v8-m.main+dp/hard/libg_nano.a(libc_a-printf.o)
                              ./src/communicationN8N.o (printf)
/home/rishi/renesas/ra/e2studio_v2025-04_fsp_v5.9.0/toolchains/gcc_arm/arm-gnu-toolchain-13.2.Rel1-x86_64-arm-none-eabi/bin/../lib/gcc/arm-none-eabi/13.2.1/../../../../arm-none-eabi/lib/thumb/v8-m.main+dp/hard/libg_nano.a(libc_a-nano-vfprintf.o)
                              /home/rishi/renesas/ra/e2studio_v2025-04_fsp_v5.9.0/toolchains/gcc_arm/arm-gnu-toolchain-13.2.Rel1-x86_64-arm-none-eabi/bin/../lib/gcc/arm-none-eabi/13.2.1/../../../../arm-none-eabi/lib/thumb/v8-m.main+dp/hard/libg_nano.a(libc_a-printf.o) (_vfprintf_r)
/home/rishi/renesas/ra/e2studio_v2025-04_fsp_v5.9.0/toolchains/gcc_arm/arm-gnu-toolchain-13.2.Rel1-x86_64-arm-none-eabi/bin/../lib/gcc/arm-none-eabi/13.2.1/../../../../arm-none-eabi/lib/thumb/v8-m.main+dp/hard/libg_nano.a(libc_a-wbuf.o)
                              /home/rishi/renesas/ra/e2studio_v2025-04_fsp_v5.9.0/toolchains/gcc_arm/arm-gnu-toolchain-13.2.Rel1-x86_64-arm-none-eabi/bin/../lib/gcc/arm-none-eabi/13.2.1/../../../../arm-none-eabi/lib/thumb/v8-m.main+dp/hard/libg_nano.a(libc_a-nano-vfprintf.o) (__swbuf_r)
/home/rishi/renesas/ra/e2studio_v2025-04_fsp_v5.9.0/toolchains/gcc_arm/arm-gnu-toolchain-13.2.Rel1-x86_64-arm-none-eabi/bin/../lib/gcc/arm-none-eabi/13.2.1/../../../../arm-none-eabi/lib/thumb/v8-m.main+dp/hard/libg_nano.a(libc_a-wsetup.o)
                              /home/rishi/renesas/ra/e2studio_v2025-04_fsp_v5.9.0/toolchains/gcc_arm/arm-gnu-toolchain-13.2.Rel1-x86_64-arm-none-eabi/bin/../lib/gcc/arm-none-eabi/13.2.1/../../../../arm-none-eabi/lib/thumb/v8-m.main+dp/hard/libg_nano.a(libc_a-nano-vfprintf.o) (__swsetup_r)
/home/rishi/renesas/ra/e2studio_v2025-04_fsp_v5.9.0/toolchains/gcc_arm/arm-gnu-toolchain-13.2.Rel1-x86_64-arm-none-eabi/bin/../lib/gcc/arm-none-eabi/13.2.1/../../../../arm-none-eabi/lib/thumb/v8-m.main+dp/hard/libg_nano.a(libc_a-nano-vfprintf_i.o)
                              /home/rishi/renesas/ra/e2studio_v2025-04_fsp_v5.9.0/toolchains/gcc_arm/arm-gnu-toolchain-13.2.Rel1-x86_64-arm-none-eabi/bin/../lib/gcc/arm-none-eabi/13.2.1/../../../../arm-none-eabi/lib/thumb/v8-m.main+dp/hard/libg_nano.a(libc_a-nano-vfprintf.o) (_printf_i)
/home/rishi/renesas/ra/e2studio_v2025-04_fsp_v5.9.0/toolchains/gcc_arm/arm-gnu-toolchain-13.2.Rel1-x86_64-arm-none-eabi/bin/../lib/gcc/arm-none-eabi/13.2.1/../../../../arm-none-eabi/lib/thumb/v8-m.main+dp/hard/libg_nano.a(libc_a-puts.o)
                              ./src/shravyaMAIN.o (puts)
/home/rishi/renesas/ra/e2studio_v2025-04_fsp_v5.9.0/toolchains/gcc_arm/arm-gnu-toolchain-13.2.Rel1-x86_64-arm-none-eabi/bin/../lib/gcc/arm-none-eabi/13.2.1/../../../../arm-none-eabi/lib/thumb/v8-m.main+dp/hard/libg_nano.a(libc_a-reent.o)
                              ./ra/fsp/src/bsp/mcu/all/bsp_sbrk.o (errno)
/home/rishi/renesas/ra/e2studio_v2025-04_fsp_v5.9.0/toolchains/gcc_arm/arm-gnu-toolchain-13.2.Rel1-x86_64-arm-none-eabi/bin/../lib/gcc/arm-none-eabi/13.2.1/../../../../arm-none-eabi/lib/thumb/v8-m.main+dp/hard/libg_nano.a(libc_a-impure.o)
                              /home/rishi/renesas/ra/e2studio_v2025-04_fsp_v5.9.0/toolchains/gcc_arm/arm-gnu-toolchain-13.2.Rel1-x86_64-arm-none-eabi/bin/../lib/gcc/arm-none-eabi/13.2.1/../../../../arm-none-eabi/lib/thumb/v8-m.main+dp/hard/libg_nano.a(libc_a-printf.o) (_impure_ptr)
[...]
Memory Configuration

Name             Origin             Length             Attributes
ITCM             0x00000000         0x00010000         xr
DTCM             0x20000000         0x00010000         xrw
FLASH            0x02000000         0x001f8000         xr
RAM              0x22000000         0x000e0000         xrw
DATA_FLASH       0x27000000         0x00003000         xr
QSPI_FLASH       0x60000000         0x00000000         xr
OSPI_DEVICE_0    0x80000000         0x10000000         xr
OSPI_DEVICE_1    0x90000000         0x10000000         xr
OSPI_DEVICE_0_RAM 0x80000000         0x10000000         xrw
OSPI_DEVICE_1_RAM 0x90000000         0x10000000         xrw
SDRAM            0x68000000         0x08000000         xrw
OPTION_SETTING   0x0300a100         0x00000100         r
OPTION_SETTING_OFS 0x0300a100         0x00000018         r
OPTION_SETTING_SAS 0x0300a134         0x000000cc         r
OPTION_SETTING_S 0x0300a200         0x00000100         r
OPTION_SETTING_DATA_FLASH_S 0x27030080         0x00000800         r
ID_CODE          0x00000000         0x00000000         xr
*default*        0x00000000         0xffffffff

Linker script and memory map

LOAD /home/rishi/renesas/ra/e2studio_v2025-04_fsp_v5.9.0/toolchains/gcc_arm/arm-gnu-toolchain-13.2.Rel1-x86_64-arm-none-eabi/bin/../lib/gcc/arm-none-eabi/13.2.1/thumb/v8-m.main+dp/hard/crti.o
LOAD /home/rishi/renesas/ra/e2studio_v2025-04_fsp_v5.9.0/toolchains/gcc_arm/arm-gnu-toolchain-13.2.Rel1-x86_64-arm-none-eabi/bin/../lib/gcc/arm-none-eabi/13.2.1/thumb/v8-m.main+dp/hard/crtbegin.o
LOAD /home/rishi/renesas/ra/e2studio_v2025-04_fsp_v5.9.0/toolchains/gcc_arm/arm-gnu-toolchain-13.2.Rel1-x86_64-arm-none-eabi/bin/../lib/gcc/arm-none-eabi/13.2.1/../../../../arm-none-eabi/lib/thumb/v8-m.main+dp/hard/crt0.o
LOAD ./src/audioINTERFACE.o
LOAD ./src/cognitiveCLASSIFIER.o
LOAD ./src/communicationN8N.o
LOAD ./src/eegACQUISITION.o
LOAD ./src/hal_entry.o
LOAD ./src/hapticFEEDBACK.o
LOAD ./src/mtk3INTEGRATION.o
LOAD ./src/mtk3_stubs.o
LOAD ./src/powerMANAGEMENT.o
LOAD ./src/semaphoresGLOBAL.o
LOAD ./src/shravyaMAIN.o
LOAD ./src/signalPROCESSING.o
LOAD ./ra_gen/common_data.o
LOAD ./ra_gen/hal_data.o
LOAD ./ra_gen/main.o
LOAD ./ra_gen/pin_data.o
LOAD ./ra_gen/vector_data.o
LOAD ./ra/fsp/src/r_ssi/r_ssi.o
LOAD ./ra/fsp/src/r_spi_b/r_spi_b.o
LOAD ./ra/fsp/src/r_ioport/r_ioport.o
LOAD ./ra/fsp/src/r_icu/r_icu.o
LOAD ./ra/fsp/src/r_dtc/r_dtc.o
LOAD ./ra/fsp/src/bsp/mcu/all/bsp_clocks.o
LOAD ./ra/fsp/src/bsp/mcu/all/bsp_common.o
LOAD ./ra/fsp/src/bsp/mcu/all/bsp_delay.o
LOAD ./ra/fsp/src/bsp/mcu/all/bsp_group_irq.o
LOAD ./ra/fsp/src/bsp/mcu/all/bsp_guard.o
LOAD ./ra/fsp/src/bsp/mcu/all/bsp_io.o
LOAD ./ra/fsp/src/bsp/mcu/all/bsp_irq.o
LOAD ./ra/fsp/src/bsp/mcu/all/bsp_macl.o
LOAD ./ra/fsp/src/bsp/mcu/all/bsp_register_protection.o
LOAD ./ra/fsp/src/bsp/mcu/all/bsp_rom_registers.o
LOAD ./ra/fsp/src/bsp/mcu/all/bsp_sbrk.o
LOAD ./ra/fsp/src/bsp/mcu/all/bsp_sdram.o
LOAD ./ra/fsp/src/bsp/mcu/all/bsp_security.o
LOAD ./ra/fsp/src/bsp/cmsis/Device/RENESAS/Source/startup.o
LOAD ./ra/fsp/src/bsp/cmsis/Device/RENESAS/Source/system.o
LOAD ./ra/board/ra8d1_ek/board_init.o
LOAD ./ra/board/ra8d1_ek/board_leds.o
START GROUP
LOAD /home/rishi/renesas/ra/e2studio_v2025-04_fsp_v5.9.0/toolchains/gcc_arm/arm-gnu-toolchain-13.2.Rel1-x86_64-arm-none-eabi/bin/../lib/gcc/arm-none-eabi/13.2.1/thumb/v8-m.main+dp/hard/libgcc.a
LOAD /home/rishi/renesas/ra/e2studio_v2025-04_fsp_v5.9.0/toolchains/gcc_arm/arm-gnu-toolchain-13.2.Rel1-x86_64-arm-none-eabi/bin/../lib/gcc/arm-none-eabi/13.2.1/../../../../arm-none-eabi/lib/thumb/v8-m.main+dp/hard/libg_nano.a
LOAD /home/rishi/renesas/ra/e2studio_v2025-04_fsp_v5.9.0/toolchains/gcc_arm/arm-gnu-toolchain-13.2.Rel1-x86_64-arm-none-eabi/bin/../lib/gcc/arm-none-eabi/13.2.1/../../../../arm-none-eabi/lib/thumb/v8-m.main+dp/hard/libc_nano.a
END GROUP
START GROUP
LOAD /home/rishi/renesas/ra/e2studio_v2025-04_fsp_v5.9.0/toolchains/gcc_arm/arm-gnu-toolchain-13.2.Rel1-x86_64-arm-none-eabi/bin/../lib/gcc/arm-none-eabi/13.2.1/thumb/v8-m.main+dp/hard/libgcc.a
LOAD /home/rishi/renesas/ra/e2studio_v2025-04_fsp_v5.9.0/toolchains/gcc_arm/arm-gnu-toolchain-13.2.Rel1-x86_64-arm-none-eabi/bin/../lib/gcc/arm-none-eabi/13.2.1/../../../../arm-none-eabi/lib/thumb/v8-m.main+dp/hard/libc_nano.a
END GROUP
LOAD /home/rishi/renesas/ra/e2studio_v2025-04_fsp_v5.9.0/toolchains/gcc_arm/arm-gnu-toolchain-13.2.Rel1-x86_64-arm-none-eabi/bin/../lib/gcc/arm-none-eabi/13.2.1/thumb/v8-m.main+dp/hard/crtend.o
LOAD /home/rishi/renesas/ra/e2studio_v2025-04_fsp_v5.9.0/toolchains/gcc_arm/arm-gnu-toolchain-13.2.Rel1-x86_64-arm-none-eabi/bin/../lib/gcc/arm-none-eabi/13.2.1/thumb/v8-m.main+dp/hard/crtn.o
                0x22000000                        RAM_START = 0x22000000
                0x000e0000                        RAM_LENGTH = 0xe0000
                0x02000000                        FLASH_START = 0x2000000
                0x001f8000                        FLASH_LENGTH = 0x1f8000
                0x27000000                        DATA_FLASH_START = 0x27000000
                0x00003000                        DATA_FLASH_LENGTH = 0x3000
                0x0300a100                        OPTION_SETTING_START = 0x300a100
                0x00000100                        OPTION_SETTING_LENGTH = 0x100
                0x0300a200                        OPTION_SETTING_S_START = 0x300a200
                0x00000100                        OPTION_SETTING_S_LENGTH = 0x100
                0x27030080                        OPTION_SETTING_DATA_FLASH_S_START = 0x27030080
                0x00000800                        OPTION_SETTING_DATA_FLASH_S_LENGTH = 0x800
                0x00000000                        ID_CODE_START = 0x0
                0x00000000                        ID_CODE_LENGTH = 0x0
                0x68000000                        SDRAM_START = 0x68000000
                0x08000000                        SDRAM_LENGTH = 0x8000000
                0x60000000                        QSPI_FLASH_START = 0x60000000
                0x00000000                        QSPI_FLASH_LENGTH = 0x0
                0x80000000                        OSPI_DEVICE_0_START = 0x80000000
                0x10000000                        OSPI_DEVICE_0_LENGTH = 0x10000000
                0x90000000                        OSPI_DEVICE_1_START = 0x90000000
                0x10000000                        OSPI_DEVICE_1_LENGTH = 0x10000000
                0x00000000                        ITCM_START = 0x0
                0x00010000                        ITCM_LENGTH = 0x10000
                0x20000000                        DTCM_START = 0x20000000
                0x00010000                        DTCM_LENGTH = 0x10000
                0x10000000                        NS_OFFSET_START = 0x10000000
                0x00000000                        NS_OFFSET_LENGTH = 0x0
                0x00000000                        QSPI_FLASH_PRV_LENGTH = DEFINED (QSPI_FLASH_SIZE)?ABSOLUTE (QSPI_FLASH_SIZE):ABSOLUTE (QSPI_FLASH_LENGTH)
                0x10000000                        OSPI_DEVICE_0_PRV_LENGTH = DEFINED (OSPI_DEVICE_0_SIZE)?ABSOLUTE (OSPI_DEVICE_0_SIZE):ABSOLUTE (OSPI_DEVICE_0_LENGTH)
                0x10000000                        OSPI_DEVICE_1_PRV_LENGTH = DEFINED (OSPI_DEVICE_1_SIZE)?ABSOLUTE (OSPI_DEVICE_1_SIZE):ABSOLUTE (OSPI_DEVICE_1_LENGTH)
                0x00000000                        __RESERVE_NS_RAM = ((! (DEFINED (PROJECT_NONSECURE)) && DEFINED (RAM_NS_BUFFER_LENGTH)) && (OPTION_SETTING_S_LENGTH != 0x0))
                0x00000000                        ITCM_START = DEFINED (ITCM_START)?ITCM_START:0x0
                0x00010000                        ITCM_LENGTH = DEFINED (ITCM_LENGTH)?ITCM_LENGTH:0x0
                0x20000000                        DTCM_START = DEFINED (DTCM_START)?DTCM_START:0x0
                0x00010000                        DTCM_LENGTH = DEFINED (DTCM_LENGTH)?DTCM_LENGTH:0x0
                0x00000000                        RAM_NS_BUFFER_BLOCK_LENGTH = DEFINED (RAM_NS_BUFFER_LENGTH)?ALIGN (RAM_NS_BUFFER_LENGTH, 0x2000):0x0
                0x00000000                        RAM_NS_BUFFER_LENGTH = DEFINED (RAM_NS_BUFFER_LENGTH)?RAM_NS_BUFFER_LENGTH:0x0
                0x220e0000                        RAM_NS_BUFFER_START = ((RAM_START + RAM_LENGTH) - RAM_NS_BUFFER_LENGTH)
                0x220e0000                        RAM_NS_BUFFER_BLOCK_START = ((RAM_START + RAM_LENGTH) - RAM_NS_BUFFER_BLOCK_LENGTH)
                0x0300a180                        OPTION_SETTING_START_NS = DEFINED (PROJECT_NONSECURE)?OPTION_SETTING_START:(OPTION_SETTING_START + 0x80)
                0x27030080                        OPTION_SETTING_DATA_FLASH_S_START = DEFINED (OPTION_SETTING_DATA_FLASH_S_START)?OPTION_SETTING_DATA_FLASH_S_START:0x0
                0x00000800                        OPTION_SETTING_DATA_FLASH_S_LENGTH = DEFINED (OPTION_SETTING_DATA_FLASH_S_LENGTH)?OPTION_SETTING_DATA_FLASH_S_LENGTH:0x0
                0x00000001                        __bl_FSP_BOOTABLE_IMAGE = 0x1
                0x00000001                        __bln_FSP_BOOTABLE_IMAGE = 0x1
                0x00000001                        PROJECT_SECURE_OR_FLAT = (((! (DEFINED (PROJECT_NONSECURE)) || DEFINED (PROJECT_SECURE)) && OPTION_SETTING_LENGTH) && ! (DEFINED (FSP_BOOTABLE_IMAGE)))
                0x00000000                        USE_OPTION_SETTING_NS = (DEFINED (PROJECT_NONSECURE) && ! (DEFINED (FSP_BOOTABLE_IMAGE)))
                0x00000001                        USE_OPTION_SETTING_DATA_FLASH = (PROJECT_SECURE_OR_FLAT && (OPTION_SETTING_DATA_FLASH_S_LENGTH != 0x0))
                0x00000000                        __bl_FLASH_IMAGE_START = ! (DEFINED (FLASH_BOOTLOADER_LENGTH))?0x0:(FLASH_APPLICATION_IMAGE_NUMBER == 0x1)?((FLASH_START + FLASH_BOOTLOADER_LENGTH) + FLASH_BOOTLOADER_HEADER_LENGTH):(DEFINED (BOOTLOADER_SECONDARY_USE_QSPI) || DEFINED (BOOTLOADER_SECONDARY_USE_OSPI_B))?(((FLASH_START + FLASH_BOOTLOADER_LENGTH) + FLASH_BOOTLOADER_SCRATCH_LENGTH) + FLASH_BOOTLOADER_HEADER_LENGTH):((((FLASH_START + FLASH_BOOTLOADER_LENGTH) + FLASH_BOOTLOADER_SCRATCH_LENGTH) + FLASH_APPLICATION_S_LENGTH) + FLASH_BOOTLOADER_HEADER_LENGTH)
                0x00000000                        __bl_FLASH_IMAGE_LENGTH = ! (DEFINED (FLASH_BOOTLOADER_LENGTH))?0x0:(FLASH_APPLICATION_S_LENGTH - FLASH_BOOTLOADER_HEADER_LENGTH)
                0x00000000                        __bl_FLASH_IMAGE_END = (__bl_FLASH_IMAGE_START + __bl_FLASH_IMAGE_LENGTH)
                0x00000000                        __bl_XIP_SECONDARY_FLASH_IMAGE_START = ! (DEFINED (FLASH_BOOTLOADER_LENGTH))?0x0:(((FLASH_START + FLASH_BOOTLOADER_LENGTH) + FLASH_APPLICATION_S_LENGTH) + FLASH_BOOTLOADER_HEADER_LENGTH)
                0x00000000                        __bl_XIP_SECONDARY_FLASH_IMAGE_END = (__bl_XIP_SECONDARY_FLASH_IMAGE_START + __bl_FLASH_IMAGE_LENGTH)
                0x00000000                        __bl_FLASH_IMAGE_START_FROM_MMF_REGION = DEFINED (BOOT_IMAGE_FROM_MMF_REGION)?BOOT_IMAGE_FROM_MMF_REGION:0x0
                0x00000000                        __bl_MEMORY_MIRROR_REGION_START = DEFINED (MMF_REGION_START_ADDR)?MMF_REGION_START_ADDR:0x0
                0x00000000                        __bl_FLASH_NS_START = ! (DEFINED (FLASH_BOOTLOADER_LENGTH))?0x0:(FLASH_APPLICATION_NS_LENGTH == 0x0)?__bl_FLASH_IMAGE_END:((__bl_FLASH_IMAGE_START - FLASH_BOOTLOADER_HEADER_LENGTH) + FLASH_APPLICATION_S_LENGTH)
                0x00000000                        __bl_FLASH_NSC_START = ! (DEFINED (FLASH_BOOTLOADER_LENGTH))?0x0:(FLASH_APPLICATION_NS_LENGTH == 0x0)?__bl_FLASH_IMAGE_END:(__bl_FLASH_IMAGE_END - FLASH_APPLICATION_NSC_LENGTH)
                0x00000000                        __bl_RAM_NS_START = ! (DEFINED (FLASH_BOOTLOADER_LENGTH))?0x0:(FLASH_APPLICATION_NS_LENGTH == 0x0)?(RAM_START + RAM_LENGTH):((RAM_START + RAM_LENGTH) - RAM_APPLICATION_NS_LENGTH)
                0x00000000                        __bl_RAM_NSC_START = ! (DEFINED (FLASH_BOOTLOADER_LENGTH))?0x0:(FLASH_APPLICATION_NS_LENGTH == 0x0)?(RAM_START + RAM_LENGTH):(__bl_RAM_NS_START - RAM_APPLICATION_NSC_LENGTH)
                0x00000000                        __bl_FLASH_NS_IMAGE_START = ! (DEFINED (FLASH_BOOTLOADER_LENGTH))?0x0:(FLASH_APPLICATION_NS_LENGTH == 0x0)?__bl_FLASH_IMAGE_END:(__bl_FLASH_NS_START + FLASH_BOOTLOADER_HEADER_LENGTH_2)
                0x10000000                        __bln_FLASH_IMAGE_START = (__bl_FLASH_NS_IMAGE_START | ! (DEFINED (NS_OFFSET_START))?0x0:NS_OFFSET_START)
                0x00000000                        __bln_FLASH_IMAGE_LENGTH = ! (DEFINED (FLASH_BOOTLOADER_LENGTH))?0x0:(FLASH_APPLICATION_NS_LENGTH == 0x0)?__bl_FLASH_IMAGE_END:(FLASH_APPLICATION_NS_LENGTH - FLASH_BOOTLOADER_HEADER_LENGTH_2)
                0x00000000                        XIP_SECONDARY_SLOT_IMAGE = DEFINED (XIP_SECONDARY_SLOT_IMAGE)?XIP_SECONDARY_SLOT_IMAGE:0x0
                0x00000000                        FLASH_IMAGE_START_FROM_MMF_REGION = ! (DEFINED (FLASH_IMAGE_START_FROM_MMF_REGION))?0x0:FLASH_IMAGE_START_FROM_MMF_REGION
                0x00000000                        MEMORY_MIRROR_REGION_START = ! (DEFINED (MEMORY_MIRROR_REGION_START))?0x0:MEMORY_MIRROR_REGION_START
                0x02000000                        FLASH_ORIGIN = ! (DEFINED (FLASH_IMAGE_START))?FLASH_START:(XIP_SECONDARY_SLOT_IMAGE == 0x1)?XIP_SECONDARY_FLASH_IMAGE_START:(FLASH_IMAGE_START_FROM_MMF_REGION == 0x1)?MEMORY_MIRROR_REGION_START:FLASH_IMAGE_START
                0x001f8000                        LIMITED_FLASH_LENGTH = DEFINED (FLASH_IMAGE_LENGTH)?FLASH_IMAGE_LENGTH:DEFINED (FLASH_BOOTLOADER_LENGTH)?FLASH_BOOTLOADER_LENGTH:FLASH_LENGTH
                0x00000034                        OPTION_SETTING_SAS_SIZE = 0x34
                0x000000cc                        OPTION_SETTING_SAS_LENGTH = ! (DEFINED (OPTION_SETTING_LENGTH))?0x0:(OPTION_SETTING_LENGTH == 0x0)?0x0:(OPTION_SETTING_LENGTH - OPTION_SETTING_SAS_SIZE)
START GROUP
LOAD /home/rishi/renesas/ra/e2studio_v2025-04_fsp_v5.9.0/toolchains/gcc_arm/arm-gnu-toolchain-13.2.Rel1-x86_64-arm-none-eabi/bin/../lib/gcc/arm-none-eabi/13.2.1/thumb/v8-m.main+dp/hard/libgcc.a
LOAD /home/rishi/renesas/ra/e2studio_v2025-04_fsp_v5.9.0/toolchains/gcc_arm/arm-gnu-toolchain-13.2.Rel1-x86_64-arm-none-eabi/bin/../lib/gcc/arm-none-eabi/13.2.1/../../../../arm-none-eabi/lib/thumb/v8-m.main+dp/hard/libc.a
LOAD /home/rishi/renesas/ra/e2studio_v2025-04_fsp_v5.9.0/toolchains/gcc_arm/arm-gnu-toolchain-13.2.Rel1-x86_64-arm-none-eabi/bin/../lib/gcc/arm-none-eabi/13.2.1/../../../../arm-none-eabi/lib/thumb/v8-m.main+dp/hard/libm.a
END GROUP

.text           0x02000000     0x638c
                0x02000000                        __tz_FLASH_S = ABSOLUTE (FLASH_START)
                0x02000000                        __ROM_Start = .
 *(.fixed_vectors*)
 .fixed_vectors
                0x02000000       0x40 ./ra/fsp/src/bsp/cmsis/Device/RENESAS/Source/startup.o
                0x02000000                __Vectors
 *(.application_vectors*)
 .application_vectors
                0x02000040       0x1c ./ra_gen/vector_data.o
                0x02000040                g_vector_table
                0x0200005c                        __Vectors_End = .
 *(.flash_gap*)
                0x0200005c                        . = (OPTION_SETTING_LENGTH > 0x0)?.:(__ROM_Start + 0x400)
 *(.rom_registers*)
 *(.mcuboot_sce9_key*)
 *(.text*)
 .text.deregister_tm_clones
                0x0200005c       0x1c /home/rishi/renesas/ra/e2studio_v2025-04_fsp_v5.9.0/toolchains/gcc_arm/arm-gnu-toolchain-13.2.Rel1-x86_64-arm-none-eabi/bin/../lib/gcc/arm-none-eabi/13.2.1/thumb/v8-m.main+dp/hard/crtbegin.o
 .text.register_tm_clones
                0x02000078       0x28 /home/rishi/renesas/ra/e2studio_v2025-04_fsp_v5.9.0/toolchains/gcc_arm/arm-gnu-toolchain-13.2.Rel1-x86_64-arm-none-eabi/bin/../lib/gcc/arm-none-eabi/13.2.1/thumb/v8-m.main+dp/hard/crtbegin.o
 .text.__do_global_dtors_aux
                0x020000a0       0x28 /home/rishi/renesas/ra/e2studio_v2025-04_fsp_v5.9.0/toolchains/gcc_arm/arm-gnu-toolchain-13.2.Rel1-x86_64-arm-none-eabi/bin/../lib/gcc/arm-none-eabi/13.2.1/thumb/v8-m.main+dp/hard/crtbegin.o
 .text.frame_dummy
                0x020000c8       0x24 /home/rishi/renesas/ra/e2studio_v2025-04_fsp_v5.9.0/toolchains/gcc_arm/arm-gnu-toolchain-13.2.Rel1-x86_64-arm-none-eabi/bin/../lib/gcc/arm-none-eabi/13.2.1/thumb/v8-m.main+dp/hard/crtbegin.o
 .text.compute_fft
                0x020000ec       0xd0 ./src/cognitiveCLASSIFIER.o
 .text.extract_time_domain_features
                0x020001bc      0x370 ./src/cognitiveCLASSIFIER.o
 .text.extract_frequency_features
                0x0200052c      0x224 ./src/cognitiveCLASSIFIER.o
 .text.cognitive_classifier_init
                0x02000750      0x130 ./src/cognitiveCLASSIFIER.o
                0x02000750                cognitive_classifier_init
 .text.task_feature_extraction_entry
                0x02000880      0x18c ./src/cognitiveCLASSIFIER.o
                0x02000880                task_feature_extraction_entry
 .text.task_classification_entry
                0x02000a0c      0x3b8 ./src/cognitiveCLASSIFIER.o
                0x02000a0c                task_classification_entry
 .text.get_classification_result
                0x02000dc4       0x3c ./src/cognitiveCLASSIFIER.o
                0x02000dc4                get_classification_result
 .text.get_feature_vector
                0x02000e00       0x18 ./src/cognitiveCLASSIFIER.o
                0x02000e00                get_feature_vector
 .text.communication_init
                0x02000e18       0xa0 ./src/communicationN8N.o
                0x02000e18                communication_init
 .text.task_communication_entry
                0x02000eb8      0x7c0 ./src/communicationN8N.o
                0x02000eb8                task_communication_entry
 .text.ads1263_write_command
                0x02001678       0x54 ./src/eegACQUISITION.o
 .text.ads1263_write_register
                0x020016cc       0x60 ./src/eegACQUISITION.o
 .text.eeg_acquisition_init
                0x0200172c      0x110 ./src/eegACQUISITION.o
                0x0200172c                eeg_acquisition_init
 .text.task_eeg_acquisition_entry
                0x0200183c      0x268 ./src/eegACQUISITION.o
                0x0200183c                task_eeg_acquisition_entry
 .text.eeg_get_samples
                0x02001aa4       0x80 ./src/eegACQUISITION.o
                0x02001aa4                eeg_get_samples
 .text.mtk3_kernel_init
                0x02001b24       0x14 ./src/hal_entry.o
                0x02001b24                mtk3_kernel_init
 .text.shravya_start_application
                0x02001b38      0x160 ./src/hal_entry.o
                0x02001b38                shravya_start_application
 .text.hal_entry
                0x02001c98       0x24 ./src/hal_entry.o
                0x02001c98                hal_entry
 .text.R_BSP_WarmStart
                0x02001cbc        0x4 ./src/hal_entry.o
                0x02001cbc                R_BSP_WarmStart
 .text.start_intervention_pattern
                0x02001cc0       0xc0 ./src/hapticFEEDBACK.o
 .text.haptic_feedback_init
                0x02001d80      0x314 ./src/hapticFEEDBACK.o
                0x02001d80                haptic_feedback_init
 .text.task_haptic_feedback_entry
                0x02002094      0x308 ./src/hapticFEEDBACK.o
                0x02002094                task_haptic_feedback_entry
 .text.get_haptic_statistics
                0x0200239c       0x28 ./src/hapticFEEDBACK.o
                0x0200239c                get_haptic_statistics
 .text.tk_ini_ker
                0x020023c4        0x4 ./src/mtk3_stubs.o
                0x020023c4                tk_ini_ker
 .text.tk_ext_ker
                0x020023c8        0x4 ./src/mtk3_stubs.o
                0x020023c8                tk_ext_ker
 .text.tk_dly_tsk
                0x020023cc       0x10 ./src/mtk3_stubs.o
                0x020023cc                tk_dly_tsk
 .text.tk_cre_sem
                0x020023dc       0x10 ./src/mtk3_stubs.o
                0x020023dc                tk_cre_sem
 .text.tk_cre_mtx
                0x020023ec       0x10 ./src/mtk3_stubs.o
                0x020023ec                tk_cre_mtx
 .text.tk_cre_flg
                0x020023fc       0x10 ./src/mtk3_stubs.o
                0x020023fc                tk_cre_flg
 .text.tk_cre_tsk
                0x0200240c       0x10 ./src/mtk3_stubs.o
                0x0200240c                tk_cre_tsk
 .text.tk_sta_tsk
                0x0200241c        0x4 ./src/mtk3_stubs.o
                0x0200241c                tk_sta_tsk
 .text.tk_wai_sem
                0x02002420        0x4 ./src/mtk3_stubs.o
                0x02002420                tk_wai_sem
 .text.tk_sig_sem
                0x02002424        0x4 ./src/mtk3_stubs.o
                0x02002424                tk_sig_sem
 .text.tk_set_pow
                0x02002428        0x4 ./src/mtk3_stubs.o
                0x02002428                tk_set_pow
 .text._read    0x0200242c        0x4 ./src/mtk3_stubs.o
                0x0200242c                _read
 .text._write   0x02002430        0x4 ./src/mtk3_stubs.o
                0x02002430                _write
 .text._close   0x02002434        0x4 ./src/mtk3_stubs.o
                0x02002434                _close
 .text._fstat   0x02002438        0x4 ./src/mtk3_stubs.o
                0x02002438                _fstat
 .text._isatty  0x0200243c        0x4 ./src/mtk3_stubs.o
                0x0200243c                _isatty
 .text._lseek   0x02002440        0x4 ./src/mtk3_stubs.o
                0x02002440                _lseek
 .text.process_biquad_cascade
                0x02002444       0xc8 ./src/signalPROCESSING.o
 *fill*         0x0200250c        0x4 ff
 .text.init_filter_bank
                0x02002510      0x1f8 ./src/signalPROCESSING.o
 .text.signal_processing_init
                0x02002708       0x30 ./src/signalPROCESSING.o
                0x02002708                signal_processing_init
 .text.task_preprocessing_entry
                0x02002738      0x36c ./src/signalPROCESSING.o
                0x02002738                task_preprocessing_entry
 .text.signal_processing_get_stats
                0x02002aa4       0x5c ./src/signalPROCESSING.o
                0x02002aa4                signal_processing_get_stats
 .text.signal_processing_get_buffer
                0x02002b00       0x3c ./src/signalPROCESSING.o
                0x02002b00                signal_processing_get_buffer
 .text.startup.main
                0x02002b3c        0xc ./ra_gen/main.o
                0x02002b3c                main
 .text.r_ssi_stop_sub
                0x02002b48       0x54 ./ra/fsp/src/r_ssi/r_ssi.o
 .text.r_ssi_fifo_read
                0x02002b9c       0xdc ./ra/fsp/src/r_ssi/r_ssi.o
 .text.r_ssi_call_callback
                0x02002c78       0x38 ./ra/fsp/src/r_ssi/r_ssi.o
 .text.ssi_txi_isr
                0x02002cb0      0x118 ./ra/fsp/src/r_ssi/r_ssi.o
                0x02002cb0                ssi_txi_isr
 .text.ssi_int_isr
                0x02002dc8       0x58 ./ra/fsp/src/r_ssi/r_ssi.o
                0x02002dc8                ssi_int_isr
 .text.r_spi_b_write_read_common
                0x02002e20      0x100 ./ra/fsp/src/r_spi_b/r_spi_b.o
 .text.R_SPI_B_Write
                0x02002f20       0x18 ./ra/fsp/src/r_spi_b/r_spi_b.o
                0x02002f20                R_SPI_B_Write
 .text.R_SPI_B_WriteRead
                0x02002f38       0x10 ./ra/fsp/src/r_spi_b/r_spi_b.o
                0x02002f38                R_SPI_B_WriteRead
 .text.r_spi_b_call_callback
                0x02002f48       0x40 ./ra/fsp/src/r_spi_b/r_spi_b.o
 .text.spi_b_rxi_isr
                0x02002f88       0x90 ./ra/fsp/src/r_spi_b/r_spi_b.o
                0x02002f88                spi_b_rxi_isr
 .text.spi_b_txi_isr
                0x02003018       0xdc ./ra/fsp/src/r_spi_b/r_spi_b.o
                0x02003018                spi_b_txi_isr
 .text.spi_b_tei_isr
                0x020030f4       0xd0 ./ra/fsp/src/r_spi_b/r_spi_b.o
                0x020030f4                spi_b_tei_isr
 .text.spi_b_eri_isr
                0x020031c4       0xe0 ./ra/fsp/src/r_spi_b/r_spi_b.o
                0x020031c4                spi_b_eri_isr
 .text.R_IOPORT_PinWrite
                0x020032a4       0x28 ./ra/fsp/src/r_ioport/r_ioport.o
                0x020032a4                R_IOPORT_PinWrite
 .text.r_icu_isr
                0x020032cc       0x78 ./ra/fsp/src/r_icu/r_icu.o
                0x020032cc                r_icu_isr
 .text.SystemCoreClockUpdate
                0x02003344       0x8c ./ra/fsp/src/bsp/mcu/all/bsp_clocks.o
                0x02003344                SystemCoreClockUpdate
 .text.R_BSP_SubClockStabilizeWaitAfterReset
                0x020033d0        0x4 ./ra/fsp/src/bsp/mcu/all/bsp_clocks.o
                0x020033d0                R_BSP_SubClockStabilizeWaitAfterReset
 *fill*         0x020033d4        0x4 ff
 .text.bsp_clock_init
                0x020033d8      0x150 ./ra/fsp/src/bsp/mcu/all/bsp_clocks.o
                0x020033d8                bsp_clock_init
 .text.R_BSP_Init_RTC
                0x02003528       0xb0 ./ra/fsp/src/bsp/mcu/all/bsp_clocks.o
                0x02003528                R_BSP_Init_RTC
 .text.__assert_func
                0x020035d8        0x4 ./ra/fsp/src/bsp/mcu/all/bsp_common.o
                0x020035d8                __assert_func
 *fill*         0x020035dc        0x4 ff
 .text.bsp_prv_software_delay_loop
                0x020035e0        0xc ./ra/fsp/src/bsp/mcu/all/bsp_delay.o
                0x020035e0                bsp_prv_software_delay_loop
 .text.R_BSP_SoftwareDelay
                0x020035ec       0x80 ./ra/fsp/src/bsp/mcu/all/bsp_delay.o
                0x020035ec                R_BSP_SoftwareDelay
 .text.NMI_Handler
                0x0200366c       0x44 ./ra/fsp/src/bsp/mcu/all/bsp_group_irq.o
                0x0200366c                NMI_Handler
 .text.bsp_irq_cfg
                0x020036b0       0x2c ./ra/fsp/src/bsp/mcu/all/bsp_irq.o
                0x020036b0                bsp_irq_cfg
 .text.R_BSP_RegisterProtectEnable
                0x020036dc       0x60 ./ra/fsp/src/bsp/mcu/all/bsp_register_protection.o
                0x020036dc                R_BSP_RegisterProtectEnable
 .text.R_BSP_RegisterProtectDisable
                0x0200373c       0x54 ./ra/fsp/src/bsp/mcu/all/bsp_register_protection.o
                0x0200373c                R_BSP_RegisterProtectDisable
 .text._sbrk    0x02003790       0x40 ./ra/fsp/src/bsp/mcu/all/bsp_sbrk.o
                0x02003790                _sbrk
 .text.Default_Handler
                0x020037d0        0x4 ./ra/fsp/src/bsp/cmsis/Device/RENESAS/Source/startup.o
                0x020037d0                DebugMon_Handler
                0x020037d0                HardFault_Handler
                0x020037d0                SysTick_Handler
                0x020037d0                PendSV_Handler
                0x020037d0                UsageFault_Handler
                0x020037d0                SecureFault_Handler
                0x020037d0                Default_Handler
                0x020037d0                MemManage_Handler
                0x020037d0                SVC_Handler
                0x020037d0                BusFault_Handler
 .text.Reset_Handler
                0x020037d4        0xc ./ra/fsp/src/bsp/cmsis/Device/RENESAS/Source/startup.o
                0x020037d4                Reset_Handler
 .text.SystemInit
                0x020037e0      0x1f0 ./ra/fsp/src/bsp/cmsis/Device/RENESAS/Source/system.o
                0x020037e0                SystemInit
 .text.bsp_init
                0x020039d0        0x4 ./ra/board/ra8d1_ek/board_init.o
                0x020039d0                bsp_init
 .text.strcpy   0x020039d4       0x10 /home/rishi/renesas/ra/e2studio_v2025-04_fsp_v5.9.0/toolchains/gcc_arm/arm-gnu-toolchain-13.2.Rel1-x86_64-arm-none-eabi/bin/../lib/gcc/arm-none-eabi/13.2.1/../../../../arm-none-eabi/lib/thumb/v8-m.main+dp/hard/libg_nano.a(libc_a-strcpy.o)
                0x020039d4                strcpy
 .text.printf   0x020039e4       0x24 /home/rishi/renesas/ra/e2studio_v2025-04_fsp_v5.9.0/toolchains/gcc_arm/arm-gnu-toolchain-13.2.Rel1-x86_64-arm-none-eabi/bin/../lib/gcc/arm-none-eabi/13.2.1/../../../../arm-none-eabi/lib/thumb/v8-m.main+dp/hard/libg_nano.a(libc_a-printf.o)
                0x020039e4                printf
                0x020039e4                iprintf
 .text.__sfputc_r
                0x02003a08       0x2e /home/rishi/renesas/ra/e2studio_v2025-04_fsp_v5.9.0/toolchains/gcc_arm/arm-gnu-toolchain-13.2.Rel1-x86_64-arm-none-eabi/bin/../lib/gcc/arm-none-eabi/13.2.1/../../../../arm-none-eabi/lib/thumb/v8-m.main+dp/hard/libg_nano.a(libc_a-nano-vfprintf.o)
 .text.__sfputs_r
                0x02003a36       0x24 /home/rishi/renesas/ra/e2studio_v2025-04_fsp_v5.9.0/toolchains/gcc_arm/arm-gnu-toolchain-13.2.Rel1-x86_64-arm-none-eabi/bin/../lib/gcc/arm-none-eabi/13.2.1/../../../../arm-none-eabi/lib/thumb/v8-m.main+dp/hard/libg_nano.a(libc_a-nano-vfprintf.o)
                0x02003a36                __sfputs_r
 *fill*         0x02003a5a        0x2 ff
 .text._vfprintf_r
                0x02003a5c      0x230 /home/rishi/renesas/ra/e2studio_v2025-04_fsp_v5.9.0/toolchains/gcc_arm/arm-gnu-toolchain-13.2.Rel1-x86_64-arm-none-eabi/bin/../lib/gcc/arm-none-eabi/13.2.1/../../../../arm-none-eabi/lib/thumb/v8-m.main+dp/hard/libg_nano.a(libc_a-nano-vfprintf.o)
                0x02003a5c                _vfiprintf_r
                0x02003a5c                _vfprintf_r
 .text.__swbuf_r
                0x02003c8c       0x7c /home/rishi/renesas/ra/e2studio_v2025-04_fsp_v5.9.0/toolchains/gcc_arm/arm-gnu-toolchain-13.2.Rel1-x86_64-arm-none-eabi/bin/../lib/gcc/arm-none-eabi/13.2.1/../../../../arm-none-eabi/lib/thumb/v8-m.main+dp/hard/libg_nano.a(libc_a-wbuf.o)
                0x02003c8c                __swbuf_r
 .text.__swsetup_r
                0x02003d08       0xac /home/rishi/renesas/ra/e2studio_v2025-04_fsp_v5.9.0/toolchains/gcc_arm/arm-gnu-toolchain-13.2.Rel1-x86_64-arm-none-eabi/bin/../lib/gcc/arm-none-eabi/13.2.1/../../../../arm-none-eabi/lib/thumb/v8-m.main+dp/hard/libg_nano.a(libc_a-wsetup.o)
                0x02003d08                __swsetup_r
 .text._printf_common
                0x02003db4       0xe4 /home/rishi/renesas/ra/e2studio_v2025-04_fsp_v5.9.0/toolchains/gcc_arm/arm-gnu-toolchain-13.2.Rel1-x86_64-arm-none-eabi/bin/../lib/gcc/arm-none-eabi/13.2.1/../../../../arm-none-eabi/lib/thumb/v8-m.main+dp/hard/libg_nano.a(libc_a-nano-vfprintf_i.o)
                0x02003db4                _printf_common
 .text._printf_i
                0x02003e98      0x23c /home/rishi/renesas/ra/e2studio_v2025-04_fsp_v5.9.0/toolchains/gcc_arm/arm-gnu-toolchain-13.2.Rel1-x86_64-arm-none-eabi/bin/../lib/gcc/arm-none-eabi/13.2.1/../../../../arm-none-eabi/lib/thumb/v8-m.main+dp/hard/libg_nano.a(libc_a-nano-vfprintf_i.o)
                0x02003e98                _printf_i
 .text.__sflush_r
                0x020040d4      0x108 /home/rishi/renesas/ra/e2studio_v2025-04_fsp_v5.9.0/toolchains/gcc_arm/arm-gnu-toolchain-13.2.Rel1-x86_64-arm-none-eabi/bin/../lib/gcc/arm-none-eabi/13.2.1/../../../../arm-none-eabi/lib/thumb/v8-m.main+dp/hard/libg_nano.a(libc_a-fflush.o)
                0x020040d4                __sflush_r
 .text._fflush_r
                0x020041dc       0x50 /home/rishi/renesas/ra/e2studio_v2025-04_fsp_v5.9.0/toolchains/gcc_arm/arm-gnu-toolchain-13.2.Rel1-x86_64-arm-none-eabi/bin/../lib/gcc/arm-none-eabi/13.2.1/../../../../arm-none-eabi/lib/thumb/v8-m.main+dp/hard/libg_nano.a(libc_a-fflush.o)
                0x020041dc                _fflush_r
 .text.memchr   0x0200422c       0x1c /home/rishi/renesas/ra/e2studio_v2025-04_fsp_v5.9.0/toolchains/gcc_arm/arm-gnu-toolchain-13.2.Rel1-x86_64-arm-none-eabi/bin/../lib/gcc/arm-none-eabi/13.2.1/../../../../arm-none-eabi/lib/thumb/v8-m.main+dp/hard/libg_nano.a(libc_a-memchr-stub.o)
                0x0200422c                memchr
 .text.memcpy   0x02004248       0x1a /home/rishi/renesas/ra/e2studio_v2025-04_fsp_v5.9.0/toolchains/gcc_arm/arm-gnu-toolchain-13.2.Rel1-x86_64-arm-none-eabi/bin/../lib/gcc/arm-none-eabi/13.2.1/../../../../arm-none-eabi/lib/thumb/v8-m.main+dp/hard/libg_nano.a(libc_a-memcpy-stub.o)
                0x02004248                memcpy
 *fill*         0x02004262        0x2 ff
 .text.std      0x02004264       0x6c /home/rishi/renesas/ra/e2studio_v2025-04_fsp_v5.9.0/toolchains/gcc_arm/arm-gnu-toolchain-13.2.Rel1-x86_64-arm-none-eabi/bin/../lib/gcc/arm-none-eabi/13.2.1/../../../../arm-none-eabi/lib/thumb/v8-m.main+dp/hard/libg_nano.a(libc_a-findfp.o)
 .text.stdio_exit_handler
                0x020042d0       0x18 /home/rishi/renesas/ra/e2studio_v2025-04_fsp_v5.9.0/toolchains/gcc_arm/arm-gnu-toolchain-13.2.Rel1-x86_64-arm-none-eabi/bin/../lib/gcc/arm-none-eabi/13.2.1/../../../../arm-none-eabi/lib/thumb/v8-m.main+dp/hard/libg_nano.a(libc_a-findfp.o)
 .text.cleanup_stdio
                0x020042e8       0x40 /home/rishi/renesas/ra/e2studio_v2025-04_fsp_v5.9.0/toolchains/gcc_arm/arm-gnu-toolchain-13.2.Rel1-x86_64-arm-none-eabi/bin/../lib/gcc/arm-none-eabi/13.2.1/../../../../arm-none-eabi/lib/thumb/v8-m.main+dp/hard/libg_nano.a(libc_a-findfp.o)
 .text.global_stdio_init.part.0
                0x02004328       0x3c /home/rishi/renesas/ra/e2studio_v2025-04_fsp_v5.9.0/toolchains/gcc_arm/arm-gnu-toolchain-13.2.Rel1-x86_64-arm-none-eabi/bin/../lib/gcc/arm-none-eabi/13.2.1/../../../../arm-none-eabi/lib/thumb/v8-m.main+dp/hard/libg_nano.a(libc_a-findfp.o)
 .text.__sfp_lock_acquire
                0x02004364        0xc /home/rishi/renesas/ra/e2studio_v2025-04_fsp_v5.9.0/toolchains/gcc_arm/arm-gnu-toolchain-13.2.Rel1-x86_64-arm-none-eabi/bin/../lib/gcc/arm-none-eabi/13.2.1/../../../../arm-none-eabi/lib/thumb/v8-m.main+dp/hard/libg_nano.a(libc_a-findfp.o)
                0x02004364                __sfp_lock_acquire
 .text.__sfp_lock_release
                0x02004370        0xc /home/rishi/renesas/ra/e2studio_v2025-04_fsp_v5.9.0/toolchains/gcc_arm/arm-gnu-toolchain-13.2.Rel1-x86_64-arm-none-eabi/bin/../lib/gcc/arm-none-eabi/13.2.1/../../../../arm-none-eabi/lib/thumb/v8-m.main+dp/hard/libg_nano.a(libc_a-findfp.o)
                0x02004370                __sfp_lock_release
 .text.__sinit  0x0200437c       0x30 /home/rishi/renesas/ra/e2studio_v2025-04_fsp_v5.9.0/toolchains/gcc_arm/arm-gnu-toolchain-13.2.Rel1-x86_64-arm-none-eabi/bin/../lib/gcc/arm-none-eabi/13.2.1/../../../../arm-none-eabi/lib/thumb/v8-m.main+dp/hard/libg_nano.a(libc_a-findfp.o)
                0x0200437c                __sinit
 .text.snprintf
                0x020043ac       0x68 /home/rishi/renesas/ra/e2studio_v2025-04_fsp_v5.9.0/toolchains/gcc_arm/arm-gnu-toolchain-13.2.Rel1-x86_64-arm-none-eabi/bin/../lib/gcc/arm-none-eabi/13.2.1/../../../../arm-none-eabi/lib/thumb/v8-m.main+dp/hard/libg_nano.a(libc_a-snprintf.o)
                0x020043ac                snprintf
                0x020043ac                sniprintf
 .text.__sread  0x02004414       0x22 /home/rishi/renesas/ra/e2studio_v2025-04_fsp_v5.9.0/toolchains/gcc_arm/arm-gnu-toolchain-13.2.Rel1-x86_64-arm-none-eabi/bin/../lib/gcc/arm-none-eabi/13.2.1/../../../../arm-none-eabi/lib/thumb/v8-m.main+dp/hard/libg_nano.a(libc_a-stdio.o)
                0x02004414                __sread
 .text.__swrite
                0x02004436       0x38 /home/rishi/renesas/ra/e2studio_v2025-04_fsp_v5.9.0/toolchains/gcc_arm/arm-gnu-toolchain-13.2.Rel1-x86_64-arm-none-eabi/bin/../lib/gcc/arm-none-eabi/13.2.1/../../../../arm-none-eabi/lib/thumb/v8-m.main+dp/hard/libg_nano.a(libc_a-stdio.o)
                0x02004436                __swrite
 .text.__sseek  0x0200446e       0x24 /home/rishi/renesas/ra/e2studio_v2025-04_fsp_v5.9.0/toolchains/gcc_arm/arm-gnu-toolchain-13.2.Rel1-x86_64-arm-none-eabi/bin/../lib/gcc/arm-none-eabi/13.2.1/../../../../arm-none-eabi/lib/thumb/v8-m.main+dp/hard/libg_nano.a(libc_a-stdio.o)
                0x0200446e                __sseek
 .text.__sclose
                0x02004492        0x8 /home/rishi/renesas/ra/e2studio_v2025-04_fsp_v5.9.0/toolchains/gcc_arm/arm-gnu-toolchain-13.2.Rel1-x86_64-arm-none-eabi/bin/../lib/gcc/arm-none-eabi/13.2.1/../../../../arm-none-eabi/lib/thumb/v8-m.main+dp/hard/libg_nano.a(libc_a-stdio.o)
                0x02004492                __sclose
 *fill*         0x0200449a        0x2 ff
 .text.rand     0x0200449c       0x7c /home/rishi/renesas/ra/e2studio_v2025-04_fsp_v5.9.0/toolchains/gcc_arm/arm-gnu-toolchain-13.2.Rel1-x86_64-arm-none-eabi/bin/../lib/gcc/arm-none-eabi/13.2.1/../../../../arm-none-eabi/lib/thumb/v8-m.main+dp/hard/libg_nano.a(libc_a-rand.o)
                0x0200449c                rand
 .text._read_r  0x02004518       0x24 /home/rishi/renesas/ra/e2studio_v2025-04_fsp_v5.9.0/toolchains/gcc_arm/arm-gnu-toolchain-13.2.Rel1-x86_64-arm-none-eabi/bin/../lib/gcc/arm-none-eabi/13.2.1/../../../../arm-none-eabi/lib/thumb/v8-m.main+dp/hard/libg_nano.a(libc_a-readr.o)
                0x02004518                _read_r
 .text._write_r
                0x0200453c       0x24 /home/rishi/renesas/ra/e2studio_v2025-04_fsp_v5.9.0/toolchains/gcc_arm/arm-gnu-toolchain-13.2.Rel1-x86_64-arm-none-eabi/bin/../lib/gcc/arm-none-eabi/13.2.1/../../../../arm-none-eabi/lib/thumb/v8-m.main+dp/hard/libg_nano.a(libc_a-writer.o)
                0x0200453c                _write_r
 .text._fwalk_sglue
                0x02004560       0x3c /home/rishi/renesas/ra/e2studio_v2025-04_fsp_v5.9.0/toolchains/gcc_arm/arm-gnu-toolchain-13.2.Rel1-x86_64-arm-none-eabi/bin/../lib/gcc/arm-none-eabi/13.2.1/../../../../arm-none-eabi/lib/thumb/v8-m.main+dp/hard/libg_nano.a(libc_a-fwalk.o)
                0x02004560                _fwalk_sglue
 .text.memmove  0x0200459c       0x34 /home/rishi/renesas/ra/e2studio_v2025-04_fsp_v5.9.0/toolchains/gcc_arm/arm-gnu-toolchain-13.2.Rel1-x86_64-arm-none-eabi/bin/../lib/gcc/arm-none-eabi/13.2.1/../../../../arm-none-eabi/lib/thumb/v8-m.main+dp/hard/libg_nano.a(libc_a-memmove.o)
                0x0200459c                memmove
 .text.memset   0x020045d0       0x10 /home/rishi/renesas/ra/e2studio_v2025-04_fsp_v5.9.0/toolchains/gcc_arm/arm-gnu-toolchain-13.2.Rel1-x86_64-arm-none-eabi/bin/../lib/gcc/arm-none-eabi/13.2.1/../../../../arm-none-eabi/lib/thumb/v8-m.main+dp/hard/libg_nano.a(libc_a-memset.o)
                0x020045d0                memset
 .text._realloc_r
                0x020045e0       0x5c /home/rishi/renesas/ra/e2studio_v2025-04_fsp_v5.9.0/toolchains/gcc_arm/arm-gnu-toolchain-13.2.Rel1-x86_64-arm-none-eabi/bin/../lib/gcc/arm-none-eabi/13.2.1/../../../../arm-none-eabi/lib/thumb/v8-m.main+dp/hard/libg_nano.a(libc_a-reallocr.o)
                0x020045e0                _realloc_r
 .text._free_r  0x0200463c       0x94 /home/rishi/renesas/ra/e2studio_v2025-04_fsp_v5.9.0/toolchains/gcc_arm/arm-gnu-toolchain-13.2.Rel1-x86_64-arm-none-eabi/bin/../lib/gcc/arm-none-eabi/13.2.1/../../../../arm-none-eabi/lib/thumb/v8-m.main+dp/hard/libg_nano.a(libc_a-freer.o)
                0x0200463c                _free_r
 .text.__retarget_lock_init_recursive
                0x020046d0        0x2 /home/rishi/renesas/ra/e2studio_v2025-04_fsp_v5.9.0/toolchains/gcc_arm/arm-gnu-toolchain-13.2.Rel1-x86_64-arm-none-eabi/bin/../lib/gcc/arm-none-eabi/13.2.1/../../../../arm-none-eabi/lib/thumb/v8-m.main+dp/hard/libg_nano.a(libc_a-lock.o)
                0x020046d0                __retarget_lock_init_recursive
 .text.__retarget_lock_acquire_recursive
                0x020046d2        0x2 /home/rishi/renesas/ra/e2studio_v2025-04_fsp_v5.9.0/toolchains/gcc_arm/arm-gnu-toolchain-13.2.Rel1-x86_64-arm-none-eabi/bin/../lib/gcc/arm-none-eabi/13.2.1/../../../../arm-none-eabi/lib/thumb/v8-m.main+dp/hard/libg_nano.a(libc_a-lock.o)
                0x020046d2                __retarget_lock_acquire_recursive
 .text.__retarget_lock_release_recursive
                0x020046d4        0x2 /home/rishi/renesas/ra/e2studio_v2025-04_fsp_v5.9.0/toolchains/gcc_arm/arm-gnu-toolchain-13.2.Rel1-x86_64-arm-none-eabi/bin/../lib/gcc/arm-none-eabi/13.2.1/../../../../arm-none-eabi/lib/thumb/v8-m.main+dp/hard/libg_nano.a(libc_a-lock.o)
                0x020046d4                __retarget_lock_release_recursive
 .text.__swhatbuf_r
                0x020046d6       0x4a /home/rishi/renesas/ra/e2studio_v2025-04_fsp_v5.9.0/toolchains/gcc_arm/arm-gnu-toolchain-13.2.Rel1-x86_64-arm-none-eabi/bin/../lib/gcc/arm-none-eabi/13.2.1/../../../../arm-none-eabi/lib/thumb/v8-m.main+dp/hard/libg_nano.a(libc_a-makebuf.o)
                0x020046d6                __swhatbuf_r
 .text.__smakebuf_r
                0x02004720       0x78 /home/rishi/renesas/ra/e2studio_v2025-04_fsp_v5.9.0/toolchains/gcc_arm/arm-gnu-toolchain-13.2.Rel1-x86_64-arm-none-eabi/bin/../lib/gcc/arm-none-eabi/13.2.1/../../../../arm-none-eabi/lib/thumb/v8-m.main+dp/hard/libg_nano.a(libc_a-makebuf.o)
                0x02004720                __smakebuf_r
 .text.__ssputs_r
                0x02004798       0xb6 /home/rishi/renesas/ra/e2studio_v2025-04_fsp_v5.9.0/toolchains/gcc_arm/arm-gnu-toolchain-13.2.Rel1-x86_64-arm-none-eabi/bin/../lib/gcc/arm-none-eabi/13.2.1/../../../../arm-none-eabi/lib/thumb/v8-m.main+dp/hard/libg_nano.a(libc_a-nano-svfprintf.o)
                0x02004798                __ssputs_r
 *fill*         0x0200484e        0x2 ff
 .text._svfprintf_r
                0x02004850      0x1f8 /home/rishi/renesas/ra/e2studio_v2025-04_fsp_v5.9.0/toolchains/gcc_arm/arm-gnu-toolchain-13.2.Rel1-x86_64-arm-none-eabi/bin/../lib/gcc/arm-none-eabi/13.2.1/../../../../arm-none-eabi/lib/thumb/v8-m.main+dp/hard/libg_nano.a(libc_a-nano-svfprintf.o)
                0x02004850                _svfprintf_r
                0x02004850                _svfiprintf_r
 .text._close_r
                0x02004a48       0x20 /home/rishi/renesas/ra/e2studio_v2025-04_fsp_v5.9.0/toolchains/gcc_arm/arm-gnu-toolchain-13.2.Rel1-x86_64-arm-none-eabi/bin/../lib/gcc/arm-none-eabi/13.2.1/../../../../arm-none-eabi/lib/thumb/v8-m.main+dp/hard/libg_nano.a(libc_a-closer.o)
                0x02004a48                _close_r
 .text.malloc   0x02004a68       0x10 /home/rishi/renesas/ra/e2studio_v2025-04_fsp_v5.9.0/toolchains/gcc_arm/arm-gnu-toolchain-13.2.Rel1-x86_64-arm-none-eabi/bin/../lib/gcc/arm-none-eabi/13.2.1/../../../../arm-none-eabi/lib/thumb/v8-m.main+dp/hard/libg_nano.a(libc_a-malloc.o)
                0x02004a68                malloc
 .text.sbrk_aligned
                0x02004a78       0x44 /home/rishi/renesas/ra/e2studio_v2025-04_fsp_v5.9.0/toolchains/gcc_arm/arm-gnu-toolchain-13.2.Rel1-x86_64-arm-none-eabi/bin/../lib/gcc/arm-none-eabi/13.2.1/../../../../arm-none-eabi/lib/thumb/v8-m.main+dp/hard/libg_nano.a(libc_a-mallocr.o)
 .text._malloc_r
                0x02004abc      0x100 /home/rishi/renesas/ra/e2studio_v2025-04_fsp_v5.9.0/toolchains/gcc_arm/arm-gnu-toolchain-13.2.Rel1-x86_64-arm-none-eabi/bin/../lib/gcc/arm-none-eabi/13.2.1/../../../../arm-none-eabi/lib/thumb/v8-m.main+dp/hard/libg_nano.a(libc_a-mallocr.o)
                0x02004abc                _malloc_r
 .text._fstat_r
                0x02004bbc       0x24 /home/rishi/renesas/ra/e2studio_v2025-04_fsp_v5.9.0/toolchains/gcc_arm/arm-gnu-toolchain-13.2.Rel1-x86_64-arm-none-eabi/bin/../lib/gcc/arm-none-eabi/13.2.1/../../../../arm-none-eabi/lib/thumb/v8-m.main+dp/hard/libg_nano.a(libc_a-fstatr.o)
                0x02004bbc                _fstat_r
 .text._isatty_r
                0x02004be0       0x20 /home/rishi/renesas/ra/e2studio_v2025-04_fsp_v5.9.0/toolchains/gcc_arm/arm-gnu-toolchain-13.2.Rel1-x86_64-arm-none-eabi/bin/../lib/gcc/arm-none-eabi/13.2.1/../../../../arm-none-eabi/lib/thumb/v8-m.main+dp/hard/libg_nano.a(libc_a-isattyr.o)
                0x02004be0                _isatty_r
 .text._lseek_r
                0x02004c00       0x24 /home/rishi/renesas/ra/e2studio_v2025-04_fsp_v5.9.0/toolchains/gcc_arm/arm-gnu-toolchain-13.2.Rel1-x86_64-arm-none-eabi/bin/../lib/gcc/arm-none-eabi/13.2.1/../../../../arm-none-eabi/lib/thumb/v8-m.main+dp/hard/libg_nano.a(libc_a-lseekr.o)
                0x02004c00                _lseek_r
 .text.__malloc_lock
                0x02004c24        0xc /home/rishi/renesas/ra/e2studio_v2025-04_fsp_v5.9.0/toolchains/gcc_arm/arm-gnu-toolchain-13.2.Rel1-x86_64-arm-none-eabi/bin/../lib/gcc/arm-none-eabi/13.2.1/../../../../arm-none-eabi/lib/thumb/v8-m.main+dp/hard/libg_nano.a(libc_a-mlock.o)
                0x02004c24                __malloc_lock
 .text.__malloc_unlock
                0x02004c30        0xc /home/rishi/renesas/ra/e2studio_v2025-04_fsp_v5.9.0/toolchains/gcc_arm/arm-gnu-toolchain-13.2.Rel1-x86_64-arm-none-eabi/bin/../lib/gcc/arm-none-eabi/13.2.1/../../../../arm-none-eabi/lib/thumb/v8-m.main+dp/hard/libg_nano.a(libc_a-mlock.o)
                0x02004c30                __malloc_unlock
 .text._malloc_usable_size_r
                0x02004c3c       0x10 /home/rishi/renesas/ra/e2studio_v2025-04_fsp_v5.9.0/toolchains/gcc_arm/arm-gnu-toolchain-13.2.Rel1-x86_64-arm-none-eabi/bin/../lib/gcc/arm-none-eabi/13.2.1/../../../../arm-none-eabi/lib/thumb/v8-m.main+dp/hard/libg_nano.a(libc_a-msizer.o)
                0x02004c3c                _malloc_usable_size_r
 .text._sbrk_r  0x02004c4c       0x20 /home/rishi/renesas/ra/e2studio_v2025-04_fsp_v5.9.0/toolchains/gcc_arm/arm-gnu-toolchain-13.2.Rel1-x86_64-arm-none-eabi/bin/../lib/gcc/arm-none-eabi/13.2.1/../../../../arm-none-eabi/lib/thumb/v8-m.main+dp/hard/libg_nano.a(libc_a-sbrkr.o)
                0x02004c4c                _sbrk_r
 .text.log10f   0x02004c6c       0x60 /home/rishi/renesas/ra/e2studio_v2025-04_fsp_v5.9.0/toolchains/gcc_arm/arm-gnu-toolchain-13.2.Rel1-x86_64-arm-none-eabi/bin/../lib/gcc/arm-none-eabi/13.2.1/../../../../arm-none-eabi/lib/thumb/v8-m.main+dp/hard/libm.a(libm_a-wf_log10.o)
                0x02004c6c                log10f
 .text.sqrtf    0x02004ccc       0x44 /home/rishi/renesas/ra/e2studio_v2025-04_fsp_v5.9.0/toolchains/gcc_arm/arm-gnu-toolchain-13.2.Rel1-x86_64-arm-none-eabi/bin/../lib/gcc/arm-none-eabi/13.2.1/../../../../arm-none-eabi/lib/thumb/v8-m.main+dp/hard/libm.a(libm_a-wf_sqrt.o)
                0x02004ccc                sqrtf
 .text.expf     0x02004d10       0xe4 /home/rishi/renesas/ra/e2studio_v2025-04_fsp_v5.9.0/toolchains/gcc_arm/arm-gnu-toolchain-13.2.Rel1-x86_64-arm-none-eabi/bin/../lib/gcc/arm-none-eabi/13.2.1/../../../../arm-none-eabi/lib/thumb/v8-m.main+dp/hard/libm.a(libm_a-sf_exp.o)
                0x02004d10                expf
 .text.nanf     0x02004df4        0xc /home/rishi/renesas/ra/e2studio_v2025-04_fsp_v5.9.0/toolchains/gcc_arm/arm-gnu-toolchain-13.2.Rel1-x86_64-arm-none-eabi/bin/../lib/gcc/arm-none-eabi/13.2.1/../../../../arm-none-eabi/lib/thumb/v8-m.main+dp/hard/libm.a(libm_a-sf_nan.o)
                0x02004df4                nanf
 .text.__ieee754_sqrtf
                0x02004e00        0x8 /home/rishi/renesas/ra/e2studio_v2025-04_fsp_v5.9.0/toolchains/gcc_arm/arm-gnu-toolchain-13.2.Rel1-x86_64-arm-none-eabi/bin/../lib/gcc/arm-none-eabi/13.2.1/../../../../arm-none-eabi/lib/thumb/v8-m.main+dp/hard/libm.a(libm_a-ef_sqrt.o)
                0x02004e00                __ieee754_sqrtf
 .text.log2f    0x02004e08       0xd4 /home/rishi/renesas/ra/e2studio_v2025-04_fsp_v5.9.0/toolchains/gcc_arm/arm-gnu-toolchain-13.2.Rel1-x86_64-arm-none-eabi/bin/../lib/gcc/arm-none-eabi/13.2.1/../../../../arm-none-eabi/lib/thumb/v8-m.main+dp/hard/libm.a(libm_a-sf_log2.o)
                0x02004e08                log2f
 *fill*         0x02004edc        0x4 ff
 .text.sinf     0x02004ee0      0x1e4 /home/rishi/renesas/ra/e2studio_v2025-04_fsp_v5.9.0/toolchains/gcc_arm/arm-gnu-toolchain-13.2.Rel1-x86_64-arm-none-eabi/bin/../lib/gcc/arm-none-eabi/13.2.1/../../../../arm-none-eabi/lib/thumb/v8-m.main+dp/hard/libm.a(libm_a-sinf.o)
                0x02004ee0                sinf
 *fill*         0x020050c4        0x4 ff
 .text.cosf     0x020050c8      0x1d4 /home/rishi/renesas/ra/e2studio_v2025-04_fsp_v5.9.0/toolchains/gcc_arm/arm-gnu-toolchain-13.2.Rel1-x86_64-arm-none-eabi/bin/../lib/gcc/arm-none-eabi/13.2.1/../../../../arm-none-eabi/lib/thumb/v8-m.main+dp/hard/libm.a(libm_a-cosf.o)
                0x020050c8                cosf
 .text.with_errnof
                0x0200529c       0x1c /home/rishi/renesas/ra/e2studio_v2025-04_fsp_v5.9.0/toolchains/gcc_arm/arm-gnu-toolchain-13.2.Rel1-x86_64-arm-none-eabi/bin/../lib/gcc/arm-none-eabi/13.2.1/../../../../arm-none-eabi/lib/thumb/v8-m.main+dp/hard/libm.a(libm_a-math_errf.o)
 .text.xflowf   0x020052b8       0x20 /home/rishi/renesas/ra/e2studio_v2025-04_fsp_v5.9.0/toolchains/gcc_arm/arm-gnu-toolchain-13.2.Rel1-x86_64-arm-none-eabi/bin/../lib/gcc/arm-none-eabi/13.2.1/../../../../arm-none-eabi/lib/thumb/v8-m.main+dp/hard/libm.a(libm_a-math_errf.o)
 .text.__math_uflowf
                0x020052d8        0xc /home/rishi/renesas/ra/e2studio_v2025-04_fsp_v5.9.0/toolchains/gcc_arm/arm-gnu-toolchain-13.2.Rel1-x86_64-arm-none-eabi/bin/../lib/gcc/arm-none-eabi/13.2.1/../../../../arm-none-eabi/lib/thumb/v8-m.main+dp/hard/libm.a(libm_a-math_errf.o)
                0x020052d8                __math_uflowf
 .text.__math_may_uflowf
                0x020052e4        0xc /home/rishi/renesas/ra/e2studio_v2025-04_fsp_v5.9.0/toolchains/gcc_arm/arm-gnu-toolchain-13.2.Rel1-x86_64-arm-none-eabi/bin/../lib/gcc/arm-none-eabi/13.2.1/../../../../arm-none-eabi/lib/thumb/v8-m.main+dp/hard/libm.a(libm_a-math_errf.o)
                0x020052e4                __math_may_uflowf
 .text.__math_oflowf
                0x020052f0        0xc /home/rishi/renesas/ra/e2studio_v2025-04_fsp_v5.9.0/toolchains/gcc_arm/arm-gnu-toolchain-13.2.Rel1-x86_64-arm-none-eabi/bin/../lib/gcc/arm-none-eabi/13.2.1/../../../../arm-none-eabi/lib/thumb/v8-m.main+dp/hard/libm.a(libm_a-math_errf.o)
                0x020052f0                __math_oflowf
 .text.__math_divzerof
                0x020052fc       0x24 /home/rishi/renesas/ra/e2studio_v2025-04_fsp_v5.9.0/toolchains/gcc_arm/arm-gnu-toolchain-13.2.Rel1-x86_64-arm-none-eabi/bin/../lib/gcc/arm-none-eabi/13.2.1/../../../../arm-none-eabi/lib/thumb/v8-m.main+dp/hard/libm.a(libm_a-math_errf.o)
                0x020052fc                __math_divzerof
 .text.__math_invalidf
                0x02005320       0x20 /home/rishi/renesas/ra/e2studio_v2025-04_fsp_v5.9.0/toolchains/gcc_arm/arm-gnu-toolchain-13.2.Rel1-x86_64-arm-none-eabi/bin/../lib/gcc/arm-none-eabi/13.2.1/../../../../arm-none-eabi/lib/thumb/v8-m.main+dp/hard/libm.a(libm_a-math_errf.o)
                0x02005320                __math_invalidf
 .text.__ieee754_log10f
                0x02005340       0xc4 /home/rishi/renesas/ra/e2studio_v2025-04_fsp_v5.9.0/toolchains/gcc_arm/arm-gnu-toolchain-13.2.Rel1-x86_64-arm-none-eabi/bin/../lib/gcc/arm-none-eabi/13.2.1/../../../../arm-none-eabi/lib/thumb/v8-m.main+dp/hard/libm.a(libm_a-ef_log10.o)
                0x02005340                __ieee754_log10f
 .text.logf     0x02005404       0xd4 /home/rishi/renesas/ra/e2studio_v2025-04_fsp_v5.9.0/toolchains/gcc_arm/arm-gnu-toolchain-13.2.Rel1-x86_64-arm-none-eabi/bin/../lib/gcc/arm-none-eabi/13.2.1/../../../../arm-none-eabi/lib/thumb/v8-m.main+dp/hard/libm.a(libm_a-sf_log.o)
                0x02005404                logf
 .text          0x020054d8      0x378 /home/rishi/renesas/ra/e2studio_v2025-04_fsp_v5.9.0/toolchains/gcc_arm/arm-gnu-toolchain-13.2.Rel1-x86_64-arm-none-eabi/bin/../lib/gcc/arm-none-eabi/13.2.1/thumb/v8-m.main+dp/hard/libgcc.a(_arm_addsubdf3.o)
                0x020054d8                __aeabi_drsub
                0x020054e0                __aeabi_dsub
                0x020054e0                __subdf3
                0x020054e4                __adddf3
                0x020054e4                __aeabi_dadd
                0x0200575c                __aeabi_ui2d
                0x0200575c                __floatunsidf
                0x0200577c                __floatsidf
                0x0200577c                __aeabi_i2d
                0x020057a0                __extendsfdf2
                0x020057a0                __aeabi_f2d
                0x020057e4                __aeabi_ul2d
                0x020057e4                __floatundidf
                0x020057f4                __floatdidf
                0x020057f4                __aeabi_l2d
 .text.__errno  0x02005850        0xc /home/rishi/renesas/ra/e2studio_v2025-04_fsp_v5.9.0/toolchains/gcc_arm/arm-gnu-toolchain-13.2.Rel1-x86_64-arm-none-eabi/bin/../lib/gcc/arm-none-eabi/13.2.1/../../../../arm-none-eabi/lib/thumb/v8-m.main+dp/hard/libc.a(libc_a-errno.o)
                0x02005850                __errno
 *(.version)
 .version       0x0200585c       0x50 ./ra/fsp/src/bsp/mcu/all/bsp_common.o
 *(.init)
 .init          0x020058ac        0x4 /home/rishi/renesas/ra/e2studio_v2025-04_fsp_v5.9.0/toolchains/gcc_arm/arm-gnu-toolchain-13.2.Rel1-x86_64-arm-none-eabi/bin/../lib/gcc/arm-none-eabi/13.2.1/thumb/v8-m.main+dp/hard/crti.o
                0x020058ac                _init
 .init          0x020058b0        0x8 /home/rishi/renesas/ra/e2studio_v2025-04_fsp_v5.9.0/toolchains/gcc_arm/arm-gnu-toolchain-13.2.Rel1-x86_64-arm-none-eabi/bin/../lib/gcc/arm-none-eabi/13.2.1/thumb/v8-m.main+dp/hard/crtn.o
 *(.fini)
 .fini          0x020058b8        0x4 /home/rishi/renesas/ra/e2studio_v2025-04_fsp_v5.9.0/toolchains/gcc_arm/arm-gnu-toolchain-13.2.Rel1-x86_64-arm-none-eabi/bin/../lib/gcc/arm-none-eabi/13.2.1/thumb/v8-m.main+dp/hard/crti.o
                0x020058b8                _fini
 .fini          0x020058bc        0x8 /home/rishi/renesas/ra/e2studio_v2025-04_fsp_v5.9.0/toolchains/gcc_arm/arm-gnu-toolchain-13.2.Rel1-x86_64-arm-none-eabi/bin/../lib/gcc/arm-none-eabi/13.2.1/thumb/v8-m.main+dp/hard/crtn.o
 *crtbegin.o(.ctors)
 *crtbegin?.o(.ctors)
 *(EXCLUDE_FILE(*crtend.o *crtend?.o) .ctors)
 *(SORT_BY_NAME(.ctors.*))
 *(.ctors)
 *crtbegin.o(.dtors)
 *crtbegin?.o(.dtors)
 *(EXCLUDE_FILE(*crtend.o *crtend?.o) .dtors)
 *(SORT_BY_NAME(.dtors.*))
 *(.dtors)
 *(.rodata*)
 .rodata.task_communication_entry.str1.4
                0x020058c4      0x44c ./src/communicationN8N.o
                                0x3d1 (size before relaxing)
 .rodata.str1.4
                0x02005d10       0x30 ./src/communicationN8N.o
 .rodata.CSWTCH.18
                0x02005d10       0x18 ./src/communicationN8N.o
 .rodata.haptic_feedback_init.str1.4
                0x02005d28       0x48 ./src/hapticFEEDBACK.o
 .rodata.CSWTCH.20
                0x02005d28       0x10 ./src/hapticFEEDBACK.o
 .rodata        0x02005d38       0xc6 ./src/hapticFEEDBACK.o
 *fill*         0x02005dfe        0x2 ff
 .rodata.g_interrupt_event_link_select
                0x02005e00        0xe ./ra_gen/vector_data.o
                0x02005e00                g_interrupt_event_link_select
 *fill*         0x02005e0e        0x2 ff
 .rodata.g_prcr_masks
                0x02005e10        0x8 ./ra/fsp/src/bsp/mcu/all/bsp_register_protection.o
 .rodata._vfprintf_r.str1.1
                0x02005e18       0xa3 /home/rishi/renesas/ra/e2studio_v2025-04_fsp_v5.9.0/toolchains/gcc_arm/arm-gnu-toolchain-13.2.Rel1-x86_64-arm-none-eabi/bin/../lib/gcc/arm-none-eabi/13.2.1/../../../../arm-none-eabi/lib/thumb/v8-m.main+dp/hard/libg_nano.a(libc_a-nano-vfprintf.o)
                                 0x11 (size before relaxing)
 .rodata._printf_i.str1.1
                0x02005ebb       0x22 /home/rishi/renesas/ra/e2studio_v2025-04_fsp_v5.9.0/toolchains/gcc_arm/arm-gnu-toolchain-13.2.Rel1-x86_64-arm-none-eabi/bin/../lib/gcc/arm-none-eabi/13.2.1/../../../../arm-none-eabi/lib/thumb/v8-m.main+dp/hard/libg_nano.a(libc_a-nano-vfprintf_i.o)
 .rodata.srand.str1.1
                0x02005ebb       0x70 /home/rishi/renesas/ra/e2studio_v2025-04_fsp_v5.9.0/toolchains/gcc_arm/arm-gnu-toolchain-13.2.Rel1-x86_64-arm-none-eabi/bin/../lib/gcc/arm-none-eabi/13.2.1/../../../../arm-none-eabi/lib/thumb/v8-m.main+dp/hard/libg_nano.a(libc_a-rand.o)
 .rodata._svfprintf_r.str1.1
                0x02005ebb       0x11 /home/rishi/renesas/ra/e2studio_v2025-04_fsp_v5.9.0/toolchains/gcc_arm/arm-gnu-toolchain-13.2.Rel1-x86_64-arm-none-eabi/bin/../lib/gcc/arm-none-eabi/13.2.1/../../../../arm-none-eabi/lib/thumb/v8-m.main+dp/hard/libg_nano.a(libc_a-nano-svfprintf.o)
 .rodata.log10f.str1.4
                0x02005ebb        0x1 /home/rishi/renesas/ra/e2studio_v2025-04_fsp_v5.9.0/toolchains/gcc_arm/arm-gnu-toolchain-13.2.Rel1-x86_64-arm-none-eabi/bin/../lib/gcc/arm-none-eabi/13.2.1/../../../../arm-none-eabi/lib/thumb/v8-m.main+dp/hard/libm.a(libm_a-wf_log10.o)
 *fill*         0x02005ebb        0x5 ff
 .rodata.__exp2f_data
                0x02005ec0      0x148 /home/rishi/renesas/ra/e2studio_v2025-04_fsp_v5.9.0/toolchains/gcc_arm/arm-gnu-toolchain-13.2.Rel1-x86_64-arm-none-eabi/bin/../lib/gcc/arm-none-eabi/13.2.1/../../../../arm-none-eabi/lib/thumb/v8-m.main+dp/hard/libm.a(libm_a-sf_exp2_data.o)
                0x02005ec0                __exp2f_data
 .rodata.__log2f_data
                0x02006008      0x120 /home/rishi/renesas/ra/e2studio_v2025-04_fsp_v5.9.0/toolchains/gcc_arm/arm-gnu-toolchain-13.2.Rel1-x86_64-arm-none-eabi/bin/../lib/gcc/arm-none-eabi/13.2.1/../../../../arm-none-eabi/lib/thumb/v8-m.main+dp/hard/libm.a(libm_a-sf_log2_data.o)
                0x02006008                __log2f_data
 .rodata.__inv_pio4
                0x02006128       0x60 /home/rishi/renesas/ra/e2studio_v2025-04_fsp_v5.9.0/toolchains/gcc_arm/arm-gnu-toolchain-13.2.Rel1-x86_64-arm-none-eabi/bin/../lib/gcc/arm-none-eabi/13.2.1/../../../../arm-none-eabi/lib/thumb/v8-m.main+dp/hard/libm.a(libm_a-sincosf_data.o)
                0x02006128                __inv_pio4
 .rodata.__sincosf_table
                0x02006188       0xe0 /home/rishi/renesas/ra/e2studio_v2025-04_fsp_v5.9.0/toolchains/gcc_arm/arm-gnu-toolchain-13.2.Rel1-x86_64-arm-none-eabi/bin/../lib/gcc/arm-none-eabi/13.2.1/../../../../arm-none-eabi/lib/thumb/v8-m.main+dp/hard/libm.a(libm_a-sincosf_data.o)
                0x02006188                __sincosf_table
 .rodata.__logf_data
                0x02006268      0x120 /home/rishi/renesas/ra/e2studio_v2025-04_fsp_v5.9.0/toolchains/gcc_arm/arm-gnu-toolchain-13.2.Rel1-x86_64-arm-none-eabi/bin/../lib/gcc/arm-none-eabi/13.2.1/../../../../arm-none-eabi/lib/thumb/v8-m.main+dp/hard/libm.a(libm_a-sf_log_data.o)
                0x02006268                __logf_data
                0x02006388                        __usb_dev_descriptor_start_fs = .
 *(.usb_device_desc_fs*)
                0x02006388                        __usb_cfg_descriptor_start_fs = .
 *(.usb_config_desc_fs*)
                0x02006388                        __usb_interface_descriptor_start_fs = .
 *(.usb_interface_desc_fs*)
                0x02006388                        __usb_descriptor_end_fs = .
                0x02006388                        __usb_dev_descriptor_start_hs = .
 *(.usb_device_desc_hs*)
                0x02006388                        __usb_cfg_descriptor_start_hs = .
 *(.usb_config_desc_hs*)
                0x02006388                        __usb_interface_descriptor_start_hs = .
 *(.usb_interface_desc_hs*)
                0x02006388                        __usb_descriptor_end_hs = .
 *(.eh_frame*)
 .eh_frame      0x02006388        0x0 /home/rishi/renesas/ra/e2studio_v2025-04_fsp_v5.9.0/toolchains/gcc_arm/arm-gnu-toolchain-13.2.Rel1-x86_64-arm-none-eabi/bin/../lib/gcc/arm-none-eabi/13.2.1/thumb/v8-m.main+dp/hard/crtbegin.o
 .eh_frame      0x02006388        0x4 /home/rishi/renesas/ra/e2studio_v2025-04_fsp_v5.9.0/toolchains/gcc_arm/arm-gnu-toolchain-13.2.Rel1-x86_64-arm-none-eabi/bin/../lib/gcc/arm-none-eabi/13.2.1/thumb/v8-m.main+dp/hard/crtend.o
                0x0200638c                        __ROM_End = .
                0x0000005c                        __Vectors_Size = (__Vectors_End - __Vectors)

.glue_7         0x0200638c        0x0
 .glue_7        0x0200638c        0x0 linker stubs

.glue_7t        0x0200638c        0x0
 .glue_7t       0x0200638c        0x0 linker stubs

.vfp11_veneer   0x0200638c        0x0
 .vfp11_veneer  0x0200638c        0x0 linker stubs

.v4_bx          0x0200638c        0x0
 .v4_bx         0x0200638c        0x0 linker stubs

.iplt           0x0200638c        0x0
 .iplt          0x0200638c        0x0 /home/rishi/renesas/ra/e2studio_v2025-04_fsp_v5.9.0/toolchains/gcc_arm/arm-gnu-toolchain-13.2.Rel1-x86_64-arm-none-eabi/bin/../lib/gcc/arm-none-eabi/13.2.1/thumb/v8-m.main+dp/hard/crtbegin.o
                0x0200638c                        . = .
                0x0200638c                        __itcm_data_pre_location = .

.itcm_data      0x00000000        0x0 load address 0x02006390
                0x00000000                        __tz_ITCM_S = ABSOLUTE (ITCM_START)
                0x00000000                        __itcm_data_start = .
 *(.itcm_data*)
                0x00000000                        . = ALIGN (0x8)
                0x00000000                        __itcm_data_end = .
                0x00000000                        __tz_ITCM_N = DEFINED (ITCM_NS_START)?ABSOLUTE (ITCM_NS_START):ALIGN (__itcm_data_end, 0x2000)
                0x02006390                        __itcm_data_init_start = LOADADDR (.itcm_data)
                0x02006390                        __itcm_data_init_end = (LOADADDR (.itcm_data) + SIZEOF (.itcm_data))
                0x00000001                        ASSERT (((ORIGIN (ITCM) % 0x8) == 0x0), ITCM memory region origin must be aligned to 8 bytes.)
                0x00000001                        ASSERT (((LENGTH (ITCM) % 0x8) == 0x0), ITCM memory region length must be a multiple of 8 bytes.)
                0x00000001                        ASSERT (((LOADADDR (.itcm_data) % 0x10) == 0x0), .itcm_data section must be aligned to 16 bytes.)
                0x00000001                        ASSERT (((SIZEOF (.itcm_data) % 0x8) == 0x0), .itcm_data section size must be a multiple of 8 bytes.)
                0x0200638c                        . = (SIZEOF (.itcm_data) > 0x0)?__itcm_data_init_end:__itcm_data_pre_location
                0x0200638c                        __exidx_start = .

/DISCARD/
 *(.ARM.extab* .gnu.linkonce.armextab.*)
 *(.ARM.exidx* .gnu.linkonce.armexidx.*)
                0x0200638c                        __exidx_end = .
                0x0200638c                        __etext = .
                0x22000000                        __tz_RAM_S = ORIGIN (RAM)

.fsp_dtc_vector_table
                0x22000000        0x0
                0x22000000                        . = ORIGIN (RAM)
 *(.fsp_dtc_vector_table)

.data           0x22000000       0x68 load address 0x0200638c
                0x22000000                        __data_start__ = .
                0x22000000                        . = ALIGN (0x4)
                0x22000000                        __Code_In_RAM_Start = .
 *(.code_in_ram*)
                0x22000000                        __Code_In_RAM_End = .
 *(vtable)
 *(.data.*)
 .data.next_id  0x22000000        0x4 ./src/mtk3_stubs.o
 .data._impure_ptr
                0x22000004        0x4 /home/rishi/renesas/ra/e2studio_v2025-04_fsp_v5.9.0/toolchains/gcc_arm/arm-gnu-toolchain-13.2.Rel1-x86_64-arm-none-eabi/bin/../lib/gcc/arm-none-eabi/13.2.1/../../../../arm-none-eabi/lib/thumb/v8-m.main+dp/hard/libg_nano.a(libc_a-impure.o)
                0x22000004                _impure_ptr
 .data._impure_data
                0x22000008       0x4c /home/rishi/renesas/ra/e2studio_v2025-04_fsp_v5.9.0/toolchains/gcc_arm/arm-gnu-toolchain-13.2.Rel1-x86_64-arm-none-eabi/bin/../lib/gcc/arm-none-eabi/13.2.1/../../../../arm-none-eabi/lib/thumb/v8-m.main+dp/hard/libg_nano.a(libc_a-impure.o)
                0x22000008                _impure_data
 .data.__sglue  0x22000054        0xc /home/rishi/renesas/ra/e2studio_v2025-04_fsp_v5.9.0/toolchains/gcc_arm/arm-gnu-toolchain-13.2.Rel1-x86_64-arm-none-eabi/bin/../lib/gcc/arm-none-eabi/13.2.1/../../../../arm-none-eabi/lib/thumb/v8-m.main+dp/hard/libg_nano.a(libc_a-findfp.o)
                0x22000054                __sglue
 *(.data)
                0x22000060                        . = ALIGN (0x4)
                0x22000060                        PROVIDE (__preinit_array_start = .)
 *(.preinit_array)
                0x22000060                        PROVIDE (__preinit_array_end = .)
                0x22000060                        . = ALIGN (0x4)
                0x22000060                        PROVIDE (__init_array_start = .)
 *(SORT_BY_NAME(.init_array.*))
 *(.init_array)
 .init_array    0x22000060        0x4 /home/rishi/renesas/ra/e2studio_v2025-04_fsp_v5.9.0/toolchains/gcc_arm/arm-gnu-toolchain-13.2.Rel1-x86_64-arm-none-eabi/bin/../lib/gcc/arm-none-eabi/13.2.1/thumb/v8-m.main+dp/hard/crtbegin.o
                0x22000064                        PROVIDE (__init_array_end = .)
                0x22000064                        . = ALIGN (0x4)
                [!provide]                        PROVIDE (__fini_array_start = .)
 *(SORT_BY_NAME(.fini_array.*))
 *(.fini_array)
 .fini_array    0x22000064        0x4 /home/rishi/renesas/ra/e2studio_v2025-04_fsp_v5.9.0/toolchains/gcc_arm/arm-gnu-toolchain-13.2.Rel1-x86_64-arm-none-eabi/bin/../lib/gcc/arm-none-eabi/13.2.1/thumb/v8-m.main+dp/hard/crtbegin.o
                [!provide]                        PROVIDE (__fini_array_end = .)
 *(.jcr*)
                0x22000068                        . = ALIGN (0x4)
                0x22000068                        __data_end__ = .

.tm_clone_table
                0x22000068        0x0 load address 0x020063f4
 .tm_clone_table
                0x22000068        0x0 /home/rishi/renesas/ra/e2studio_v2025-04_fsp_v5.9.0/toolchains/gcc_arm/arm-gnu-toolchain-13.2.Rel1-x86_64-arm-none-eabi/bin/../lib/gcc/arm-none-eabi/13.2.1/thumb/v8-m.main+dp/hard/crtbegin.o
 .tm_clone_table
                0x22000068        0x0 /home/rishi/renesas/ra/e2studio_v2025-04_fsp_v5.9.0/toolchains/gcc_arm/arm-gnu-toolchain-13.2.Rel1-x86_64-arm-none-eabi/bin/../lib/gcc/arm-none-eabi/13.2.1/thumb/v8-m.main+dp/hard/crtend.o

.igot.plt       0x22000068        0x0 load address 0x020063f4
 .igot.plt      0x22000068        0x0 /home/rishi/renesas/ra/e2studio_v2025-04_fsp_v5.9.0/toolchains/gcc_arm/arm-gnu-toolchain-13.2.Rel1-x86_64-arm-none-eabi/bin/../lib/gcc/arm-none-eabi/13.2.1/thumb/v8-m.main+dp/hard/crtbegin.o
                0x22000068                        . = .
                0x020063f4                        __dtcm_data_pre_location = (LOADADDR (.data) + SIZEOF (.data))

.dtcm_data      0x20000000        0x0 load address 0x02006400
                0x20000000                        __tz_DTCM_S = ABSOLUTE (DTCM_START)
                0x20000000                        __dtcm_data_start = .
 *(.dtcm_data*)
                0x20000000                        . = ALIGN (0x8)
                0x20000000                        __dtcm_data_end = .
                0x20000000                        . = __dtcm_data_end

.dtcm_bss       0x20000000        0x0
                0x20000000                        __dtcm_bss_start = .
 *(.dtcm_bss*)
                0x20000000                        . = ALIGN (0x8)
                0x20000000                        __dtcm_bss_end = .
                0x20000000                        __tz_DTCM_N = DEFINED (DTCM_NS_START)?ABSOLUTE (DTCM_NS_START):ALIGN (__dtcm_bss_end, 0x2000)
                0x02006400                        __dtcm_data_init_start = LOADADDR (.dtcm_data)
                0x02006400                        __dtcm_data_init_end = (LOADADDR (.dtcm_data) + SIZEOF (.dtcm_data))
                0x00000001                        ASSERT (((ORIGIN (DTCM) % 0x8) == 0x0), DTCM memory region origin must be aligned to 8 bytes.)
                0x00000001                        ASSERT (((LENGTH (DTCM) % 0x8) == 0x0), DTCM memory region length must be a multiple of 8 bytes.)
                0x00000001                        ASSERT ((LOADADDR (.dtcm_bss) == ADDR (.dtcm_bss)), .dtcm_bss has (VMA != LMA) but should be NOLOAD (VMA == LMA).)
                0x00000001                        ASSERT (((LOADADDR (.dtcm_data) % 0x10) == 0x0), .dtcm_data section must be aligned to 16 bytes.)
                0x00000001                        ASSERT (((SIZEOF (.dtcm_data) % 0x8) == 0x0), .dtcm_data section size must be a multiple of 8 bytes.)
                0x00000001                        ASSERT (((LOADADDR (.dtcm_bss) % 0x8) == 0x0), .dtcm_bss section must be aligned to 8 bytes.)
                0x00000001                        ASSERT (((SIZEOF (.dtcm_bss) % 0x8) == 0x0), .dtcm_bss section size must be a multiple of 8 bytes.)
                0x00000001                        ASSERT ((__dtcm_bss_start == __dtcm_data_end), .dtcm_bss section is not adjacent to .dtcm_data section.)
                0x020063f4                        . = (SIZEOF (.dtcm_data) > 0x0)?__dtcm_data_init_end:__dtcm_data_pre_location
                0x020063f4                        sgstubs_pre_location = .
                0x02006400                        SGSTUBS_LOC = (DEFINED (PROJECT_SECURE) && DEFINED (FLASH_NSC_START))?ABSOLUTE (FLASH_NSC_START):ALIGN (0x400)

.gnu.sgstubs    0x02006400        0x0
                0x02006400                        __FLASH_NSC_START = DEFINED (FLASH_NSC_START)?ABSOLUTE (FLASH_NSC_START):__RESERVE_NS_RAM?ABSOLUTE ((FLASH_START + FLASH_LENGTH)):ALIGN (0x400)
                0x02006400                        _start_sg = .
 *(.gnu.sgstubs*)
                0x02006400                        . = ALIGN (0x20)
                0x02006400                        _end_sg = .
                0x02008000                        __tz_FLASH_N = DEFINED (FLASH_NS_START)?ABSOLUTE (FLASH_NS_START):__RESERVE_NS_RAM?ABSOLUTE ((FLASH_START + FLASH_LENGTH)):(FLASH_LENGTH < 0x8000)?FLASH_LENGTH:ALIGN (0x8000)
                0x02008000                        FLASH_NS_IMAGE_START = DEFINED (FLASH_NS_IMAGE_START)?FLASH_NS_IMAGE_START:__tz_FLASH_N
                0x60000000                        __tz_QSPI_FLASH_S = ORIGIN (QSPI_FLASH)

.qspi_flash     0x60000000        0x0
                0x60000000                        __qspi_flash_start__ = .
 *(.qspi_flash*)
 *(.code_in_qspi*)
                0x60000000                        __qspi_flash_end__ = .
                0x00000000                        __qspi_flash_code_size__ = (__qspi_flash_end__ - __qspi_flash_start__)
                0x020063f4                        __qspi_flash_code_addr__ = sgstubs_pre_location

.qspi_non_retentive
                0x60000000        0x0 load address 0x020063f4
                0x60000000                        __qspi_non_retentive_start__ = .
 *(.qspi_non_retentive*)
                0x60000000                        __qspi_non_retentive_end__ = .
                0x00000000                        __qspi_non_retentive_size__ = (__qspi_non_retentive_end__ - __qspi_non_retentive_start__)
                0x04000000                        __qspi_region_max_size__ = 0x4000000
                0x60000000                        __qspi_region_start_address__ = __qspi_flash_start__
                0x64000000                        __qspi_region_end_address__ = (__qspi_flash_start__ + __qspi_region_max_size__)
                0x60000000                        __tz_QSPI_FLASH_N = __qspi_non_retentive_end__

.OSPI_DEVICE_0_NO_LOAD
                0x80000000        0x0
                0x80000000                        . = ALIGN (0x4)
                0x80000000                        __ospi_device_0_start__ = .
 *(.ospi_device_0_no_load*)
                0x80000000                        . = ALIGN (0x4)
                0x80000000                        __ospi_device_0_end__ = .

.OSPI_DEVICE_1_NO_LOAD
                0x90000000        0x0
                0x90000000                        . = ALIGN (0x4)
                0x90000000                        __ospi_device_1_start__ = .
 *(.ospi_device_1_no_load*)
                0x90000000                        . = ALIGN (0x4)
                0x90000000                        __ospi_device_1_end__ = .
                0x80000000                        __tz_OSPI_DEVICE_0_S = ORIGIN (OSPI_DEVICE_0)

.OSPI_DEVICE_0  0x80000000        0x0
                0x80000000                        __ospi_device_0_start__ = .
 *(.ospi_device_0*)
 *(.code_in_ospi_device_0*)
                0x80000000                        __ospi_device_0_end__ = .
                0x00000000                        __ospi_device_0_code_size__ = (__ospi_device_0_end__ - __ospi_device_0_start__)
                0x020063f4                        __ospi_device_0_code_addr__ = (sgstubs_pre_location + SIZEOF (.qspi_non_retentive))

.ospi_device_0_non_retentive
                0x80000000        0x0 load address 0x020063f4
                0x80000000                        __ospi_device_0_non_retentive_start__ = .
 *(.ospi_device_0_non_retentive*)
                0x80000000                        __ospi_device_0_non_retentive_end__ = .
                0x00000000                        __ospi_device_0_non_retentive_size__ = (__ospi_device_0_non_retentive_end__ - __ospi_device_0_non_retentive_start__)
                0x08000000                        __ospi_device_0_region_max_size__ = 0x8000000
                0x80000000                        __ospi_device_0_region_start_address__ = __ospi_device_0_start__
                0x88000000                        __ospi_device_0_region_end_address__ = (__ospi_device_0_start__ + __ospi_device_0_region_max_size__)
                0x80000000                        __tz_OSPI_DEVICE_0_N = __ospi_device_0_non_retentive_end__
                0x90000000                        __tz_OSPI_DEVICE_1_S = ORIGIN (OSPI_DEVICE_1)

.OSPI_DEVICE_1  0x90000000        0x0
                0x90000000                        __ospi_device_1_start__ = .
 *(.ospi_device_1*)
 *(.code_in_ospi_device_1*)
                0x90000000                        __ospi_device_1_end__ = .
                0x00000000                        __ospi_device_1_code_size__ = (__ospi_device_1_end__ - __ospi_device_1_start__)
                0x020063f4                        __ospi_device_1_code_addr__ = (sgstubs_pre_location + (SIZEOF (.qspi_non_retentive) + SIZEOF (.ospi_device_0_non_retentive)))

.ospi_device_1_non_retentive
                0x90000000        0x0 load address 0x020063f4
                0x90000000                        __ospi_device_1_non_retentive_start__ = .
 *(.ospi_device_1_non_retentive*)
                0x90000000                        __ospi_device_1_non_retentive_end__ = .
                0x00000000                        __ospi_device_1_non_retentive_size__ = (__ospi_device_1_non_retentive_end__ - __ospi_device_1_non_retentive_start__)
                0x10000000                        __ospi_device_1_region_max_size__ = 0x10000000
                0x90000000                        __ospi_device_1_region_start_address__ = __ospi_device_1_start__
                0xa0000000                        __ospi_device_1_region_end_address__ = (__ospi_device_1_start__ + __ospi_device_1_region_max_size__)
                0x90000000                        __tz_OSPI_DEVICE_1_N = __ospi_device_1_non_retentive_end__

.noinit         0x22000068       0x30
                0x22000068                        . = ALIGN (0x4)
                0x22000068                        __noinit_start = .
 *(.noinit*)
 .noinit        0x22000068       0x2c ./ra/fsp/src/bsp/mcu/all/bsp_clocks.o
                0x22000098                        . = ALIGN (0x8)
 *fill*         0x22000094        0x4 
 *(.heap.*)
                0x22000098                        __noinit_end = .
                0x22000098                        . = .
                0x22000098                        __nocache_pre_location = .

.nocache        0x220000a0        0x0
                0x220000a0                        __nocache_start = .
 *(.nocache)
                0x220000a0                        . = ALIGN (0x20)
                0x220000a0                        __nocache_end = .
                0x22000098                        . = (SIZEOF (.nocache) > 0x0)?__nocache_end:__nocache_pre_location

.bss            0x22000098    0x12200
                0x22000098                        . = ALIGN (0x4)
                0x22000098                        __bss_start__ = .
 *(.bss*)
 .bss.completed.1
                0x22000098        0x1 /home/rishi/renesas/ra/e2studio_v2025-04_fsp_v5.9.0/toolchains/gcc_arm/arm-gnu-toolchain-13.2.Rel1-x86_64-arm-none-eabi/bin/../lib/gcc/arm-none-eabi/13.2.1/thumb/v8-m.main+dp/hard/crtbegin.o
 *fill*         0x22000099        0x3 
 .bss.object.0  0x2200009c       0x18 /home/rishi/renesas/ra/e2studio_v2025-04_fsp_v5.9.0/toolchains/gcc_arm/arm-gnu-toolchain-13.2.Rel1-x86_64-arm-none-eabi/bin/../lib/gcc/arm-none-eabi/13.2.1/thumb/v8-m.main+dp/hard/crtbegin.o
 .bss.classifications_performed
                0x220000b4        0x4 ./src/cognitiveCLASSIFIER.o
 .bss.classifier_initialized
                0x220000b8        0x1 ./src/cognitiveCLASSIFIER.o
 *fill*         0x220000b9        0x7 
 .bss.cognitive_nn
                0x220000c0      0xaa8 ./src/cognitiveCLASSIFIER.o
 .bss.classification_result
                0x22000b68       0x28 ./src/cognitiveCLASSIFIER.o
 .bss.current_features
                0x22000b90       0x60 ./src/cognitiveCLASSIFIER.o
 .bss.session_start_time
                0x22000bf0        0x4 ./src/communicationN8N.o
 .bss.communication_initialized
                0x22000bf4        0x1 ./src/communicationN8N.o
 *fill*         0x22000bf5        0x3 
 .bss.comm_state
                0x22000bf8      0x4c8 ./src/communicationN8N.o
 .bss.error_count
                0x220010c0        0x4 ./src/eegACQUISITION.o
 .bss.sample_count
                0x220010c4        0x4 ./src/eegACQUISITION.o
 .bss.ads1263_initialized
                0x220010c8        0x1 ./src/eegACQUISITION.o
 .bss.acquisition_running
                0x220010c9        0x1 ./src/eegACQUISITION.o
 *fill*         0x220010ca        0x6 
 .bss.eeg_buffer
                0x220010d0    0x10010 ./src/eegACQUISITION.o
 .bss.status_flag
                0x220110e0        0x4 ./src/hal_entry.o
                0x220110e0                status_flag
 .bss.system_mutex
                0x220110e4        0x4 ./src/hal_entry.o
                0x220110e4                system_mutex
 .bss.fade_steps.0
                0x220110e8        0x1 ./src/hapticFEEDBACK.o
 .bss.target_right.1
                0x220110e9        0x1 ./src/hapticFEEDBACK.o
 .bss.target_left.2
                0x220110ea        0x1 ./src/hapticFEEDBACK.o
 *fill*         0x220110eb        0x1 
 .bss.breathing_guide_pattern
                0x220110ec       0xd4 ./src/hapticFEEDBACK.o
 .bss.focus_enhancement_pattern
                0x220111c0       0xd4 ./src/hapticFEEDBACK.o
 .bss.fatigue_alertness_pattern
                0x22011294       0xd4 ./src/hapticFEEDBACK.o
 .bss.anxiety_reduction_pattern
                0x22011368       0xd4 ./src/hapticFEEDBACK.o
 .bss.stress_relief_pattern
                0x2201143c       0xd4 ./src/hapticFEEDBACK.o
 .bss.haptic_initialized
                0x22011510        0x1 ./src/hapticFEEDBACK.o
 *fill*         0x22011511        0x3 
 .bss.pwm_control
                0x22011514        0x4 ./src/hapticFEEDBACK.o
 .bss.haptic_state
                0x22011518       0xe8 ./src/hapticFEEDBACK.o
 .bss.haptic_semaphore
                0x22011600        0x4 ./src/semaphoresGLOBAL.o
                0x22011600                haptic_semaphore
 .bss.classification_semaphore
                0x22011604        0x4 ./src/semaphoresGLOBAL.o
                0x22011604                classification_semaphore
 .bss.feature_extraction_semaphore
                0x22011608        0x4 ./src/semaphoresGLOBAL.o
                0x22011608                feature_extraction_semaphore
 .bss.preprocessing_semaphore
                0x2201160c        0x4 ./src/semaphoresGLOBAL.o
                0x2201160c                preprocessing_semaphore
 .bss.eeg_data_semaphore
                0x22011610        0x4 ./src/semaphoresGLOBAL.o
                0x22011610                eeg_data_semaphore
 .bss.prev_right.0
                0x22011614        0x4 ./src/signalPROCESSING.o
 .bss.prev_left.1
                0x22011618        0x4 ./src/signalPROCESSING.o
 .bss.processing_initialized
                0x2201161c        0x1 ./src/signalPROCESSING.o
 *fill*         0x2201161d        0x3 
 .bss.processing_state
                0x22011620      0xa80 ./src/signalPROCESSING.o
 .bss.g_ioport_ctrl
                0x220120a0        0x8 ./ra_gen/common_data.o
                0x220120a0                g_ioport_ctrl
 .bss.g_spi0_ctrl
                0x220120a8       0x30 ./ra_gen/hal_data.o
                0x220120a8                g_spi0_ctrl
 .bss.dummy_tx.0
                0x220120d8        0x4 ./ra/fsp/src/r_spi_b/r_spi_b.o
 .bss.dummy_rx.1
                0x220120dc        0x4 ./ra/fsp/src/r_spi_b/r_spi_b.o
 .bss.g_bsp_group_irq_sources
                0x220120e0       0x40 ./ra/fsp/src/bsp/mcu/all/bsp_group_irq.o
                0x220120e0                g_bsp_group_irq_sources
 .bss.gp_renesas_isr_context
                0x22012120       0x1c ./ra/fsp/src/bsp/mcu/all/bsp_irq.o
                0x22012120                gp_renesas_isr_context
 .bss.g_protect_counters
                0x2201213c        0x8 ./ra/fsp/src/bsp/mcu/all/bsp_register_protection.o
                0x2201213c                g_protect_counters
 .bss.current_heap_end.0
                0x22012144        0x4 ./ra/fsp/src/bsp/mcu/all/bsp_sbrk.o
 .bss.SystemCoreClock
                0x22012148        0x4 ./ra/fsp/src/bsp/cmsis/Device/RENESAS/Source/system.o
                0x22012148                SystemCoreClock
 .bss.errno     0x2201214c        0x4 /home/rishi/renesas/ra/e2studio_v2025-04_fsp_v5.9.0/toolchains/gcc_arm/arm-gnu-toolchain-13.2.Rel1-x86_64-arm-none-eabi/bin/../lib/gcc/arm-none-eabi/13.2.1/../../../../arm-none-eabi/lib/thumb/v8-m.main+dp/hard/libg_nano.a(libc_a-reent.o)
                0x2201214c                errno
 .bss.__sf      0x22012150      0x138 /home/rishi/renesas/ra/e2studio_v2025-04_fsp_v5.9.0/toolchains/gcc_arm/arm-gnu-toolchain-13.2.Rel1-x86_64-arm-none-eabi/bin/../lib/gcc/arm-none-eabi/13.2.1/../../../../arm-none-eabi/lib/thumb/v8-m.main+dp/hard/libg_nano.a(libc_a-findfp.o)
                0x22012150                __sf
 .bss.__stdio_exit_handler
                0x22012288        0x4 /home/rishi/renesas/ra/e2studio_v2025-04_fsp_v5.9.0/toolchains/gcc_arm/arm-gnu-toolchain-13.2.Rel1-x86_64-arm-none-eabi/bin/../lib/gcc/arm-none-eabi/13.2.1/../../../../arm-none-eabi/lib/thumb/v8-m.main+dp/hard/libg_nano.a(libc_a-findfp.o)
                0x22012288                __stdio_exit_handler
 .bss.__lock___malloc_recursive_mutex
                0x2201228c        0x1 /home/rishi/renesas/ra/e2studio_v2025-04_fsp_v5.9.0/toolchains/gcc_arm/arm-gnu-toolchain-13.2.Rel1-x86_64-arm-none-eabi/bin/../lib/gcc/arm-none-eabi/13.2.1/../../../../arm-none-eabi/lib/thumb/v8-m.main+dp/hard/libg_nano.a(libc_a-lock.o)
                0x2201228c                __lock___malloc_recursive_mutex
 .bss.__lock___sfp_recursive_mutex
                0x2201228d        0x1 /home/rishi/renesas/ra/e2studio_v2025-04_fsp_v5.9.0/toolchains/gcc_arm/arm-gnu-toolchain-13.2.Rel1-x86_64-arm-none-eabi/bin/../lib/gcc/arm-none-eabi/13.2.1/../../../../arm-none-eabi/lib/thumb/v8-m.main+dp/hard/libg_nano.a(libc_a-lock.o)
                0x2201228d                __lock___sfp_recursive_mutex
 *fill*         0x2201228e        0x2 
 .bss.__malloc_sbrk_start
                0x22012290        0x4 /home/rishi/renesas/ra/e2studio_v2025-04_fsp_v5.9.0/toolchains/gcc_arm/arm-gnu-toolchain-13.2.Rel1-x86_64-arm-none-eabi/bin/../lib/gcc/arm-none-eabi/13.2.1/../../../../arm-none-eabi/lib/thumb/v8-m.main+dp/hard/libg_nano.a(libc_a-mallocr.o)
                0x22012290                __malloc_sbrk_start
 .bss.__malloc_free_list
                0x22012294        0x4 /home/rishi/renesas/ra/e2studio_v2025-04_fsp_v5.9.0/toolchains/gcc_arm/arm-gnu-toolchain-13.2.Rel1-x86_64-arm-none-eabi/bin/../lib/gcc/arm-none-eabi/13.2.1/../../../../arm-none-eabi/lib/thumb/v8-m.main+dp/hard/libg_nano.a(libc_a-mallocr.o)
                0x22012294                __malloc_free_list
 *(COMMON)
                0x22012298                        . = ALIGN (0x4)
                0x22012298                        __bss_end__ = .

.heap           0x22012298        0x0
                0x22012298                        . = ALIGN (0x8)
                0x22012298                        __HeapBase = .
 *(.heap)
                0x22012298                        __HeapLimit = .

.stack_dummy    0x22012298      0x400
                0x22012298                        . = ALIGN (0x8)
                0x22012298                        __StackLimit = .
 *(.stack)
 .stack         0x22012298      0x400 ./ra/fsp/src/bsp/cmsis/Device/RENESAS/Source/startup.o
                0x22012698                        __StackTop = .
 *(.stack*)
                0x22012698                        __StackTopAll = .
                0x22012698                        PROVIDE (__stack = __StackTopAll)
                0x22012698                        __RAM_segment_used_end__ = ALIGN (__StackTopAll, 0x4)
                0x22012800                        __RAM_NSC_START = DEFINED (RAM_NSC_START)?ABSOLUTE ((RAM_NSC_START - RAM_NS_BUFFER_BLOCK_LENGTH)):__RESERVE_NS_RAM?ABSOLUTE (RAM_NS_BUFFER_BLOCK_START):ALIGN (__RAM_segment_used_end__, 0x400)
                0x22014000                        __tz_RAM_N = DEFINED (FLASH_BOOTLOADER_LENGTH)?((RAM_START + RAM_LENGTH) - RAM_APPLICATION_NS_LENGTH):DEFINED (RAM_NS_START)?ABSOLUTE ((RAM_NS_START - RAM_NS_BUFFER_BLOCK_LENGTH)):__RESERVE_NS_RAM?ABSOLUTE (RAM_NS_BUFFER_BLOCK_START):ALIGN (__RAM_NSC_START, 0x2000)

.ns_buffer      0x22012698        0x0
                0x22012698                        . = __RESERVE_NS_RAM?ABSOLUTE ((RAM_NS_BUFFER_START & 0xffffffe0)):.
 *(.ns_buffer*)

.data_flash     0x27000000        0x0
                0x27000000                        . = ORIGIN (DATA_FLASH)
                0x27000000                        __tz_DATA_FLASH_S = .
                0x27000000                        __Data_Flash_Start = .
 *(.data_flash*)
                0x27000000                        __Data_Flash_End = .
                0x27000000                        __tz_DATA_FLASH_N = DEFINED (DATA_FLASH_NS_START)?ABSOLUTE (DATA_FLASH_NS_START):__RESERVE_NS_RAM?ABSOLUTE ((DATA_FLASH_START + DATA_FLASH_LENGTH)):ALIGN (0x400)
                0x68000000                        __tz_SDRAM_S = ORIGIN (SDRAM)

.sdram          0x68000000        0x0
                0x68000000                        __SDRAM_Start = .
 *(.sdram*)
 *(.frame*)
                0x68000000                        __SDRAM_End = .
                0x68000000                        . = .
                0x68000000                        __nocache_sdram_pre_location = .

.nocache_sdram  0x68000000        0x0
                0x68000000                        __nocache_sdram_start = .
 *(.nocache_sdram)
                0x68000000                        . = ALIGN (0x20)
                0x68000000                        __nocache_sdram_end = .
                0x68000000                        . = (SIZEOF (.nocache_sdram) > 0x0)?__nocache_sdram_end:__nocache_sdram_pre_location
                0x68000000                        __tz_SDRAM_N = __SDRAM_End
                0x00000000                        __tz_ID_CODE_S = ORIGIN (ID_CODE)
                0x00000000                        __tz_ID_CODE_N = __tz_ID_CODE_S

.id_code        0x00000000        0x0
                0x00000000                        __ID_Code_Start = .
 *(.id_code*)
                0x00000000                        __ID_Code_End = .
                0x0300a100                        __tz_OPTION_SETTING_S = ORIGIN (OPTION_SETTING_OFS)

.option_setting_ofs
                0x0300a100       0x14
                0x0300a100                        __OPTION_SETTING_OFS_Start = .
 *(.option_setting_ofs0)
 .option_setting_ofs0
                0x0300a100        0x4 ./ra/fsp/src/bsp/mcu/all/bsp_rom_registers.o
                0x0300a104                        . = PROJECT_SECURE_OR_FLAT?(__OPTION_SETTING_OFS_Start + 0x4):__OPTION_SETTING_OFS_Start
 *(.option_setting_ofs2)
 .option_setting_ofs2
                0x0300a104        0x4 ./ra/fsp/src/bsp/mcu/all/bsp_rom_registers.o
                0x0300a110                        . = PROJECT_SECURE_OR_FLAT?(__OPTION_SETTING_OFS_Start + 0x10):__OPTION_SETTING_OFS_Start
 *fill*         0x0300a108        0x8 ff
 *(.option_setting_dualsel)
 .option_setting_dualsel
                0x0300a110        0x4 ./ra/fsp/src/bsp/mcu/all/bsp_rom_registers.o
                0x0300a114                        __OPTION_SETTING_OFS_End = .

.option_setting_sas
                0x0300a134        0x4
                0x0300a134                        __OPTION_SETTING_SAS_Start = .
 *(.option_setting_sas)
 .option_setting_sas
                0x0300a134        0x4 ./ra/fsp/src/bsp/mcu/all/bsp_rom_registers.o
                0x0300a138                        __OPTION_SETTING_SAS_End = .
                0x0300a180                        __tz_OPTION_SETTING_N = ABSOLUTE (OPTION_SETTING_START_NS)

.option_setting_ns
                0x0300a100        0x0
                0x0300a100                        __OPTION_SETTING_NS_Start = .
 *(.option_setting_ofs1)
                0x0300a100                        . = USE_OPTION_SETTING_NS?(__OPTION_SETTING_NS_Start + 0x4):__OPTION_SETTING_NS_Start
 *(.option_setting_ofs3)
                0x0300a100                        . = USE_OPTION_SETTING_NS?(__OPTION_SETTING_NS_Start + 0x10):__OPTION_SETTING_NS_Start
 *(.option_setting_banksel)
                0x0300a100                        . = USE_OPTION_SETTING_NS?(__OPTION_SETTING_NS_Start + 0x40):__OPTION_SETTING_NS_Start
 *(.option_setting_bps0)
                0x0300a100                        . = USE_OPTION_SETTING_NS?(__OPTION_SETTING_NS_Start + 0x44):__OPTION_SETTING_NS_Start
 *(.option_setting_bps1)
                0x0300a100                        . = USE_OPTION_SETTING_NS?(__OPTION_SETTING_NS_Start + 0x48):__OPTION_SETTING_NS_Start
 *(.option_setting_bps2)
                0x0300a100                        . = USE_OPTION_SETTING_NS?(__OPTION_SETTING_NS_Start + 0x4c):__OPTION_SETTING_NS_Start
 *(.option_setting_bps3)
                0x0300a100                        . = USE_OPTION_SETTING_NS?(__OPTION_SETTING_NS_Start + 0x60):__OPTION_SETTING_NS_Start
 *(.option_setting_pbps0)
                0x0300a100                        . = USE_OPTION_SETTING_NS?(__OPTION_SETTING_NS_Start + 0x64):__OPTION_SETTING_NS_Start
 *(.option_setting_pbps1)
                0x0300a100                        . = USE_OPTION_SETTING_NS?(__OPTION_SETTING_NS_Start + 0x68):__OPTION_SETTING_NS_Start
 *(.option_setting_pbps2)
                0x0300a100                        . = USE_OPTION_SETTING_NS?(__OPTION_SETTING_NS_Start + 0x6c):__OPTION_SETTING_NS_Start
 *(.option_setting_pbps3)
                0x0300a100                        __OPTION_SETTING_NS_End = .
                0x0300a200                        __tz_OPTION_SETTING_S_S = ORIGIN (OPTION_SETTING_S)

.option_setting_s
                0x0300a200       0xd0
                0x0300a200                        __OPTION_SETTING_S_Start = .
 *(.option_setting_ofs1_sec)
 .option_setting_ofs1_sec
                0x0300a200        0x4 ./ra/fsp/src/bsp/mcu/all/bsp_rom_registers.o
                0x0300a204                        . = PROJECT_SECURE_OR_FLAT?(__OPTION_SETTING_S_Start + 0x4):__OPTION_SETTING_S_Start
 *(.option_setting_ofs3_sec)
                0x0300a210                        . = PROJECT_SECURE_OR_FLAT?(__OPTION_SETTING_S_Start + 0x10):__OPTION_SETTING_S_Start
 *fill*         0x0300a204        0xc ff
 *(.option_setting_banksel_sec)
 .option_setting_banksel_sec
                0x0300a210        0x4 ./ra/fsp/src/bsp/mcu/all/bsp_rom_registers.o
                0x0300a240                        . = PROJECT_SECURE_OR_FLAT?(__OPTION_SETTING_S_Start + 0x40):__OPTION_SETTING_S_Start
 *fill*         0x0300a214       0x2c ff
 *(.option_setting_bps_sec0)
 .option_setting_bps_sec0
                0x0300a240        0x4 ./ra/fsp/src/bsp/mcu/all/bsp_rom_registers.o
                0x0300a244                        . = PROJECT_SECURE_OR_FLAT?(__OPTION_SETTING_S_Start + 0x44):__OPTION_SETTING_S_Start
 *(.option_setting_bps_sec1)
 .option_setting_bps_sec1
                0x0300a244        0x4 ./ra/fsp/src/bsp/mcu/all/bsp_rom_registers.o
                0x0300a248                        . = PROJECT_SECURE_OR_FLAT?(__OPTION_SETTING_S_Start + 0x48):__OPTION_SETTING_S_Start
 *(.option_setting_bps_sec2)
 .option_setting_bps_sec2
                0x0300a248        0x4 ./ra/fsp/src/bsp/mcu/all/bsp_rom_registers.o
                0x0300a24c                        . = PROJECT_SECURE_OR_FLAT?(__OPTION_SETTING_S_Start + 0x4c):__OPTION_SETTING_S_Start
 *(.option_setting_bps_sec3)
 .option_setting_bps_sec3
                0x0300a24c        0x4 ./ra/fsp/src/bsp/mcu/all/bsp_rom_registers.o
                0x0300a260                        . = PROJECT_SECURE_OR_FLAT?(__OPTION_SETTING_S_Start + 0x60):__OPTION_SETTING_S_Start
 *fill*         0x0300a250       0x10 ff
 *(.option_setting_pbps_sec0)
 .option_setting_pbps_sec0
                0x0300a260        0x4 ./ra/fsp/src/bsp/mcu/all/bsp_rom_registers.o
                0x0300a264                        . = PROJECT_SECURE_OR_FLAT?(__OPTION_SETTING_S_Start + 0x64):__OPTION_SETTING_S_Start
 *(.option_setting_pbps_sec1)
 .option_setting_pbps_sec1
                0x0300a264        0x4 ./ra/fsp/src/bsp/mcu/all/bsp_rom_registers.o
                0x0300a268                        . = PROJECT_SECURE_OR_FLAT?(__OPTION_SETTING_S_Start + 0x68):__OPTION_SETTING_S_Start
 *(.option_setting_pbps_sec2)
 .option_setting_pbps_sec2
                0x0300a268        0x4 ./ra/fsp/src/bsp/mcu/all/bsp_rom_registers.o
                0x0300a26c                        . = PROJECT_SECURE_OR_FLAT?(__OPTION_SETTING_S_Start + 0x6c):__OPTION_SETTING_S_Start
 *(.option_setting_pbps_sec3)
 .option_setting_pbps_sec3
                0x0300a26c        0x4 ./ra/fsp/src/bsp/mcu/all/bsp_rom_registers.o
                0x0300a280                        . = PROJECT_SECURE_OR_FLAT?(__OPTION_SETTING_S_Start + 0x80):__OPTION_SETTING_S_Start
 *fill*         0x0300a270       0x10 ff
 *(.option_setting_ofs1_sel)
 .option_setting_ofs1_sel
                0x0300a280        0x4 ./ra/fsp/src/bsp/mcu/all/bsp_rom_registers.o
                0x0300a284                        . = PROJECT_SECURE_OR_FLAT?(__OPTION_SETTING_S_Start + 0x84):__OPTION_SETTING_S_Start
 *(.option_setting_ofs3_sel)
                0x0300a290                        . = PROJECT_SECURE_OR_FLAT?(__OPTION_SETTING_S_Start + 0x90):__OPTION_SETTING_S_Start