Archive member included to satisfy reference by file (symbol)

/home/rishi/renesas/ra/e2studio_v2025-04_fsp_v5.9.0/toolchains/gcc_arm/arm-gnu-toolchain-13.2.Rel1-x86_64-arm-none-eabi/bin/../lib/gcc/arm-none-eabi/13.2.1/../../../../arm-none-eabi/lib/thumb/v8-m.main+dp/hard/libg_nano.a(libc_a-exit.o)
                              /home/rishi/renesas/ra/e2studio_v2025-04_fsp_v5.9.0/toolchains/gcc_arm/arm-gnu-toolchain-13.2.Rel1-x86_64-arm-none-eabi/bin/../lib/gcc/arm-none-eabi/13.2.1/../../../../arm-none-eabi/lib/thumb/v8-m.main+dp/hard/rdimon-crt0.o (exit)
/home/rishi/renesas/ra/e2studio_v2025-04_fsp_v5.9.0/toolchains/gcc_arm/arm-gnu-toolchain-13.2.Rel1-x86_64-arm-none-eabi/bin/../lib/gcc/arm-none-eabi/13.2.1/../../../../arm-none-eabi/lib/thumb/v8-m.main+dp/hard/libg_nano.a(libc_a-init.o)
                              /home/rishi/renesas/ra/e2studio_v2025-04_fsp_v5.9.0/toolchains/gcc_arm/arm-gnu-toolchain-13.2.Rel1-x86_64-arm-none-eabi/bin/../lib/gcc/arm-none-eabi/13.2.1/../../../../arm-none-eabi/lib/thumb/v8-m.main+dp/hard/rdimon-crt0.o (__libc_init_array)
/home/rishi/renesas/ra/e2studio_v2025-04_fsp_v5.9.0/toolchains/gcc_arm/arm-gnu-toolchain-13.2.Rel1-x86_64-arm-none-eabi/bin/../lib/gcc/arm-none-eabi/13.2.1/../../../../arm-none-eabi/lib/thumb/v8-m.main+dp/hard/libg_nano.a(libc_a-printf.o)
                              ./src/cognitiveCLASSIFIER.o (printf)
/home/rishi/renesas/ra/e2studio_v2025-04_fsp_v5.9.0/toolchains/gcc_arm/arm-gnu-toolchain-13.2.Rel1-x86_64-arm-none-eabi/bin/../lib/gcc/arm-none-eabi/13.2.1/../../../../arm-none-eabi/lib/thumb/v8-m.main+dp/hard/libg_nano.a(libc_a-nano-vfprintf.o)
                              /home/rishi/renesas/ra/e2studio_v2025-04_fsp_v5.9.0/toolchains/gcc_arm/arm-gnu-toolchain-13.2.Rel1-x86_64-arm-none-eabi/bin/../lib/gcc/arm-none-eabi/13.2.1/../../../../arm-none-eabi/lib/thumb/v8-m.main+dp/hard/libg_nano.a(libc_a-printf.o) (_vfprintf_r)
/home/rishi/renesas/ra/e2studio_v2025-04_fsp_v5.9.0/toolchains/gcc_arm/arm-gnu-toolchain-13.2.Rel1-x86_64-arm-none-eabi/bin/../lib/gcc/arm-none-eabi/13.2.1/../../../../arm-none-eabi/lib/thumb/v8-m.main+dp/hard/libg_nano.a(libc_a-wbuf.o)
                              /home/rishi/renesas/ra/e2studio_v2025-04_fsp_v5.9.0/toolchains/gcc_arm/arm-gnu-toolchain-13.2.Rel1-x86_64-arm-none-eabi/bin/../lib/gcc/arm-none-eabi/13.2.1/../../../../arm-none-eabi/lib/thumb/v8-m.main+dp/hard/libg_nano.a(libc_a-nano-vfprintf.o) (__swbuf_r)
/home/rishi/renesas/ra/e2studio_v2025-04_fsp_v5.9.0/toolchains/gcc_arm/arm-gnu-toolchain-13.2.Rel1-x86_64-arm-none-eabi/bin/../lib/gcc/arm-none-eabi/13.2.1/../../../../arm-none-eabi/lib/thumb/v8-m.main+dp/hard/libg_nano.a(libc_a-wsetup.o)
                              /home/rishi/renesas/ra/e2studio_v2025-04_fsp_v5.9.0/toolchains/gcc_arm/arm-gnu-toolchain-13.2.Rel1-x86_64-arm-none-eabi/bin/../lib/gcc/arm-none-eabi/13.2.1/../../../../arm-none-eabi/lib/thumb/v8-m.main+dp/hard/libg_nano.a(libc_a-nano-vfprintf.o) (__swsetup_r)
/home/rishi/renesas/ra/e2studio_v2025-04_fsp_v5.9.0/toolchains/gcc_arm/arm-gnu-toolchain-13.2.Rel1-x86_64-arm-none-eabi/bin/../lib/gcc/arm-none-eabi/13.2.1/../../../../arm-none-eabi/lib/thumb/v8-m.main+dp/hard/libg_nano.a(libc_a-nano-vfprintf_i.o)
                              /home/rishi/renesas/ra/e2studio_v2025-04_fsp_v5.9.0/toolchains/gcc_arm/arm-gnu-toolchain-13.2.Rel1-x86_64-arm-none-eabi/bin/../lib/gcc/arm-none-eabi/13.2.1/../../../../arm-none-eabi/lib/thumb/v8-m.main+dp/hard/libg_nano.a(libc_a-nano-vfprintf.o) (_printf_i)
/home/rishi/renesas/ra/e2studio_v2025-04_fsp_v5.9.0/toolchains/gcc_arm/arm-gnu-toolchain-13.2.Rel1-x86_64-arm-none-eabi/bin/../lib/gcc/arm-none-eabi/13.2.1/../../../../arm-none-eabi/lib/thumb/v8-m.main+dp/hard/libg_nano.a(libc_a-puts.o)
                              ./src/cognitiveCLASSIFIER.o (puts)
/home/rishi/renesas/ra/e2studio_v2025-04_fsp_v5.9.0/toolchains/gcc_arm/arm-gnu-toolchain-13.2.Rel1-x86_64-arm-none-eabi/bin/../lib/gcc/arm-none-eabi/13.2.1/../../../../arm-none-eabi/lib/thumb/v8-m.main+dp/hard/libg_nano.a(libc_a-reent.o)
                              ./ra/fsp/src/bsp/mcu/all/bsp_sbrk.o (errno)
/home/rishi/renesas/ra/e2studio_v2025-04_fsp_v5.9.0/toolchains/gcc_arm/arm-gnu-toolchain-13.2.Rel1-x86_64-arm-none-eabi/bin/../lib/gcc/arm-none-eabi/13.2.1/../../../../arm-none-eabi/lib/thumb/v8-m.main+dp/hard/libg_nano.a(libc_a-impure.o)
                              /home/rishi/renesas/ra/e2studio_v2025-04_fsp_v5.9.0/toolchains/gcc_arm/arm-gnu-toolchain-13.2.Rel1-x86_64-arm-none-eabi/bin/../lib/gcc/arm-none-eabi/13.2.1/../../../../arm-none-eabi/lib/thumb/v8-m.main+dp/hard/libg_nano.a(libc_a-printf.o) (_impure_ptr)
/home/rishi/renesas/ra/e2studio_v2025-04_fsp_v5.9.0/toolchains/gcc_arm/arm-gnu-toolchain-13.2.Rel1-x86_64-arm-none-eabi/bin/../lib/gcc/arm-none-eabi/13.2.1/../../../../arm-none-eabi/lib/thumb/v8-m.main+dp/hard/libg_nano.a(libc_a-fflush.o)
[...]
Memory Configuration

Name             Origin             Length             Attributes
ITCM             0x00000000         0x00010000         xr
DTCM             0x20000000         0x00010000         xrw
FLASH            0x02000000         0x001f8000         xr
RAM              0x22000000         0x000e0000         xrw
DATA_FLASH       0x27000000         0x00003000         xr
QSPI_FLASH       0x60000000         0x00000000         xr
OSPI_DEVICE_0    0x80000000         0x10000000         xr
OSPI_DEVICE_1    0x90000000         0x10000000         xr
OSPI_DEVICE_0_RAM 0x80000000         0x10000000         xrw
OSPI_DEVICE_1_RAM 0x90000000         0x10000000         xrw
SDRAM            0x68000000         0x08000000         xrw
OPTION_SETTING   0x0300a100         0x00000100         r
OPTION_SETTING_OFS 0x0300a100         0x00000018         r
OPTION_SETTING_SAS 0x0300a134         0x000000cc         r
OPTION_SETTING_S 0x0300a200         0x00000100         r
OPTION_SETTING_DATA_FLASH_S 0x27030080         0x00000800         r
ID_CODE          0x00000000         0x00000000         xr
*default*        0x00000000         0xffffffff

Linker script and memory map

LOAD /home/rishi/renesas/ra/e2studio_v2025-04_fsp_v5.9.0/toolchains/gcc_arm/arm-gnu-toolchain-13.2.Rel1-x86_64-arm-none-eabi/bin/../lib/gcc/arm-none-eabi/13.2.1/thumb/v8-m.main+dp/hard/crti.o
LOAD /home/rishi/renesas/ra/e2studio_v2025-04_fsp_v5.9.0/toolchains/gcc_arm/arm-gnu-toolchain-13.2.Rel1-x86_64-arm-none-eabi/bin/../lib/gcc/arm-none-eabi/13.2.1/thumb/v8-m.main+dp/hard/crtbegin.o
LOAD /home/rishi/renesas/ra/e2studio_v2025-04_fsp_v5.9.0/toolchains/gcc_arm/arm-gnu-toolchain-13.2.Rel1-x86_64-arm-none-eabi/bin/../lib/gcc/arm-none-eabi/13.2.1/../../../../arm-none-eabi/lib/thumb/v8-m.main+dp/hard/rdimon-crt0.o
START GROUP
LOAD ./src/cognitiveCLASSIFIER.o
LOAD ./src/communicationN8N.o
LOAD ./src/eegACQUISITION.o
LOAD ./src/hal_entry.o
LOAD ./src/hapticFEEDBACK.o
LOAD ./src/mtk3INTEGRATION.o
LOAD ./src/mtk3_stubs.o
LOAD ./src/powerMANAGEMENT.o
LOAD ./src/semaphoresGLOBAL.o
LOAD ./src/shravyaMAIN.o
LOAD ./src/signalPROCESSING.o
LOAD ./ra_gen/common_data.o
LOAD ./ra_gen/hal_data.o
LOAD ./ra_gen/main.o
LOAD ./ra_gen/pin_data.o
LOAD ./ra_gen/vector_data.o
LOAD ./ra/fsp/src/r_ssi/r_ssi.o
LOAD ./ra/fsp/src/r_spi_b/r_spi_b.o
LOAD ./ra/fsp/src/r_ioport/r_ioport.o
LOAD ./ra/fsp/src/r_icu/r_icu.o
LOAD ./ra/fsp/src/r_ether_phy/targets/KSZ8091RNB/r_ether_phy_target_ksz8091rnb.o
LOAD ./ra/fsp/src/r_ether_phy/targets/KSZ8041/r_ether_phy_target_ksz8041.o
LOAD ./ra/fsp/src/r_ether_phy/targets/ICS1894/r_ether_phy_target_ics1894.o
LOAD ./ra/fsp/src/r_ether_phy/targets/DP83620/r_ether_phy_target_dp83620.o
LOAD ./ra/fsp/src/r_ether_phy/r_ether_phy.o
LOAD ./ra/fsp/src/r_dtc/r_dtc.o
LOAD ./ra/fsp/src/bsp/mcu/all/bsp_clocks.o
LOAD ./ra/fsp/src/bsp/mcu/all/bsp_common.o
LOAD ./ra/fsp/src/bsp/mcu/all/bsp_delay.o
LOAD ./ra/fsp/src/bsp/mcu/all/bsp_group_irq.o
LOAD ./ra/fsp/src/bsp/mcu/all/bsp_guard.o
LOAD ./ra/fsp/src/bsp/mcu/all/bsp_io.o
LOAD ./ra/fsp/src/bsp/mcu/all/bsp_irq.o
LOAD ./ra/fsp/src/bsp/mcu/all/bsp_macl.o
LOAD ./ra/fsp/src/bsp/mcu/all/bsp_register_protection.o
LOAD ./ra/fsp/src/bsp/mcu/all/bsp_rom_registers.o
LOAD ./ra/fsp/src/bsp/mcu/all/bsp_sbrk.o
LOAD ./ra/fsp/src/bsp/mcu/all/bsp_sdram.o
LOAD ./ra/fsp/src/bsp/mcu/all/bsp_security.o
LOAD ./ra/fsp/src/bsp/cmsis/Device/RENESAS/Source/startup.o
LOAD ./ra/fsp/src/bsp/cmsis/Device/RENESAS/Source/system.o
LOAD ./ra/board/ra8d1_ek/board_init.o
LOAD ./ra/board/ra8d1_ek/board_leds.o
END GROUP
START GROUP
LOAD /home/rishi/renesas/ra/e2studio_v2025-04_fsp_v5.9.0/toolchains/gcc_arm/arm-gnu-toolchain-13.2.Rel1-x86_64-arm-none-eabi/bin/../lib/gcc/arm-none-eabi/13.2.1/thumb/v8-m.main+dp/hard/libgcc.a
LOAD /home/rishi/renesas/ra/e2studio_v2025-04_fsp_v5.9.0/toolchains/gcc_arm/arm-gnu-toolchain-13.2.Rel1-x86_64-arm-none-eabi/bin/../lib/gcc/arm-none-eabi/13.2.1/../../../../arm-none-eabi/lib/thumb/v8-m.main+dp/hard/libg_nano.a
LOAD /home/rishi/renesas/ra/e2studio_v2025-04_fsp_v5.9.0/toolchains/gcc_arm/arm-gnu-toolchain-13.2.Rel1-x86_64-arm-none-eabi/bin/../lib/gcc/arm-none-eabi/13.2.1/../../../../arm-none-eabi/lib/thumb/v8-m.main+dp/hard/libc_nano.a
END GROUP
START GROUP
LOAD /home/rishi/renesas/ra/e2studio_v2025-04_fsp_v5.9.0/toolchains/gcc_arm/arm-gnu-toolchain-13.2.Rel1-x86_64-arm-none-eabi/bin/../lib/gcc/arm-none-eabi/13.2.1/thumb/v8-m.main+dp/hard/libgcc.a
LOAD /home/rishi/renesas/ra/e2studio_v2025-04_fsp_v5.9.0/toolchains/gcc_arm/arm-gnu-toolchain-13.2.Rel1-x86_64-arm-none-eabi/bin/../lib/gcc/arm-none-eabi/13.2.1/../../../../arm-none-eabi/lib/thumb/v8-m.main+dp/hard/libc_nano.a
LOAD /home/rishi/renesas/ra/e2studio_v2025-04_fsp_v5.9.0/toolchains/gcc_arm/arm-gnu-toolchain-13.2.Rel1-x86_64-arm-none-eabi/bin/../lib/gcc/arm-none-eabi/13.2.1/../../../../arm-none-eabi/lib/thumb/v8-m.main+dp/hard/librdimon_nano.a
END GROUP
START GROUP
LOAD /home/rishi/renesas/ra/e2studio_v2025-04_fsp_v5.9.0/toolchains/gcc_arm/arm-gnu-toolchain-13.2.Rel1-x86_64-arm-none-eabi/bin/../lib/gcc/arm-none-eabi/13.2.1/thumb/v8-m.main+dp/hard/libgcc.a
LOAD /home/rishi/renesas/ra/e2studio_v2025-04_fsp_v5.9.0/toolchains/gcc_arm/arm-gnu-toolchain-13.2.Rel1-x86_64-arm-none-eabi/bin/../lib/gcc/arm-none-eabi/13.2.1/../../../../arm-none-eabi/lib/thumb/v8-m.main+dp/hard/libc_nano.a
LOAD /home/rishi/renesas/ra/e2studio_v2025-04_fsp_v5.9.0/toolchains/gcc_arm/arm-gnu-toolchain-13.2.Rel1-x86_64-arm-none-eabi/bin/../lib/gcc/arm-none-eabi/13.2.1/../../../../arm-none-eabi/lib/thumb/v8-m.main+dp/hard/librdimon_nano.a
END GROUP
LOAD /home/rishi/renesas/ra/e2studio_v2025-04_fsp_v5.9.0/toolchains/gcc_arm/arm-gnu-toolchain-13.2.Rel1-x86_64-arm-none-eabi/bin/../lib/gcc/arm-none-eabi/13.2.1/thumb/v8-m.main+dp/hard/crtend.o
LOAD /home/rishi/renesas/ra/e2studio_v2025-04_fsp_v5.9.0/toolchains/gcc_arm/arm-gnu-toolchain-13.2.Rel1-x86_64-arm-none-eabi/bin/../lib/gcc/arm-none-eabi/13.2.1/thumb/v8-m.main+dp/hard/crtn.o
                0x22000000                        RAM_START = 0x22000000
                0x000e0000                        RAM_LENGTH = 0xe0000
                0x02000000                        FLASH_START = 0x2000000
                0x001f8000                        FLASH_LENGTH = 0x1f8000
                0x27000000                        DATA_FLASH_START = 0x27000000
                0x00003000                        DATA_FLASH_LENGTH = 0x3000
                0x0300a100                        OPTION_SETTING_START = 0x300a100
                0x00000100                        OPTION_SETTING_LENGTH = 0x100
                0x0300a200                        OPTION_SETTING_S_START = 0x300a200
                0x00000100                        OPTION_SETTING_S_LENGTH = 0x100
                0x27030080                        OPTION_SETTING_DATA_FLASH_S_START = 0x27030080
                0x00000800                        OPTION_SETTING_DATA_FLASH_S_LENGTH = 0x800
                0x00000000                        ID_CODE_START = 0x0
                0x00000000                        ID_CODE_LENGTH = 0x0
                0x68000000                        SDRAM_START = 0x68000000
                0x08000000                        SDRAM_LENGTH = 0x8000000
                0x60000000                        QSPI_FLASH_START = 0x60000000
                0x00000000                        QSPI_FLASH_LENGTH = 0x0
                0x80000000                        OSPI_DEVICE_0_START = 0x80000000
                0x10000000                        OSPI_DEVICE_0_LENGTH = 0x10000000
                0x90000000                        OSPI_DEVICE_1_START = 0x90000000
                0x10000000                        OSPI_DEVICE_1_LENGTH = 0x10000000
                0x00000000                        ITCM_START = 0x0
                0x00010000                        ITCM_LENGTH = 0x10000
                0x20000000                        DTCM_START = 0x20000000
                0x00010000                        DTCM_LENGTH = 0x10000
                0x10000000                        NS_OFFSET_START = 0x10000000
                0x00000000                        NS_OFFSET_LENGTH = 0x0
                0x00000000                        QSPI_FLASH_PRV_LENGTH = DEFINED (QSPI_FLASH_SIZE)?ABSOLUTE (QSPI_FLASH_SIZE):ABSOLUTE (QSPI_FLASH_LENGTH)
                0x10000000                        OSPI_DEVICE_0_PRV_LENGTH = DEFINED (OSPI_DEVICE_0_SIZE)?ABSOLUTE (OSPI_DEVICE_0_SIZE):ABSOLUTE (OSPI_DEVICE_0_LENGTH)
                0x10000000                        OSPI_DEVICE_1_PRV_LENGTH = DEFINED (OSPI_DEVICE_1_SIZE)?ABSOLUTE (OSPI_DEVICE_1_SIZE):ABSOLUTE (OSPI_DEVICE_1_LENGTH)
                0x00000000                        __RESERVE_NS_RAM = ((! (DEFINED (PROJECT_NONSECURE)) && DEFINED (RAM_NS_BUFFER_LENGTH)) && (OPTION_SETTING_S_LENGTH != 0x0))
                0x00000000                        ITCM_START = DEFINED (ITCM_START)?ITCM_START:0x0
                0x00010000                        ITCM_LENGTH = DEFINED (ITCM_LENGTH)?ITCM_LENGTH:0x0
                0x20000000                        DTCM_START = DEFINED (DTCM_START)?DTCM_START:0x0
                0x00010000                        DTCM_LENGTH = DEFINED (DTCM_LENGTH)?DTCM_LENGTH:0x0
                0x00000000                        RAM_NS_BUFFER_BLOCK_LENGTH = DEFINED (RAM_NS_BUFFER_LENGTH)?ALIGN (RAM_NS_BUFFER_LENGTH, 0x2000):0x0
                0x00000000                        RAM_NS_BUFFER_LENGTH = DEFINED (RAM_NS_BUFFER_LENGTH)?RAM_NS_BUFFER_LENGTH:0x0
                0x220e0000                        RAM_NS_BUFFER_START = ((RAM_START + RAM_LENGTH) - RAM_NS_BUFFER_LENGTH)
                0x220e0000                        RAM_NS_BUFFER_BLOCK_START = ((RAM_START + RAM_LENGTH) - RAM_NS_BUFFER_BLOCK_LENGTH)
                0x0300a180                        OPTION_SETTING_START_NS = DEFINED (PROJECT_NONSECURE)?OPTION_SETTING_START:(OPTION_SETTING_START + 0x80)
                0x27030080                        OPTION_SETTING_DATA_FLASH_S_START = DEFINED (OPTION_SETTING_DATA_FLASH_S_START)?OPTION_SETTING_DATA_FLASH_S_START:0x0
                0x00000800                        OPTION_SETTING_DATA_FLASH_S_LENGTH = DEFINED (OPTION_SETTING_DATA_FLASH_S_LENGTH)?OPTION_SETTING_DATA_FLASH_S_LENGTH:0x0
                0x00000001                        __bl_FSP_BOOTABLE_IMAGE = 0x1
                0x00000001                        __bln_FSP_BOOTABLE_IMAGE = 0x1
                0x00000001                        PROJECT_SECURE_OR_FLAT = (((! (DEFINED (PROJECT_NONSECURE)) || DEFINED (PROJECT_SECURE)) && OPTION_SETTING_LENGTH) && ! (DEFINED (FSP_BOOTABLE_IMAGE)))
                0x00000000                        USE_OPTION_SETTING_NS = (DEFINED (PROJECT_NONSECURE) && ! (DEFINED (FSP_BOOTABLE_IMAGE)))
                0x00000001                        USE_OPTION_SETTING_DATA_FLASH = (PROJECT_SECURE_OR_FLAT && (OPTION_SETTING_DATA_FLASH_S_LENGTH != 0x0))
                0x00000000                        __bl_FLASH_IMAGE_START = ! (DEFINED (FLASH_BOOTLOADER_LENGTH))?0x0:(FLASH_APPLICATION_IMAGE_NUMBER == 0x1)?((FLASH_START + FLASH_BOOTLOADER_LENGTH) + FLASH_BOOTLOADER_HEADER_LENGTH):(DEFINED (BOOTLOADER_SECONDARY_USE_QSPI) || DEFINED (BOOTLOADER_SECONDARY_USE_OSPI_B))?(((FLASH_START + FLASH_BOOTLOADER_LENGTH) + FLASH_BOOTLOADER_SCRATCH_LENGTH) + FLASH_BOOTLOADER_HEADER_LENGTH):((((FLASH_START + FLASH_BOOTLOADER_LENGTH) + FLASH_BOOTLOADER_SCRATCH_LENGTH) + FLASH_APPLICATION_S_LENGTH) + FLASH_BOOTLOADER_HEADER_LENGTH)
                0x00000000                        __bl_FLASH_IMAGE_LENGTH = ! (DEFINED (FLASH_BOOTLOADER_LENGTH))?0x0:(FLASH_APPLICATION_S_LENGTH - FLASH_BOOTLOADER_HEADER_LENGTH)
                0x00000000                        __bl_FLASH_IMAGE_END = (__bl_FLASH_IMAGE_START + __bl_FLASH_IMAGE_LENGTH)
                0x00000000                        __bl_XIP_SECONDARY_FLASH_IMAGE_START = ! (DEFINED (FLASH_BOOTLOADER_LENGTH))?0x0:(((FLASH_START + FLASH_BOOTLOADER_LENGTH) + FLASH_APPLICATION_S_LENGTH) + FLASH_BOOTLOADER_HEADER_LENGTH)
                0x00000000                        __bl_XIP_SECONDARY_FLASH_IMAGE_END = (__bl_XIP_SECONDARY_FLASH_IMAGE_START + __bl_FLASH_IMAGE_LENGTH)
                0x00000000                        __bl_FLASH_IMAGE_START_FROM_MMF_REGION = DEFINED (BOOT_IMAGE_FROM_MMF_REGION)?BOOT_IMAGE_FROM_MMF_REGION:0x0
                0x00000000                        __bl_MEMORY_MIRROR_REGION_START = DEFINED (MMF_REGION_START_ADDR)?MMF_REGION_START_ADDR:0x0
                0x00000000                        __bl_FLASH_NS_START = ! (DEFINED (FLASH_BOOTLOADER_LENGTH))?0x0:(FLASH_APPLICATION_NS_LENGTH == 0x0)?__bl_FLASH_IMAGE_END:((__bl_FLASH_IMAGE_START - FLASH_BOOTLOADER_HEADER_LENGTH) + FLASH_APPLICATION_S_LENGTH)
                0x00000000                        __bl_FLASH_NSC_START = ! (DEFINED (FLASH_BOOTLOADER_LENGTH))?0x0:(FLASH_APPLICATION_NS_LENGTH == 0x0)?__bl_FLASH_IMAGE_END:(__bl_FLASH_IMAGE_END - FLASH_APPLICATION_NSC_LENGTH)
                0x00000000                        __bl_RAM_NS_START = ! (DEFINED (FLASH_BOOTLOADER_LENGTH))?0x0:(FLASH_APPLICATION_NS_LENGTH == 0x0)?(RAM_START + RAM_LENGTH):((RAM_START + RAM_LENGTH) - RAM_APPLICATION_NS_LENGTH)
                0x00000000                        __bl_RAM_NSC_START = ! (DEFINED (FLASH_BOOTLOADER_LENGTH))?0x0:(FLASH_APPLICATION_NS_LENGTH == 0x0)?(RAM_START + RAM_LENGTH):(__bl_RAM_NS_START - RAM_APPLICATION_NSC_LENGTH)
                0x00000000                        __bl_FLASH_NS_IMAGE_START = ! (DEFINED (FLASH_BOOTLOADER_LENGTH))?0x0:(FLASH_APPLICATION_NS_LENGTH == 0x0)?__bl_FLASH_IMAGE_END:(__bl_FLASH_NS_START + FLASH_BOOTLOADER_HEADER_LENGTH_2)
                0x10000000                        __bln_FLASH_IMAGE_START = (__bl_FLASH_NS_IMAGE_START | ! (DEFINED (NS_OFFSET_START))?0x0:NS_OFFSET_START)
                0x00000000                        __bln_FLASH_IMAGE_LENGTH = ! (DEFINED (FLASH_BOOTLOADER_LENGTH))?0x0:(FLASH_APPLICATION_NS_LENGTH == 0x0)?__bl_FLASH_IMAGE_END:(FLASH_APPLICATION_NS_LENGTH - FLASH_BOOTLOADER_HEADER_LENGTH_2)
                0x00000000                        XIP_SECONDARY_SLOT_IMAGE = DEFINED (XIP_SECONDARY_SLOT_IMAGE)?XIP_SECONDARY_SLOT_IMAGE:0x0
                0x00000000                        FLASH_IMAGE_START_FROM_MMF_REGION = ! (DEFINED (FLASH_IMAGE_START_FROM_MMF_REGION))?0x0:FLASH_IMAGE_START_FROM_MMF_REGION
                0x00000000                        MEMORY_MIRROR_REGION_START = ! (DEFINED (MEMORY_MIRROR_REGION_START))?0x0:MEMORY_MIRROR_REGION_START
                0x02000000                        FLASH_ORIGIN = ! (DEFINED (FLASH_IMAGE_START))?FLASH_START:(XIP_SECONDARY_SLOT_IMAGE == 0x1)?XIP_SECONDARY_FLASH_IMAGE_START:(FLASH_IMAGE_START_FROM_MMF_REGION == 0x1)?MEMORY_MIRROR_REGION_START:FLASH_IMAGE_START
                0x001f8000                        LIMITED_FLASH_LENGTH = DEFINED (FLASH_IMAGE_LENGTH)?FLASH_IMAGE_LENGTH:DEFINED (FLASH_BOOTLOADER_LENGTH)?FLASH_BOOTLOADER_LENGTH:FLASH_LENGTH
                0x00000034                        OPTION_SETTING_SAS_SIZE = 0x34
                0x000000cc                        OPTION_SETTING_SAS_LENGTH = ! (DEFINED (OPTION_SETTING_LENGTH))?0x0:(OPTION_SETTING_LENGTH == 0x0)?0x0:(OPTION_SETTING_LENGTH - OPTION_SETTING_SAS_SIZE)
START GROUP
LOAD /home/rishi/renesas/ra/e2studio_v2025-04_fsp_v5.9.0/toolchains/gcc_arm/arm-gnu-toolchain-13.2.Rel1-x86_64-arm-none-eabi/bin/../lib/gcc/arm-none-eabi/13.2.1/thumb/v8-m.main+dp/hard/libgcc.a
LOAD /home/rishi/renesas/ra/e2studio_v2025-04_fsp_v5.9.0/toolchains/gcc_arm/arm-gnu-toolchain-13.2.Rel1-x86_64-arm-none-eabi/bin/../lib/gcc/arm-none-eabi/13.2.1/../../../../arm-none-eabi/lib/thumb/v8-m.main+dp/hard/libc.a
LOAD /home/rishi/renesas/ra/e2studio_v2025-04_fsp_v5.9.0/toolchains/gcc_arm/arm-gnu-toolchain-13.2.Rel1-x86_64-arm-none-eabi/bin/../lib/gcc/arm-none-eabi/13.2.1/../../../../arm-none-eabi/lib/thumb/v8-m.main+dp/hard/libm.a
END GROUP

.text           0x02000000     0xd94c
                0x02000000                        __tz_FLASH_S = ABSOLUTE (FLASH_START)
                0x02000000                        __ROM_Start = .
 *(.fixed_vectors*)
 .fixed_vectors
                0x02000000       0x40 ./ra/fsp/src/bsp/cmsis/Device/RENESAS/Source/startup.o
                0x02000000                __Vectors
 *(.application_vectors*)
 .application_vectors
                0x02000040       0x1c ./ra_gen/vector_data.o
                0x02000040                g_vector_table
                0x0200005c                        __Vectors_End = .
 *(.flash_gap*)
                0x0200005c                        . = (OPTION_SETTING_LENGTH > 0x0)?.:(__ROM_Start + 0x400)
 *(.rom_registers*)
 *(.mcuboot_sce9_key*)
 *(.text*)
 .text.deregister_tm_clones
                0x0200005c       0x1c /home/rishi/renesas/ra/e2studio_v2025-04_fsp_v5.9.0/toolchains/gcc_arm/arm-gnu-toolchain-13.2.Rel1-x86_64-arm-none-eabi/bin/../lib/gcc/arm-none-eabi/13.2.1/thumb/v8-m.main+dp/hard/crtbegin.o
 .text.register_tm_clones
                0x02000078       0x28 /home/rishi/renesas/ra/e2studio_v2025-04_fsp_v5.9.0/toolchains/gcc_arm/arm-gnu-toolchain-13.2.Rel1-x86_64-arm-none-eabi/bin/../lib/gcc/arm-none-eabi/13.2.1/thumb/v8-m.main+dp/hard/crtbegin.o
 .text.__do_global_dtors_aux
                0x020000a0       0x28 /home/rishi/renesas/ra/e2studio_v2025-04_fsp_v5.9.0/toolchains/gcc_arm/arm-gnu-toolchain-13.2.Rel1-x86_64-arm-none-eabi/bin/../lib/gcc/arm-none-eabi/13.2.1/thumb/v8-m.main+dp/hard/crtbegin.o
 .text.frame_dummy
                0x020000c8       0x24 /home/rishi/renesas/ra/e2studio_v2025-04_fsp_v5.9.0/toolchains/gcc_arm/arm-gnu-toolchain-13.2.Rel1-x86_64-arm-none-eabi/bin/../lib/gcc/arm-none-eabi/13.2.1/thumb/v8-m.main+dp/hard/crtbegin.o
 .text.compute_fft
                0x020000ec       0xd0 ./src/cognitiveCLASSIFIER.o
 .text.cognitive_classifier_init
                0x020001bc      0x130 ./src/cognitiveCLASSIFIER.o
                0x020001bc                cognitive_classifier_init
 .text.extract_frequency_features
                0x020002ec      0x224 ./src/cognitiveCLASSIFIER.o
                0x020002ec                extract_frequency_features
 .text.extract_time_domain_features
                0x02000510      0x370 ./src/cognitiveCLASSIFIER.o
                0x02000510                extract_time_domain_features
 .text.extract_coherence_features
                0x02000880       0xf0 ./src/cognitiveCLASSIFIER.o
                0x02000880                extract_coherence_features
 .text.extract_quality_features
                0x02000970       0x64 ./src/cognitiveCLASSIFIER.o
                0x02000970                extract_quality_features
 .text.forward_propagation
                0x020009d4      0x198 ./src/cognitiveCLASSIFIER.o
                0x020009d4                forward_propagation
 .text.determine_dominant_state
                0x02000b6c       0x2c ./src/cognitiveCLASSIFIER.o
                0x02000b6c                determine_dominant_state
 .text.intervention_required
                0x02000b98       0x64 ./src/cognitiveCLASSIFIER.o
                0x02000b98                intervention_required
 *fill*         0x02000bfc        0x4 ff
 .text.task_feature_extraction_entry
                0x02000c00      0x22c ./src/cognitiveCLASSIFIER.o
                0x02000c00                task_feature_extraction_entry
 .text.task_classification_entry
                0x02000e2c      0x344 ./src/cognitiveCLASSIFIER.o
                0x02000e2c                task_classification_entry
 .text.get_classification_result
                0x02001170       0x3c ./src/cognitiveCLASSIFIER.o
                0x02001170                get_classification_result
 .text.get_feature_vector
                0x020011ac       0x18 ./src/cognitiveCLASSIFIER.o
                0x020011ac                get_feature_vector
 .text.handle_intervention_trigger
                0x020011c4       0x5c ./src/cognitiveCLASSIFIER.o
                0x020011c4                handle_intervention_trigger
 .text.communication_init
                0x02001220       0xa0 ./src/communicationN8N.o
                0x02001220                communication_init
 .text.build_n8n_json_payload
                0x020012c0       0xe4 ./src/communicationN8N.o
                0x020012c0                build_n8n_json_payload
 .text.send_to_n8n_webhook
                0x020013a4       0xd4 ./src/communicationN8N.o
                0x020013a4                send_to_n8n_webhook
 .text.task_communication_entry
                0x02001478      0x4b0 ./src/communicationN8N.o
                0x02001478                task_communication_entry
 .text.pure_gpio_read_byte
                0x02001928       0xdc ./src/eegACQUISITION.o
 .text.configure_pure_gpio_spi
                0x02001a04       0x88 ./src/eegACQUISITION.o
                0x02001a04                configure_pure_gpio_spi
 .text.pure_gpio_write_byte
                0x02001a8c       0xc0 ./src/eegACQUISITION.o
                0x02001a8c                pure_gpio_write_byte
 .text.ads1263_dual_channel_read.constprop.0
                0x02001b4c      0x3b4 ./src/eegACQUISITION.o
 .text.bitbang_write_register
                0x02001f00       0xc8 ./src/eegACQUISITION.o
                0x02001f00                bitbang_write_register
 .text.eeg_acquisition_init
                0x02001fc8      0x8ac ./src/eegACQUISITION.o
                0x02001fc8                eeg_acquisition_init
 .text.task_eeg_acquisition_entry
                0x02002874      0x2a0 ./src/eegACQUISITION.o
                0x02002874                task_eeg_acquisition_entry
 .text.ads1263_drdy_callback
                0x02002b14       0x20 ./src/eegACQUISITION.o
                0x02002b14                ads1263_drdy_callback
 .text.eeg_get_samples
                0x02002b34       0x98 ./src/eegACQUISITION.o
                0x02002b34                eeg_get_samples
 .text.spi_callback
                0x02002bcc        0x4 ./src/hal_entry.o
                0x02002bcc                spi_callback
 .text.hal_entry
                0x02002bd0      0x3c0 ./src/hal_entry.o
                0x02002bd0                hal_entry
 .text.R_BSP_WarmStart
                0x02002f90       0x18 ./src/hal_entry.o
                0x02002f90                R_BSP_WarmStart
 .text.start_intervention_pattern
                0x02002fa8       0xc0 ./src/hapticFEEDBACK.o
 .text.haptic_feedback_init
                0x02003068      0x314 ./src/hapticFEEDBACK.o
                0x02003068                haptic_feedback_init
 .text.task_haptic_feedback_entry
                0x0200337c      0x308 ./src/hapticFEEDBACK.o
                0x0200337c                task_haptic_feedback_entry
 .text.trigger_haptic_pattern
                0x02003684       0x34 ./src/hapticFEEDBACK.o
                0x02003684                trigger_haptic_pattern
 .text.get_haptic_statistics
                0x020036b8       0x28 ./src/hapticFEEDBACK.o
                0x020036b8                get_haptic_statistics
 .text.trigger_drowsiness_alert
                0x020036e0       0xd0 ./src/hapticFEEDBACK.o
                0x020036e0                trigger_drowsiness_alert
 .text.SysTick_Handler
                0x020037b0       0x40 ./src/mtk3_stubs.o
                0x020037b0                SysTick_Handler
 .text.tk_ini_ker
                0x020037f0       0xf8 ./src/mtk3_stubs.o
                0x020037f0                tk_ini_ker
 .text.tk_cre_tsk
                0x020038e8       0x80 ./src/mtk3_stubs.o
                0x020038e8                tk_cre_tsk
 .text.tk_sta_tsk
                0x02003968       0x3c ./src/mtk3_stubs.o
                0x02003968                tk_sta_tsk
 .text.tk_dly_tsk
                0x020039a4       0x40 ./src/mtk3_stubs.o
                0x020039a4                tk_dly_tsk
 .text.tk_ext_ker
                0x020039e4       0x84 ./src/mtk3_stubs.o
                0x020039e4                tk_ext_ker
 .text.tk_isig_sem
                0x02003a68       0x58 ./src/mtk3_stubs.o
                0x02003a68                tk_isig_sem
 .text.tk_cre_sem
                0x02003ac0       0x54 ./src/mtk3_stubs.o
                0x02003ac0                tk_cre_sem
 .text.tk_wai_sem
                0x02003b14       0x64 ./src/mtk3_stubs.o
                0x02003b14                tk_wai_sem
 .text.tk_sig_sem
                0x02003b78       0x34 ./src/mtk3_stubs.o
                0x02003b78                tk_sig_sem
 .text.tk_sus_tsk
                0x02003bac       0x38 ./src/mtk3_stubs.o
                0x02003bac                tk_sus_tsk
 .text.tk_rsm_tsk
                0x02003be4       0x3c ./src/mtk3_stubs.o
                0x02003be4                tk_rsm_tsk
 .text.tk_rel_wai
                0x02003c20       0x10 ./src/mtk3_stubs.o
                0x02003c20                tk_rel_wai
 .text.tk_get_tid
                0x02003c30       0x10 ./src/mtk3_stubs.o
                0x02003c30                tk_get_tid
 .text.power_management_init
                0x02003c40       0xac ./src/powerMANAGEMENT.o
                0x02003c40                power_management_init
 .text.get_power_statistics
                0x02003cec       0x40 ./src/powerMANAGEMENT.o
                0x02003cec                get_power_statistics
 .text.initialize_global_semaphores
                0x02003d2c      0x20c ./src/semaphoresGLOBAL.o
                0x02003d2c                initialize_global_semaphores
 .text.check_system_health
                0x02003f38      0x11c ./src/shravyaMAIN.o
 .text.task_shravya_main_entry
                0x02004054      0x240 ./src/shravyaMAIN.o
                0x02004054                task_shravya_main_entry
 .text.get_system_status
                0x02004294       0x2c ./src/shravyaMAIN.o
                0x02004294                get_system_status
 .text.process_biquad_cascade
                0x020042c0       0xc8 ./src/signalPROCESSING.o
 .text.init_filter_bank
                0x02004388      0x1f8 ./src/signalPROCESSING.o
 .text.signal_processing_init
                0x02004580       0x30 ./src/signalPROCESSING.o
                0x02004580                signal_processing_init
 .text.process_eeg_sample
                0x020045b0      0x27c ./src/signalPROCESSING.o
                0x020045b0                process_eeg_sample
 .text.process_eeg_samples_direct
                0x0200482c      0x1c8 ./src/signalPROCESSING.o
                0x0200482c                process_eeg_samples_direct
 .text.task_signal_processing_entry
                0x020049f4      0x22c ./src/signalPROCESSING.o
                0x020049f4                task_signal_processing_entry
 .text.extract_eeg_features_direct
                0x02004c20      0x1a0 ./src/signalPROCESSING.o
                0x02004c20                extract_eeg_features_direct
 .text.send_to_n8n_direct
                0x02004dc0      0x230 ./src/signalPROCESSING.o
                0x02004dc0                send_to_n8n_direct
 .text.classify_cognitive_state_direct
                0x02004ff0      0x108 ./src/signalPROCESSING.o
                0x02004ff0                classify_cognitive_state_direct
 .text.signal_processing_get_buffer
                0x020050f8       0x3c ./src/signalPROCESSING.o
                0x020050f8                signal_processing_get_buffer
 .text.startup.main
                0x02005134        0xc ./ra_gen/main.o
                0x02005134                main
 .text.r_ssi_stop_sub
                0x02005140       0x54 ./ra/fsp/src/r_ssi/r_ssi.o
 .text.r_ssi_fifo_read
                0x02005194       0xdc ./ra/fsp/src/r_ssi/r_ssi.o
 .text.r_ssi_call_callback
                0x02005270       0x38 ./ra/fsp/src/r_ssi/r_ssi.o
 .text.ssi_txi_isr
                0x020052a8      0x118 ./ra/fsp/src/r_ssi/r_ssi.o
                0x020052a8                ssi_txi_isr
 .text.ssi_int_isr
                0x020053c0       0x58 ./ra/fsp/src/r_ssi/r_ssi.o
                0x020053c0                ssi_int_isr
 .text.r_spi_b_call_callback
                0x02005418       0x40 ./ra/fsp/src/r_spi_b/r_spi_b.o
 .text.R_SPI_B_Open
                0x02005458      0x340 ./ra/fsp/src/r_spi_b/r_spi_b.o
                0x02005458                R_SPI_B_Open
 .text.spi_b_rxi_isr
                0x02005798       0x90 ./ra/fsp/src/r_spi_b/r_spi_b.o
                0x02005798                spi_b_rxi_isr
 .text.spi_b_txi_isr
                0x02005828       0xdc ./ra/fsp/src/r_spi_b/r_spi_b.o
                0x02005828                spi_b_txi_isr
 .text.spi_b_tei_isr
                0x02005904       0xd0 ./ra/fsp/src/r_spi_b/r_spi_b.o
                0x02005904                spi_b_tei_isr
 .text.spi_b_eri_isr
                0x020059d4       0xe0 ./ra/fsp/src/r_spi_b/r_spi_b.o
                0x020059d4                spi_b_eri_isr
 .text.R_IOPORT_PinRead
                0x02005ab4       0x24 ./ra/fsp/src/r_ioport/r_ioport.o
                0x02005ab4                R_IOPORT_PinRead
 .text.R_IOPORT_PinWrite
                0x02005ad8       0x28 ./ra/fsp/src/r_ioport/r_ioport.o
                0x02005ad8                R_IOPORT_PinWrite
 .text.bsp_vbatt_init
                0x02005b00       0xec ./ra/fsp/src/r_ioport/r_ioport.o
 .text.r_ioport_pins_config
                0x02005bec       0xac ./ra/fsp/src/r_ioport/r_ioport.o
 .text.R_IOPORT_Open
                0x02005c98       0x14 ./ra/fsp/src/r_ioport/r_ioport.o
                0x02005c98                R_IOPORT_Open
 .text.R_IOPORT_PinCfg
                0x02005cac       0xa8 ./ra/fsp/src/r_ioport/r_ioport.o
                0x02005cac                R_IOPORT_PinCfg
 .text.R_ICU_ExternalIrqOpen
                0x02005d54       0x84 ./ra/fsp/src/r_icu/r_icu.o
                0x02005d54                R_ICU_ExternalIrqOpen
 .text.R_ICU_ExternalIrqEnable
                0x02005dd8       0x44 ./ra/fsp/src/r_icu/r_icu.o
                0x02005dd8                R_ICU_ExternalIrqEnable
 .text.R_ICU_ExternalIrqCallbackSet
                0x02005e1c        0xc ./ra/fsp/src/r_icu/r_icu.o
                0x02005e1c                R_ICU_ExternalIrqCallbackSet
 .text.R_ICU_ExternalIrqClose
                0x02005e28       0x4c ./ra/fsp/src/r_icu/r_icu.o
                0x02005e28                R_ICU_ExternalIrqClose
 .text.r_icu_isr
                0x02005e74       0x78 ./ra/fsp/src/r_icu/r_icu.o
                0x02005e74                r_icu_isr
 .text.R_DTC_Reset
                0x02005eec       0x90 ./ra/fsp/src/r_dtc/r_dtc.o
                0x02005eec                R_DTC_Reset
 .text.R_DTC_SoftwareStart
                0x02005f7c        0x4 ./ra/fsp/src/r_dtc/r_dtc.o
                0x02005f7c                R_DTC_SoftwareStart
 .text.R_DTC_SoftwareStop
                0x02005f80        0x4 ./ra/fsp/src/r_dtc/r_dtc.o
                0x02005f80                R_DTC_SoftwareStop
 .text.R_DTC_Enable
                0x02005f84       0x20 ./ra/fsp/src/r_dtc/r_dtc.o
                0x02005f84                R_DTC_Enable
 .text.R_DTC_Disable
                0x02005fa4       0x20 ./ra/fsp/src/r_dtc/r_dtc.o
                0x02005fa4                R_DTC_Disable
 .text.R_DTC_InfoGet
                0x02005fc4       0x54 ./ra/fsp/src/r_dtc/r_dtc.o
                0x02005fc4                R_DTC_InfoGet
 .text.R_DTC_Reload
                0x02006018        0x4 ./ra/fsp/src/r_dtc/r_dtc.o
                0x02006018                R_DTC_Reload
 .text.R_DTC_CallbackSet
                0x0200601c        0x4 ./ra/fsp/src/r_dtc/r_dtc.o
                0x0200601c                R_DTC_CallbackSet
 .text.R_DTC_Close
                0x02006020       0x30 ./ra/fsp/src/r_dtc/r_dtc.o
                0x02006020                R_DTC_Close
 .text.R_DTC_Reconfigure
                0x02006050       0x8c ./ra/fsp/src/r_dtc/r_dtc.o
                0x02006050                R_DTC_Reconfigure
 .text.R_DTC_Open
                0x020060dc       0xc8 ./ra/fsp/src/r_dtc/r_dtc.o
                0x020060dc                R_DTC_Open
 .text.SystemCoreClockUpdate
                0x020061a4       0x8c ./ra/fsp/src/bsp/mcu/all/bsp_clocks.o
                0x020061a4                SystemCoreClockUpdate
 .text.R_BSP_SubClockStabilizeWaitAfterReset
                0x02006230        0x4 ./ra/fsp/src/bsp/mcu/all/bsp_clocks.o
                0x02006230                R_BSP_SubClockStabilizeWaitAfterReset
 *fill*         0x02006234        0x4 ff
 .text.bsp_clock_init
                0x02006238      0x150 ./ra/fsp/src/bsp/mcu/all/bsp_clocks.o
                0x02006238                bsp_clock_init
 .text.R_BSP_Init_RTC
                0x02006388       0xb0 ./ra/fsp/src/bsp/mcu/all/bsp_clocks.o
                0x02006388                R_BSP_Init_RTC
 .text.__assert_func
                0x02006438        0x4 ./ra/fsp/src/bsp/mcu/all/bsp_common.o
                0x02006438                __assert_func
 *fill*         0x0200643c        0x4 ff
 .text.bsp_prv_software_delay_loop
                0x02006440        0xc ./ra/fsp/src/bsp/mcu/all/bsp_delay.o
                0x02006440                bsp_prv_software_delay_loop
 .text.R_BSP_SoftwareDelay
                0x0200644c       0x80 ./ra/fsp/src/bsp/mcu/all/bsp_delay.o
                0x0200644c                R_BSP_SoftwareDelay
 .text.NMI_Handler
                0x020064cc       0x44 ./ra/fsp/src/bsp/mcu/all/bsp_group_irq.o
                0x020064cc                NMI_Handler
 .text.bsp_irq_cfg
                0x02006510       0x2c ./ra/fsp/src/bsp/mcu/all/bsp_irq.o
                0x02006510                bsp_irq_cfg
 .text.R_BSP_RegisterProtectEnable
                0x0200653c       0x60 ./ra/fsp/src/bsp/mcu/all/bsp_register_protection.o
                0x0200653c                R_BSP_RegisterProtectEnable
 .text.R_BSP_RegisterProtectDisable
                0x0200659c       0x54 ./ra/fsp/src/bsp/mcu/all/bsp_register_protection.o
                0x0200659c                R_BSP_RegisterProtectDisable
 .text._sbrk    0x020065f0       0x40 ./ra/fsp/src/bsp/mcu/all/bsp_sbrk.o
                0x020065f0                _sbrk
 .text.Default_Handler
                0x02006630        0x4 ./ra/fsp/src/bsp/cmsis/Device/RENESAS/Source/startup.o
                0x02006630                DebugMon_Handler
                0x02006630                HardFault_Handler
                0x02006630                PendSV_Handler
                0x02006630                UsageFault_Handler
                0x02006630                SecureFault_Handler
                0x02006630                Default_Handler
                0x02006630                MemManage_Handler
                0x02006630                SVC_Handler
                0x02006630                BusFault_Handler
 .text.Reset_Handler
                0x02006634        0xc ./ra/fsp/src/bsp/cmsis/Device/RENESAS/Source/startup.o
                0x02006634                Reset_Handler
 .text.SystemInit
                0x02006640      0x1f0 ./ra/fsp/src/bsp/cmsis/Device/RENESAS/Source/system.o
                0x02006640                SystemInit
 .text.bsp_init
                0x02006830        0x4 ./ra/board/ra8d1_ek/board_init.o
                0x02006830                bsp_init
 .text.printf   0x02006834       0x24 /home/rishi/renesas/ra/e2studio_v2025-04_fsp_v5.9.0/toolchains/gcc_arm/arm-gnu-toolchain-13.2.Rel1-x86_64-arm-none-eabi/bin/../lib/gcc/arm-none-eabi/13.2.1/../../../../arm-none-eabi/lib/thumb/v8-m.main+dp/hard/libg_nano.a(libc_a-printf.o)
                0x02006834                printf
                0x02006834                iprintf
 .text.__sfputc_r
                0x02006858       0x2e /home/rishi/renesas/ra/e2studio_v2025-04_fsp_v5.9.0/toolchains/gcc_arm/arm-gnu-toolchain-13.2.Rel1-x86_64-arm-none-eabi/bin/../lib/gcc/arm-none-eabi/13.2.1/../../../../arm-none-eabi/lib/thumb/v8-m.main+dp/hard/libg_nano.a(libc_a-nano-vfprintf.o)
 .text.__sfputs_r
                0x02006886       0x24 /home/rishi/renesas/ra/e2studio_v2025-04_fsp_v5.9.0/toolchains/gcc_arm/arm-gnu-toolchain-13.2.Rel1-x86_64-arm-none-eabi/bin/../lib/gcc/arm-none-eabi/13.2.1/../../../../arm-none-eabi/lib/thumb/v8-m.main+dp/hard/libg_nano.a(libc_a-nano-vfprintf.o)
                0x02006886                __sfputs_r
 *fill*         0x020068aa        0x2 ff
 .text._vfprintf_r
                0x020068ac      0x230 /home/rishi/renesas/ra/e2studio_v2025-04_fsp_v5.9.0/toolchains/gcc_arm/arm-gnu-toolchain-13.2.Rel1-x86_64-arm-none-eabi/bin/../lib/gcc/arm-none-eabi/13.2.1/../../../../arm-none-eabi/lib/thumb/v8-m.main+dp/hard/libg_nano.a(libc_a-nano-vfprintf.o)
                0x020068ac                _vfiprintf_r
                0x020068ac                _vfprintf_r
 .text.__swbuf_r
                0x02006adc       0x7c /home/rishi/renesas/ra/e2studio_v2025-04_fsp_v5.9.0/toolchains/gcc_arm/arm-gnu-toolchain-13.2.Rel1-x86_64-arm-none-eabi/bin/../lib/gcc/arm-none-eabi/13.2.1/../../../../arm-none-eabi/lib/thumb/v8-m.main+dp/hard/libg_nano.a(libc_a-wbuf.o)
                0x02006adc                __swbuf_r
 .text.__swsetup_r
                0x02006b58       0xac /home/rishi/renesas/ra/e2studio_v2025-04_fsp_v5.9.0/toolchains/gcc_arm/arm-gnu-toolchain-13.2.Rel1-x86_64-arm-none-eabi/bin/../lib/gcc/arm-none-eabi/13.2.1/../../../../arm-none-eabi/lib/thumb/v8-m.main+dp/hard/libg_nano.a(libc_a-wsetup.o)
                0x02006b58                __swsetup_r
 .text._printf_common
                0x02006c04       0xe4 /home/rishi/renesas/ra/e2studio_v2025-04_fsp_v5.9.0/toolchains/gcc_arm/arm-gnu-toolchain-13.2.Rel1-x86_64-arm-none-eabi/bin/../lib/gcc/arm-none-eabi/13.2.1/../../../../arm-none-eabi/lib/thumb/v8-m.main+dp/hard/libg_nano.a(libc_a-nano-vfprintf_i.o)
                0x02006c04                _printf_common
 .text._printf_i
                0x02006ce8      0x23c /home/rishi/renesas/ra/e2studio_v2025-04_fsp_v5.9.0/toolchains/gcc_arm/arm-gnu-toolchain-13.2.Rel1-x86_64-arm-none-eabi/bin/../lib/gcc/arm-none-eabi/13.2.1/../../../../arm-none-eabi/lib/thumb/v8-m.main+dp/hard/libg_nano.a(libc_a-nano-vfprintf_i.o)
                0x02006ce8                _printf_i
 .text._puts_r  0x02006f24       0xaa /home/rishi/renesas/ra/e2studio_v2025-04_fsp_v5.9.0/toolchains/gcc_arm/arm-gnu-toolchain-13.2.Rel1-x86_64-arm-none-eabi/bin/../lib/gcc/arm-none-eabi/13.2.1/../../../../arm-none-eabi/lib/thumb/v8-m.main+dp/hard/libg_nano.a(libc_a-puts.o)
                0x02006f24                _puts_r
 *fill*         0x02006fce        0x2 ff
 .text.puts     0x02006fd0       0x10 /home/rishi/renesas/ra/e2studio_v2025-04_fsp_v5.9.0/toolchains/gcc_arm/arm-gnu-toolchain-13.2.Rel1-x86_64-arm-none-eabi/bin/../lib/gcc/arm-none-eabi/13.2.1/../../../../arm-none-eabi/lib/thumb/v8-m.main+dp/hard/libg_nano.a(libc_a-puts.o)
                0x02006fd0                puts
 .text.__sflush_r
                0x02006fe0      0x108 /home/rishi/renesas/ra/e2studio_v2025-04_fsp_v5.9.0/toolchains/gcc_arm/arm-gnu-toolchain-13.2.Rel1-x86_64-arm-none-eabi/bin/../lib/gcc/arm-none-eabi/13.2.1/../../../../arm-none-eabi/lib/thumb/v8-m.main+dp/hard/libg_nano.a(libc_a-fflush.o)
                0x02006fe0                __sflush_r
 .text._fflush_r
                0x020070e8       0x50 /home/rishi/renesas/ra/e2studio_v2025-04_fsp_v5.9.0/toolchains/gcc_arm/arm-gnu-toolchain-13.2.Rel1-x86_64-arm-none-eabi/bin/../lib/gcc/arm-none-eabi/13.2.1/../../../../arm-none-eabi/lib/thumb/v8-m.main+dp/hard/libg_nano.a(libc_a-fflush.o)
                0x020070e8                _fflush_r
 .text.memchr   0x02007138       0x1c /home/rishi/renesas/ra/e2studio_v2025-04_fsp_v5.9.0/toolchains/gcc_arm/arm-gnu-toolchain-13.2.Rel1-x86_64-arm-none-eabi/bin/../lib/gcc/arm-none-eabi/13.2.1/../../../../arm-none-eabi/lib/thumb/v8-m.main+dp/hard/libg_nano.a(libc_a-memchr-stub.o)
                0x02007138                memchr
 .text.memcpy   0x02007154       0x1a /home/rishi/renesas/ra/e2studio_v2025-04_fsp_v5.9.0/toolchains/gcc_arm/arm-gnu-toolchain-13.2.Rel1-x86_64-arm-none-eabi/bin/../lib/gcc/arm-none-eabi/13.2.1/../../../../arm-none-eabi/lib/thumb/v8-m.main+dp/hard/libg_nano.a(libc_a-memcpy-stub.o)
                0x02007154                memcpy
 *fill*         0x0200716e        0x2 ff
 .text.std      0x02007170       0x6c /home/rishi/renesas/ra/e2studio_v2025-04_fsp_v5.9.0/toolchains/gcc_arm/arm-gnu-toolchain-13.2.Rel1-x86_64-arm-none-eabi/bin/../lib/gcc/arm-none-eabi/13.2.1/../../../../arm-none-eabi/lib/thumb/v8-m.main+dp/hard/libg_nano.a(libc_a-findfp.o)
 .text.stdio_exit_handler
                0x020071dc       0x18 /home/rishi/renesas/ra/e2studio_v2025-04_fsp_v5.9.0/toolchains/gcc_arm/arm-gnu-toolchain-13.2.Rel1-x86_64-arm-none-eabi/bin/../lib/gcc/arm-none-eabi/13.2.1/../../../../arm-none-eabi/lib/thumb/v8-m.main+dp/hard/libg_nano.a(libc_a-findfp.o)
 .text.cleanup_stdio
                0x020071f4       0x40 /home/rishi/renesas/ra/e2studio_v2025-04_fsp_v5.9.0/toolchains/gcc_arm/arm-gnu-toolchain-13.2.Rel1-x86_64-arm-none-eabi/bin/../lib/gcc/arm-none-eabi/13.2.1/../../../../arm-none-eabi/lib/thumb/v8-m.main+dp/hard/libg_nano.a(libc_a-findfp.o)
 .text.global_stdio_init.part.0
                0x02007234       0x3c /home/rishi/renesas/ra/e2studio_v2025-04_fsp_v5.9.0/toolchains/gcc_arm/arm-gnu-toolchain-13.2.Rel1-x86_64-arm-none-eabi/bin/../lib/gcc/arm-none-eabi/13.2.1/../../../../arm-none-eabi/lib/thumb/v8-m.main+dp/hard/libg_nano.a(libc_a-findfp.o)
 .text.__sfp_lock_acquire
                0x02007270        0xc /home/rishi/renesas/ra/e2studio_v2025-04_fsp_v5.9.0/toolchains/gcc_arm/arm-gnu-toolchain-13.2.Rel1-x86_64-arm-none-eabi/bin/../lib/gcc/arm-none-eabi/13.2.1/../../../../arm-none-eabi/lib/thumb/v8-m.main+dp/hard/libg_nano.a(libc_a-findfp.o)
                0x02007270                __sfp_lock_acquire
 .text.__sfp_lock_release
                0x0200727c        0xc /home/rishi/renesas/ra/e2studio_v2025-04_fsp_v5.9.0/toolchains/gcc_arm/arm-gnu-toolchain-13.2.Rel1-x86_64-arm-none-eabi/bin/../lib/gcc/arm-none-eabi/13.2.1/../../../../arm-none-eabi/lib/thumb/v8-m.main+dp/hard/libg_nano.a(libc_a-findfp.o)
                0x0200727c                __sfp_lock_release
 .text.__sinit  0x02007288       0x30 /home/rishi/renesas/ra/e2studio_v2025-04_fsp_v5.9.0/toolchains/gcc_arm/arm-gnu-toolchain-13.2.Rel1-x86_64-arm-none-eabi/bin/../lib/gcc/arm-none-eabi/13.2.1/../../../../arm-none-eabi/lib/thumb/v8-m.main+dp/hard/libg_nano.a(libc_a-findfp.o)
                0x02007288                __sinit
 .text          0x020072b8       0x10 /home/rishi/renesas/ra/e2studio_v2025-04_fsp_v5.9.0/toolchains/gcc_arm/arm-gnu-toolchain-13.2.Rel1-x86_64-arm-none-eabi/bin/../lib/gcc/arm-none-eabi/13.2.1/../../../../arm-none-eabi/lib/thumb/v8-m.main+dp/hard/libg_nano.a(libc_a-strlen.o)
                0x020072b8                strlen
 .text.snprintf
                0x020072c8       0x68 /home/rishi/renesas/ra/e2studio_v2025-04_fsp_v5.9.0/toolchains/gcc_arm/arm-gnu-toolchain-13.2.Rel1-x86_64-arm-none-eabi/bin/../lib/gcc/arm-none-eabi/13.2.1/../../../../arm-none-eabi/lib/thumb/v8-m.main+dp/hard/libg_nano.a(libc_a-snprintf.o)
                0x020072c8                snprintf
                0x020072c8                sniprintf
 .text.__sread  0x02007330       0x22 /home/rishi/renesas/ra/e2studio_v2025-04_fsp_v5.9.0/toolchains/gcc_arm/arm-gnu-toolchain-13.2.Rel1-x86_64-arm-none-eabi/bin/../lib/gcc/arm-none-eabi/13.2.1/../../../../arm-none-eabi/lib/thumb/v8-m.main+dp/hard/libg_nano.a(libc_a-stdio.o)
                0x02007330                __sread
 .text.__swrite
                0x02007352       0x38 /home/rishi/renesas/ra/e2studio_v2025-04_fsp_v5.9.0/toolchains/gcc_arm/arm-gnu-toolchain-13.2.Rel1-x86_64-arm-none-eabi/bin/../lib/gcc/arm-none-eabi/13.2.1/../../../../arm-none-eabi/lib/thumb/v8-m.main+dp/hard/libg_nano.a(libc_a-stdio.o)
                0x02007352                __swrite
 .text.__sseek  0x0200738a       0x24 /home/rishi/renesas/ra/e2studio_v2025-04_fsp_v5.9.0/toolchains/gcc_arm/arm-gnu-toolchain-13.2.Rel1-x86_64-arm-none-eabi/bin/../lib/gcc/arm-none-eabi/13.2.1/../../../../arm-none-eabi/lib/thumb/v8-m.main+dp/hard/libg_nano.a(libc_a-stdio.o)
                0x0200738a                __sseek
 .text.__sclose
                0x020073ae        0x8 /home/rishi/renesas/ra/e2studio_v2025-04_fsp_v5.9.0/toolchains/gcc_arm/arm-gnu-toolchain-13.2.Rel1-x86_64-arm-none-eabi/bin/../lib/gcc/arm-none-eabi/13.2.1/../../../../arm-none-eabi/lib/thumb/v8-m.main+dp/hard/libg_nano.a(libc_a-stdio.o)
                0x020073ae                __sclose
 *fill*         0x020073b6        0x2 ff
 .text.rand     0x020073b8       0x7c /home/rishi/renesas/ra/e2studio_v2025-04_fsp_v5.9.0/toolchains/gcc_arm/arm-gnu-toolchain-13.2.Rel1-x86_64-arm-none-eabi/bin/../lib/gcc/arm-none-eabi/13.2.1/../../../../arm-none-eabi/lib/thumb/v8-m.main+dp/hard/libg_nano.a(libc_a-rand.o)
                0x020073b8                rand
 .text._read_r  0x02007434       0x24 /home/rishi/renesas/ra/e2studio_v2025-04_fsp_v5.9.0/toolchains/gcc_arm/arm-gnu-toolchain-13.2.Rel1-x86_64-arm-none-eabi/bin/../lib/gcc/arm-none-eabi/13.2.1/../../../../arm-none-eabi/lib/thumb/v8-m.main+dp/hard/libg_nano.a(libc_a-readr.o)
                0x02007434                _read_r
 .text._write_r
                0x02007458       0x24 /home/rishi/renesas/ra/e2studio_v2025-04_fsp_v5.9.0/toolchains/gcc_arm/arm-gnu-toolchain-13.2.Rel1-x86_64-arm-none-eabi/bin/../lib/gcc/arm-none-eabi/13.2.1/../../../../arm-none-eabi/lib/thumb/v8-m.main+dp/hard/libg_nano.a(libc_a-writer.o)
                0x02007458                _write_r
 .text._fwalk_sglue
                0x0200747c       0x3c /home/rishi/renesas/ra/e2studio_v2025-04_fsp_v5.9.0/toolchains/gcc_arm/arm-gnu-toolchain-13.2.Rel1-x86_64-arm-none-eabi/bin/../lib/gcc/arm-none-eabi/13.2.1/../../../../arm-none-eabi/lib/thumb/v8-m.main+dp/hard/libg_nano.a(libc_a-fwalk.o)
                0x0200747c                _fwalk_sglue
 .text.memmove  0x020074b8       0x34 /home/rishi/renesas/ra/e2studio_v2025-04_fsp_v5.9.0/toolchains/gcc_arm/arm-gnu-toolchain-13.2.Rel1-x86_64-arm-none-eabi/bin/../lib/gcc/arm-none-eabi/13.2.1/../../../../arm-none-eabi/lib/thumb/v8-m.main+dp/hard/libg_nano.a(libc_a-memmove.o)
                0x020074b8                memmove
 .text.memset   0x020074ec       0x10 /home/rishi/renesas/ra/e2studio_v2025-04_fsp_v5.9.0/toolchains/gcc_arm/arm-gnu-toolchain-13.2.Rel1-x86_64-arm-none-eabi/bin/../lib/gcc/arm-none-eabi/13.2.1/../../../../arm-none-eabi/lib/thumb/v8-m.main+dp/hard/libg_nano.a(libc_a-memset.o)
                0x020074ec                memset
 .text._realloc_r
                0x020074fc       0x5c /home/rishi/renesas/ra/e2studio_v2025-04_fsp_v5.9.0/toolchains/gcc_arm/arm-gnu-toolchain-13.2.Rel1-x86_64-arm-none-eabi/bin/../lib/gcc/arm-none-eabi/13.2.1/../../../../arm-none-eabi/lib/thumb/v8-m.main+dp/hard/libg_nano.a(libc_a-reallocr.o)
                0x020074fc                _realloc_r
 .text._free_r  0x02007558       0x94 /home/rishi/renesas/ra/e2studio_v2025-04_fsp_v5.9.0/toolchains/gcc_arm/arm-gnu-toolchain-13.2.Rel1-x86_64-arm-none-eabi/bin/../lib/gcc/arm-none-eabi/13.2.1/../../../../arm-none-eabi/lib/thumb/v8-m.main+dp/hard/libg_nano.a(libc_a-freer.o)
                0x02007558                _free_r
 .text.__retarget_lock_init_recursive
                0x020075ec        0x2 /home/rishi/renesas/ra/e2studio_v2025-04_fsp_v5.9.0/toolchains/gcc_arm/arm-gnu-toolchain-13.2.Rel1-x86_64-arm-none-eabi/bin/../lib/gcc/arm-none-eabi/13.2.1/../../../../arm-none-eabi/lib/thumb/v8-m.main+dp/hard/libg_nano.a(libc_a-lock.o)
                0x020075ec                __retarget_lock_init_recursive
 .text.__retarget_lock_acquire_recursive
                0x020075ee        0x2 /home/rishi/renesas/ra/e2studio_v2025-04_fsp_v5.9.0/toolchains/gcc_arm/arm-gnu-toolchain-13.2.Rel1-x86_64-arm-none-eabi/bin/../lib/gcc/arm-none-eabi/13.2.1/../../../../arm-none-eabi/lib/thumb/v8-m.main+dp/hard/libg_nano.a(libc_a-lock.o)
                0x020075ee                __retarget_lock_acquire_recursive
 .text.__retarget_lock_release_recursive
                0x020075f0        0x2 /home/rishi/renesas/ra/e2studio_v2025-04_fsp_v5.9.0/toolchains/gcc_arm/arm-gnu-toolchain-13.2.Rel1-x86_64-arm-none-eabi/bin/../lib/gcc/arm-none-eabi/13.2.1/../../../../arm-none-eabi/lib/thumb/v8-m.main+dp/hard/libg_nano.a(libc_a-lock.o)
                0x020075f0                __retarget_lock_release_recursive
 .text.__swhatbuf_r
                0x020075f2       0x4a /home/rishi/renesas/ra/e2studio_v2025-04_fsp_v5.9.0/toolchains/gcc_arm/arm-gnu-toolchain-13.2.Rel1-x86_64-arm-none-eabi/bin/../lib/gcc/arm-none-eabi/13.2.1/../../../../arm-none-eabi/lib/thumb/v8-m.main+dp/hard/libg_nano.a(libc_a-makebuf.o)
                0x020075f2                __swhatbuf_r
 .text.__smakebuf_r
                0x0200763c       0x78 /home/rishi/renesas/ra/e2studio_v2025-04_fsp_v5.9.0/toolchains/gcc_arm/arm-gnu-toolchain-13.2.Rel1-x86_64-arm-none-eabi/bin/../lib/gcc/arm-none-eabi/13.2.1/../../../../arm-none-eabi/lib/thumb/v8-m.main+dp/hard/libg_nano.a(libc_a-makebuf.o)
                0x0200763c                __smakebuf_r
 .text.__ssputs_r
                0x020076b4       0xb6 /home/rishi/renesas/ra/e2studio_v2025-04_fsp_v5.9.0/toolchains/gcc_arm/arm-gnu-toolchain-13.2.Rel1-x86_64-arm-none-eabi/bin/../lib/gcc/arm-none-eabi/13.2.1/../../../../arm-none-eabi/lib/thumb/v8-m.main+dp/hard/libg_nano.a(libc_a-nano-svfprintf.o)
                0x020076b4                __ssputs_r
 *fill*         0x0200776a        0x2 ff
 .text._svfprintf_r
                0x0200776c      0x1f8 /home/rishi/renesas/ra/e2studio_v2025-04_fsp_v5.9.0/toolchains/gcc_arm/arm-gnu-toolchain-13.2.Rel1-x86_64-arm-none-eabi/bin/../lib/gcc/arm-none-eabi/13.2.1/../../../../arm-none-eabi/lib/thumb/v8-m.main+dp/hard/libg_nano.a(libc_a-nano-svfprintf.o)
                0x0200776c                _svfprintf_r
                0x0200776c                _svfiprintf_r
 .text._close_r
                0x02007964       0x20 /home/rishi/renesas/ra/e2studio_v2025-04_fsp_v5.9.0/toolchains/gcc_arm/arm-gnu-toolchain-13.2.Rel1-x86_64-arm-none-eabi/bin/../lib/gcc/arm-none-eabi/13.2.1/../../../../arm-none-eabi/lib/thumb/v8-m.main+dp/hard/libg_nano.a(libc_a-closer.o)
                0x02007964                _close_r
 .text.malloc   0x02007984       0x10 /home/rishi/renesas/ra/e2studio_v2025-04_fsp_v5.9.0/toolchains/gcc_arm/arm-gnu-toolchain-13.2.Rel1-x86_64-arm-none-eabi/bin/../lib/gcc/arm-none-eabi/13.2.1/../../../../arm-none-eabi/lib/thumb/v8-m.main+dp/hard/libg_nano.a(libc_a-malloc.o)
                0x02007984                malloc
 .text.sbrk_aligned
                0x02007994       0x44 /home/rishi/renesas/ra/e2studio_v2025-04_fsp_v5.9.0/toolchains/gcc_arm/arm-gnu-toolchain-13.2.Rel1-x86_64-arm-none-eabi/bin/../lib/gcc/arm-none-eabi/13.2.1/../../../../arm-none-eabi/lib/thumb/v8-m.main+dp/hard/libg_nano.a(libc_a-mallocr.o)
 .text._malloc_r
                0x020079d8      0x100 /home/rishi/renesas/ra/e2studio_v2025-04_fsp_v5.9.0/toolchains/gcc_arm/arm-gnu-toolchain-13.2.Rel1-x86_64-arm-none-eabi/bin/../lib/gcc/arm-none-eabi/13.2.1/../../../../arm-none-eabi/lib/thumb/v8-m.main+dp/hard/libg_nano.a(libc_a-mallocr.o)
                0x020079d8                _malloc_r
 .text._fstat_r
                0x02007ad8       0x24 /home/rishi/renesas/ra/e2studio_v2025-04_fsp_v5.9.0/toolchains/gcc_arm/arm-gnu-toolchain-13.2.Rel1-x86_64-arm-none-eabi/bin/../lib/gcc/arm-none-eabi/13.2.1/../../../../arm-none-eabi/lib/thumb/v8-m.main+dp/hard/libg_nano.a(libc_a-fstatr.o)
                0x02007ad8                _fstat_r
 .text._isatty_r
                0x02007afc       0x20 /home/rishi/renesas/ra/e2studio_v2025-04_fsp_v5.9.0/toolchains/gcc_arm/arm-gnu-toolchain-13.2.Rel1-x86_64-arm-none-eabi/bin/../lib/gcc/arm-none-eabi/13.2.1/../../../../arm-none-eabi/lib/thumb/v8-m.main+dp/hard/libg_nano.a(libc_a-isattyr.o)
                0x02007afc                _isatty_r
 .text._lseek_r
                0x02007b1c       0x24 /home/rishi/renesas/ra/e2studio_v2025-04_fsp_v5.9.0/toolchains/gcc_arm/arm-gnu-toolchain-13.2.Rel1-x86_64-arm-none-eabi/bin/../lib/gcc/arm-none-eabi/13.2.1/../../../../arm-none-eabi/lib/thumb/v8-m.main+dp/hard/libg_nano.a(libc_a-lseekr.o)
                0x02007b1c                _lseek_r
 .text.__malloc_lock
                0x02007b40        0xc /home/rishi/renesas/ra/e2studio_v2025-04_fsp_v5.9.0/toolchains/gcc_arm/arm-gnu-toolchain-13.2.Rel1-x86_64-arm-none-eabi/bin/../lib/gcc/arm-none-eabi/13.2.1/../../../../arm-none-eabi/lib/thumb/v8-m.main+dp/hard/libg_nano.a(libc_a-mlock.o)
                0x02007b40                __malloc_lock
 .text.__malloc_unlock
                0x02007b4c        0xc /home/rishi/renesas/ra/e2studio_v2025-04_fsp_v5.9.0/toolchains/gcc_arm/arm-gnu-toolchain-13.2.Rel1-x86_64-arm-none-eabi/bin/../lib/gcc/arm-none-eabi/13.2.1/../../../../arm-none-eabi/lib/thumb/v8-m.main+dp/hard/libg_nano.a(libc_a-mlock.o)
                0x02007b4c                __malloc_unlock
 .text._malloc_usable_size_r
                0x02007b58       0x10 /home/rishi/renesas/ra/e2studio_v2025-04_fsp_v5.9.0/toolchains/gcc_arm/arm-gnu-toolchain-13.2.Rel1-x86_64-arm-none-eabi/bin/../lib/gcc/arm-none-eabi/13.2.1/../../../../arm-none-eabi/lib/thumb/v8-m.main+dp/hard/libg_nano.a(libc_a-msizer.o)
                0x02007b58                _malloc_usable_size_r
 .text._sbrk_r  0x02007b68       0x20 /home/rishi/renesas/ra/e2studio_v2025-04_fsp_v5.9.0/toolchains/gcc_arm/arm-gnu-toolchain-13.2.Rel1-x86_64-arm-none-eabi/bin/../lib/gcc/arm-none-eabi/13.2.1/../../../../arm-none-eabi/lib/thumb/v8-m.main+dp/hard/libg_nano.a(libc_a-sbrkr.o)
                0x02007b68                _sbrk_r
 .text.findslot
                0x02007b88       0x34 /home/rishi/renesas/ra/e2studio_v2025-04_fsp_v5.9.0/toolchains/gcc_arm/arm-gnu-toolchain-13.2.Rel1-x86_64-arm-none-eabi/bin/../lib/gcc/arm-none-eabi/13.2.1/../../../../arm-none-eabi/lib/thumb/v8-m.main+dp/hard/librdimon_nano.a(arm_librdimon_a-syscalls.o)
 .text.error    0x02007bbc       0x1c /home/rishi/renesas/ra/e2studio_v2025-04_fsp_v5.9.0/toolchains/gcc_arm/arm-gnu-toolchain-13.2.Rel1-x86_64-arm-none-eabi/bin/../lib/gcc/arm-none-eabi/13.2.1/../../../../arm-none-eabi/lib/thumb/v8-m.main+dp/hard/librdimon_nano.a(arm_librdimon_a-syscalls.o)
 .text.checkerror
                0x02007bd8        0xa /home/rishi/renesas/ra/e2studio_v2025-04_fsp_v5.9.0/toolchains/gcc_arm/arm-gnu-toolchain-13.2.Rel1-x86_64-arm-none-eabi/bin/../lib/gcc/arm-none-eabi/13.2.1/../../../../arm-none-eabi/lib/thumb/v8-m.main+dp/hard/librdimon_nano.a(arm_librdimon_a-syscalls.o)
 .text._swiread
                0x02007be2       0x20 /home/rishi/renesas/ra/e2studio_v2025-04_fsp_v5.9.0/toolchains/gcc_arm/arm-gnu-toolchain-13.2.Rel1-x86_64-arm-none-eabi/bin/../lib/gcc/arm-none-eabi/13.2.1/../../../../arm-none-eabi/lib/thumb/v8-m.main+dp/hard/librdimon_nano.a(arm_librdimon_a-syscalls.o)
                0x02007be2                _swiread
 .text._read    0x02007c02       0x34 /home/rishi/renesas/ra/e2studio_v2025-04_fsp_v5.9.0/toolchains/gcc_arm/arm-gnu-toolchain-13.2.Rel1-x86_64-arm-none-eabi/bin/../lib/gcc/arm-none-eabi/13.2.1/../../../../arm-none-eabi/lib/thumb/v8-m.main+dp/hard/librdimon_nano.a(arm_librdimon_a-syscalls.o)
                0x02007c02                _read
 .text._swilseek
                0x02007c36       0x78 /home/rishi/renesas/ra/e2studio_v2025-04_fsp_v5.9.0/toolchains/gcc_arm/arm-gnu-toolchain-13.2.Rel1-x86_64-arm-none-eabi/bin/../lib/gcc/arm-none-eabi/13.2.1/../../../../arm-none-eabi/lib/thumb/v8-m.main+dp/hard/librdimon_nano.a(arm_librdimon_a-syscalls.o)
                0x02007c36                _swilseek
 .text._lseek   0x02007cae        0x4 /home/rishi/renesas/ra/e2studio_v2025-04_fsp_v5.9.0/toolchains/gcc_arm/arm-gnu-toolchain-13.2.Rel1-x86_64-arm-none-eabi/bin/../lib/gcc/arm-none-eabi/13.2.1/../../../../arm-none-eabi/lib/thumb/v8-m.main+dp/hard/librdimon_nano.a(arm_librdimon_a-syscalls.o)
                0x02007cae                _lseek
 .text._swiwrite
                0x02007cb2       0x20 /home/rishi/renesas/ra/e2studio_v2025-04_fsp_v5.9.0/toolchains/gcc_arm/arm-gnu-toolchain-13.2.Rel1-x86_64-arm-none-eabi/bin/../lib/gcc/arm-none-eabi/13.2.1/../../../../arm-none-eabi/lib/thumb/v8-m.main+dp/hard/librdimon_nano.a(arm_librdimon_a-syscalls.o)
                0x02007cb2                _swiwrite
 .text._write   0x02007cd2       0x40 /home/rishi/renesas/ra/e2studio_v2025-04_fsp_v5.9.0/toolchains/gcc_arm/arm-gnu-toolchain-13.2.Rel1-x86_64-arm-none-eabi/bin/../lib/gcc/arm-none-eabi/13.2.1/../../../../arm-none-eabi/lib/thumb/v8-m.main+dp/hard/librdimon_nano.a(arm_librdimon_a-syscalls.o)
                0x02007cd2                _write
 .text._swiclose
                0x02007d12       0x1a /home/rishi/renesas/ra/e2studio_v2025-04_fsp_v5.9.0/toolchains/gcc_arm/arm-gnu-toolchain-13.2.Rel1-x86_64-arm-none-eabi/bin/../lib/gcc/arm-none-eabi/13.2.1/../../../../arm-none-eabi/lib/thumb/v8-m.main+dp/hard/librdimon_nano.a(arm_librdimon_a-syscalls.o)
                0x02007d12                _swiclose
 .text._close   0x02007d2c       0x4c /home/rishi/renesas/ra/e2studio_v2025-04_fsp_v5.9.0/toolchains/gcc_arm/arm-gnu-toolchain-13.2.Rel1-x86_64-arm-none-eabi/bin/../lib/gcc/arm-none-eabi/13.2.1/../../../../arm-none-eabi/lib/thumb/v8-m.main+dp/hard/librdimon_nano.a(arm_librdimon_a-syscalls.o)
                0x02007d2c                _close
 .text._swistat
                0x02007d78       0x42 /home/rishi/renesas/ra/e2studio_v2025-04_fsp_v5.9.0/toolchains/gcc_arm/arm-gnu-toolchain-13.2.Rel1-x86_64-arm-none-eabi/bin/../lib/gcc/arm-none-eabi/13.2.1/../../../../arm-none-eabi/lib/thumb/v8-m.main+dp/hard/librdimon_nano.a(arm_librdimon_a-syscalls.o)
                0x02007d78                _swistat
 .text._fstat   0x02007dba       0x1c /home/rishi/renesas/ra/e2studio_v2025-04_fsp_v5.9.0/toolchains/gcc_arm/arm-gnu-toolchain-13.2.Rel1-x86_64-arm-none-eabi/bin/../lib/gcc/arm-none-eabi/13.2.1/../../../../arm-none-eabi/lib/thumb/v8-m.main+dp/hard/librdimon_nano.a(arm_librdimon_a-syscalls.o)
                0x02007dba                _fstat
 .text._stat    0x02007dd6       0x3a /home/rishi/renesas/ra/e2studio_v2025-04_fsp_v5.9.0/toolchains/gcc_arm/arm-gnu-toolchain-13.2.Rel1-x86_64-arm-none-eabi/bin/../lib/gcc/arm-none-eabi/13.2.1/../../../../arm-none-eabi/lib/thumb/v8-m.main+dp/hard/librdimon_nano.a(arm_librdimon_a-syscalls.o)
                0x02007dd6                _stat
 .text._swiopen
                0x02007e10       0xb0 /home/rishi/renesas/ra/e2studio_v2025-04_fsp_v5.9.0/toolchains/gcc_arm/arm-gnu-toolchain-13.2.Rel1-x86_64-arm-none-eabi/bin/../lib/gcc/arm-none-eabi/13.2.1/../../../../arm-none-eabi/lib/thumb/v8-m.main+dp/hard/librdimon_nano.a(arm_librdimon_a-syscalls.o)
                0x02007e10                _swiopen
 .text._get_semihosting_exts
                0x02007ec0       0xb4 /home/rishi/renesas/ra/e2studio_v2025-04_fsp_v5.9.0/toolchains/gcc_arm/arm-gnu-toolchain-13.2.Rel1-x86_64-arm-none-eabi/bin/../lib/gcc/arm-none-eabi/13.2.1/../../../../arm-none-eabi/lib/thumb/v8-m.main+dp/hard/librdimon_nano.a(arm_librdimon_a-syscalls.o)
                0x02007ec0                _get_semihosting_exts
 .text.initialise_semihosting_exts
                0x02007f74       0x34 /home/rishi/renesas/ra/e2studio_v2025-04_fsp_v5.9.0/toolchains/gcc_arm/arm-gnu-toolchain-13.2.Rel1-x86_64-arm-none-eabi/bin/../lib/gcc/arm-none-eabi/13.2.1/../../../../arm-none-eabi/lib/thumb/v8-m.main+dp/hard/librdimon_nano.a(arm_librdimon_a-syscalls.o)
 .text._has_ext_stdout_stderr
                0x02007fa8       0x18 /home/rishi/renesas/ra/e2studio_v2025-04_fsp_v5.9.0/toolchains/gcc_arm/arm-gnu-toolchain-13.2.Rel1-x86_64-arm-none-eabi/bin/../lib/gcc/arm-none-eabi/13.2.1/../../../../arm-none-eabi/lib/thumb/v8-m.main+dp/hard/librdimon_nano.a(arm_librdimon_a-syscalls.o)
                0x02007fa8                _has_ext_stdout_stderr
 .text.initialise_monitor_handles
                0x02007fc0       0xc0 /home/rishi/renesas/ra/e2studio_v2025-04_fsp_v5.9.0/toolchains/gcc_arm/arm-gnu-toolchain-13.2.Rel1-x86_64-arm-none-eabi/bin/../lib/gcc/arm-none-eabi/13.2.1/../../../../arm-none-eabi/lib/thumb/v8-m.main+dp/hard/librdimon_nano.a(arm_librdimon_a-syscalls.o)
                0x02007fc0                initialise_monitor_handles
 .text._isatty  0x02008080       0x3a /home/rishi/renesas/ra/e2studio_v2025-04_fsp_v5.9.0/toolchains/gcc_arm/arm-gnu-toolchain-13.2.Rel1-x86_64-arm-none-eabi/bin/../lib/gcc/arm-none-eabi/13.2.1/../../../../arm-none-eabi/lib/thumb/v8-m.main+dp/hard/librdimon_nano.a(arm_librdimon_a-syscalls.o)
                0x02008080                _isatty
 *fill*         0x020080ba        0x2 ff
 .text.__errno  0x020080bc        0xc /home/rishi/renesas/ra/e2studio_v2025-04_fsp_v5.9.0/toolchains/gcc_arm/arm-gnu-toolchain-13.2.Rel1-x86_64-arm-none-eabi/bin/../lib/gcc/arm-none-eabi/13.2.1/../../../../arm-none-eabi/lib/thumb/v8-m.main+dp/hard/libc_nano.a(libc_a-errno.o)
                0x020080bc                __errno
 .text.log10f   0x020080c8       0x60 /home/rishi/renesas/ra/e2studio_v2025-04_fsp_v5.9.0/toolchains/gcc_arm/arm-gnu-toolchain-13.2.Rel1-x86_64-arm-none-eabi/bin/../lib/gcc/arm-none-eabi/13.2.1/../../../../arm-none-eabi/lib/thumb/v8-m.main+dp/hard/libm.a(libm_a-wf_log10.o)
                0x020080c8                log10f
 .text.sqrtf    0x02008128       0x44 /home/rishi/renesas/ra/e2studio_v2025-04_fsp_v5.9.0/toolchains/gcc_arm/arm-gnu-toolchain-13.2.Rel1-x86_64-arm-none-eabi/bin/../lib/gcc/arm-none-eabi/13.2.1/../../../../arm-none-eabi/lib/thumb/v8-m.main+dp/hard/libm.a(libm_a-wf_sqrt.o)
                0x02008128                sqrtf
 .text.expf     0x0200816c       0xe4 /home/rishi/renesas/ra/e2studio_v2025-04_fsp_v5.9.0/toolchains/gcc_arm/arm-gnu-toolchain-13.2.Rel1-x86_64-arm-none-eabi/bin/../lib/gcc/arm-none-eabi/13.2.1/../../../../arm-none-eabi/lib/thumb/v8-m.main+dp/hard/libm.a(libm_a-sf_exp.o)
                0x0200816c                expf
 .text.nanf     0x02008250        0xc /home/rishi/renesas/ra/e2studio_v2025-04_fsp_v5.9.0/toolchains/gcc_arm/arm-gnu-toolchain-13.2.Rel1-x86_64-arm-none-eabi/bin/../lib/gcc/arm-none-eabi/13.2.1/../../../../arm-none-eabi/lib/thumb/v8-m.main+dp/hard/libm.a(libm_a-sf_nan.o)
                0x02008250                nanf
 .text.__ieee754_sqrtf
                0x0200825c        0x8 /home/rishi/renesas/ra/e2studio_v2025-04_fsp_v5.9.0/toolchains/gcc_arm/arm-gnu-toolchain-13.2.Rel1-x86_64-arm-none-eabi/bin/../lib/gcc/arm-none-eabi/13.2.1/../../../../arm-none-eabi/lib/thumb/v8-m.main+dp/hard/libm.a(libm_a-ef_sqrt.o)
                0x0200825c                __ieee754_sqrtf
 .text.log2f    0x02008264       0xd4 /home/rishi/renesas/ra/e2studio_v2025-04_fsp_v5.9.0/toolchains/gcc_arm/arm-gnu-toolchain-13.2.Rel1-x86_64-arm-none-eabi/bin/../lib/gcc/arm-none-eabi/13.2.1/../../../../arm-none-eabi/lib/thumb/v8-m.main+dp/hard/libm.a(libm_a-sf_log2.o)
                0x02008264                log2f
 .text.sinf     0x02008338      0x1e4 /home/rishi/renesas/ra/e2studio_v2025-04_fsp_v5.9.0/toolchains/gcc_arm/arm-gnu-toolchain-13.2.Rel1-x86_64-arm-none-eabi/bin/../lib/gcc/arm-none-eabi/13.2.1/../../../../arm-none-eabi/lib/thumb/v8-m.main+dp/hard/libm.a(libm_a-sinf.o)
                0x02008338                sinf
 *fill*         0x0200851c        0x4 ff
 .text.cosf     0x02008520      0x1d4 /home/rishi/renesas/ra/e2studio_v2025-04_fsp_v5.9.0/toolchains/gcc_arm/arm-gnu-toolchain-13.2.Rel1-x86_64-arm-none-eabi/bin/../lib/gcc/arm-none-eabi/13.2.1/../../../../arm-none-eabi/lib/thumb/v8-m.main+dp/hard/libm.a(libm_a-cosf.o)
                0x02008520                cosf
 .text.with_errnof
                0x020086f4       0x1c /home/rishi/renesas/ra/e2studio_v2025-04_fsp_v5.9.0/toolchains/gcc_arm/arm-gnu-toolchain-13.2.Rel1-x86_64-arm-none-eabi/bin/../lib/gcc/arm-none-eabi/13.2.1/../../../../arm-none-eabi/lib/thumb/v8-m.main+dp/hard/libm.a(libm_a-math_errf.o)
 .text.xflowf   0x02008710       0x20 /home/rishi/renesas/ra/e2studio_v2025-04_fsp_v5.9.0/toolchains/gcc_arm/arm-gnu-toolchain-13.2.Rel1-x86_64-arm-none-eabi/bin/../lib/gcc/arm-none-eabi/13.2.1/../../../../arm-none-eabi/lib/thumb/v8-m.main+dp/hard/libm.a(libm_a-math_errf.o)
 .text.__math_uflowf
                0x02008730        0xc /home/rishi/renesas/ra/e2studio_v2025-04_fsp_v5.9.0/toolchains/gcc_arm/arm-gnu-toolchain-13.2.Rel1-x86_64-arm-none-eabi/bin/../lib/gcc/arm-none-eabi/13.2.1/../../../../arm-none-eabi/lib/thumb/v8-m.main+dp/hard/libm.a(libm_a-math_errf.o)
                0x02008730                __math_uflowf
 .text.__math_may_uflowf
                0x0200873c        0xc /home/rishi/renesas/ra/e2studio_v2025-04_fsp_v5.9.0/toolchains/gcc_arm/arm-gnu-toolchain-13.2.Rel1-x86_64-arm-none-eabi/bin/../lib/gcc/arm-none-eabi/13.2.1/../../../../arm-none-eabi/lib/thumb/v8-m.main+dp/hard/libm.a(libm_a-math_errf.o)
                0x0200873c                __math_may_uflowf
 .text.__math_oflowf
                0x02008748        0xc /home/rishi/renesas/ra/e2studio_v2025-04_fsp_v5.9.0/toolchains/gcc_arm/arm-gnu-toolchain-13.2.Rel1-x86_64-arm-none-eabi/bin/../lib/gcc/arm-none-eabi/13.2.1/../../../../arm-none-eabi/lib/thumb/v8-m.main+dp/hard/libm.a(libm_a-math_errf.o)
                0x02008748                __math_oflowf
 .text.__math_divzerof
                0x02008754       0x24 /home/rishi/renesas/ra/e2studio_v2025-04_fsp_v5.9.0/toolchains/gcc_arm/arm-gnu-toolchain-13.2.Rel1-x86_64-arm-none-eabi/bin/../lib/gcc/arm-none-eabi/13.2.1/../../../../arm-none-eabi/lib/thumb/v8-m.main+dp/hard/libm.a(libm_a-math_errf.o)
                0x02008754                __math_divzerof
 .text.__math_invalidf
                0x02008778       0x20 /home/rishi/renesas/ra/e2studio_v2025-04_fsp_v5.9.0/toolchains/gcc_arm/arm-gnu-toolchain-13.2.Rel1-x86_64-arm-none-eabi/bin/../lib/gcc/arm-none-eabi/13.2.1/../../../../arm-none-eabi/lib/thumb/v8-m.main+dp/hard/libm.a(libm_a-math_errf.o)
                0x02008778                __math_invalidf
 .text.__ieee754_log10f
                0x02008798       0xc4 /home/rishi/renesas/ra/e2studio_v2025-04_fsp_v5.9.0/toolchains/gcc_arm/arm-gnu-toolchain-13.2.Rel1-x86_64-arm-none-eabi/bin/../lib/gcc/arm-none-eabi/13.2.1/../../../../arm-none-eabi/lib/thumb/v8-m.main+dp/hard/libm.a(libm_a-ef_log10.o)
                0x02008798                __ieee754_log10f
 .text.logf     0x0200885c       0xd4 /home/rishi/renesas/ra/e2studio_v2025-04_fsp_v5.9.0/toolchains/gcc_arm/arm-gnu-toolchain-13.2.Rel1-x86_64-arm-none-eabi/bin/../lib/gcc/arm-none-eabi/13.2.1/../../../../arm-none-eabi/lib/thumb/v8-m.main+dp/hard/libm.a(libm_a-sf_log.o)
                0x0200885c                logf
 .text          0x02008930      0x378 /home/rishi/renesas/ra/e2studio_v2025-04_fsp_v5.9.0/toolchains/gcc_arm/arm-gnu-toolchain-13.2.Rel1-x86_64-arm-none-eabi/bin/../lib/gcc/arm-none-eabi/13.2.1/thumb/v8-m.main+dp/hard/libgcc.a(_arm_addsubdf3.o)
                0x02008930                __aeabi_drsub
                0x02008938                __aeabi_dsub
                0x02008938                __subdf3
                0x0200893c                __adddf3
                0x0200893c                __aeabi_dadd
                0x02008bb4                __aeabi_ui2d
                0x02008bb4                __floatunsidf
                0x02008bd4                __floatsidf
                0x02008bd4                __aeabi_i2d
                0x02008bf8                __extendsfdf2
                0x02008bf8                __aeabi_f2d
                0x02008c3c                __aeabi_ul2d
                0x02008c3c                __floatundidf
                0x02008c4c                __floatdidf
                0x02008c4c                __aeabi_l2d
 *(.version)
 .version       0x02008ca8       0x50 ./ra/fsp/src/bsp/mcu/all/bsp_common.o
 *(.init)
 .init          0x02008cf8        0x4 /home/rishi/renesas/ra/e2studio_v2025-04_fsp_v5.9.0/toolchains/gcc_arm/arm-gnu-toolchain-13.2.Rel1-x86_64-arm-none-eabi/bin/../lib/gcc/arm-none-eabi/13.2.1/thumb/v8-m.main+dp/hard/crti.o
                0x02008cf8                _init
 .init          0x02008cfc        0x8 /home/rishi/renesas/ra/e2studio_v2025-04_fsp_v5.9.0/toolchains/gcc_arm/arm-gnu-toolchain-13.2.Rel1-x86_64-arm-none-eabi/bin/../lib/gcc/arm-none-eabi/13.2.1/thumb/v8-m.main+dp/hard/crtn.o
 *(.fini)
 .fini          0x02008d04        0x4 /home/rishi/renesas/ra/e2studio_v2025-04_fsp_v5.9.0/toolchains/gcc_arm/arm-gnu-toolchain-13.2.Rel1-x86_64-arm-none-eabi/bin/../lib/gcc/arm-none-eabi/13.2.1/thumb/v8-m.main+dp/hard/crti.o
                0x02008d04                _fini
 .fini          0x02008d08        0x8 /home/rishi/renesas/ra/e2studio_v2025-04_fsp_v5.9.0/toolchains/gcc_arm/arm-gnu-toolchain-13.2.Rel1-x86_64-arm-none-eabi/bin/../lib/gcc/arm-none-eabi/13.2.1/thumb/v8-m.main+dp/hard/crtn.o
 *crtbegin.o(.ctors)
 *crtbegin?.o(.ctors)
 *(EXCLUDE_FILE(*crtend.o *crtend?.o) .ctors)
 *(SORT_BY_NAME(.ctors.*))
 *(.ctors)
 *crtbegin.o(.dtors)
 *crtbegin?.o(.dtors)
 *(EXCLUDE_FILE(*crtend.o *crtend?.o) .dtors)
 *(SORT_BY_NAME(.dtors.*))
 *(.dtors)
 *(.rodata*)
 .rodata.task_feature_extraction_entry.str1.4
                0x02008d10     0x3ff7 ./src/cognitiveCLASSIFIER.o
                                0x3dc (size before relaxing)
 .rodata.task_classification_entry.str1.4
                0x0200cd07      0x277 ./src/cognitiveCLASSIFIER.o
 .rodata.build_n8n_json_payload.str1.4
                0x0200cd07      0x1f6 ./src/communicationN8N.o
 .rodata.send_to_n8n_webhook.str1.4
                0x0200cd07       0xd0 ./src/communicationN8N.o
 .rodata.task_communication_entry.str1.4
                0x0200cd07       0xce ./src/communicationN8N.o
 .rodata.configure_pure_gpio_spi.str1.4
                0x0200cd07       0xc1 ./src/eegACQUISITION.o
 .rodata.pure_gpio_read_device_id.str1.4
                0x0200cd07      0x4c5 ./src/eegACQUISITION.o
 .rodata.ads1263_dual_channel_read.constprop.0.str1.4
                0x0200cd07      0x3a7 ./src/eegACQUISITION.o
 .rodata.eeg_acquisition_init.str1.4
                0x0200cd07      0xe50 ./src/eegACQUISITION.o
 .rodata.task_eeg_acquisition_entry.str1.4
                0x0200cd07      0x3d3 ./src/eegACQUISITION.o
 .rodata.hal_entry.str1.4
                0x0200cd07      0x93b ./src/hal_entry.o
 .rodata.haptic_feedback_init.str1.4
                0x0200cd07       0x48 ./src/hapticFEEDBACK.o
 .rodata.trigger_drowsiness_alert.str1.4
                0x0200cd07       0x10 ./src/hapticFEEDBACK.o
 *fill*         0x0200cd07        0x1 ff
 .rodata.CSWTCH.24
                0x0200cd08       0x10 ./src/hapticFEEDBACK.o
 .rodata        0x0200cd18       0xf8 ./src/hapticFEEDBACK.o
 .rodata.tk_ini_ker.str1.4
                0x0200ce10       0x36 ./src/mtk3_stubs.o
 .rodata.tk_cre_tsk.str1.4
                0x0200ce10       0x29 ./src/mtk3_stubs.o
 .rodata.tk_sta_tsk.str1.4
                0x0200ce10       0x1b ./src/mtk3_stubs.o
 .rodata.tk_ext_ker.str1.4
                0x0200ce10       0x25 ./src/mtk3_stubs.o
 .rodata.tk_isig_sem.str1.4
                0x0200ce10       0x2b ./src/mtk3_stubs.o
 .rodata.tk_cre_sem.str1.4
                0x0200ce10       0x20 ./src/mtk3_stubs.o
 .rodata.tk_sus_tsk.str1.4
                0x0200ce10       0x1d ./src/mtk3_stubs.o
 .rodata.tk_rsm_tsk.str1.4
                0x0200ce10       0x1b ./src/mtk3_stubs.o
 .rodata.tk_rel_wai.str1.4
                0x0200ce10       0x1e ./src/mtk3_stubs.o
 .rodata.initialize_global_semaphores.str1.4
                0x0200ce10      0x490 ./src/semaphoresGLOBAL.o
 .rodata.task_shravya_main_entry.str1.4
                0x0200ce10       0x31 ./src/shravyaMAIN.o
 .rodata.process_eeg_samples_direct.str1.4
                0x0200ce10      0x28c ./src/signalPROCESSING.o
 .rodata.task_signal_processing_entry.str1.4
                0x0200ce10      0x3fb ./src/signalPROCESSING.o
 .rodata.extract_eeg_features_direct.str1.4
                0x0200ce10      0x330 ./src/signalPROCESSING.o
 .rodata.send_to_n8n_direct.str1.4
                0x0200ce10      0x1bb ./src/signalPROCESSING.o
 .rodata.classify_cognitive_state_direct.str1.4
                0x0200ce10      0x17f ./src/signalPROCESSING.o
 .rodata.str1.4
                0x0200ce10       0x23 ./src/signalPROCESSING.o
 .rodata.CSWTCH.85
                0x0200ce10       0x10 ./src/signalPROCESSING.o
 .rodata.g_external_irq0_cfg
                0x0200ce20       0x14 ./ra_gen/common_data.o
                0x0200ce20                g_external_irq0_cfg
 .rodata.g_external_irq0_ext_cfg
                0x0200ce34        0x1 ./ra_gen/common_data.o
                0x0200ce34                g_external_irq0_ext_cfg
 *fill*         0x0200ce35        0x3 ff
 .rodata.g_spi0_cfg
                0x0200ce38       0x24 ./ra_gen/hal_data.o
                0x0200ce38                g_spi0_cfg
 .rodata.g_spi0_ext_cfg
                0x0200ce5c        0xd ./ra_gen/hal_data.o
                0x0200ce5c                g_spi0_ext_cfg
 *fill*         0x0200ce69        0x3 ff
 .rodata.g_transfer1
                0x0200ce6c        0xc ./ra_gen/hal_data.o
                0x0200ce6c                g_transfer1
 .rodata.g_transfer1_cfg
                0x0200ce78        0x8 ./ra_gen/hal_data.o
                0x0200ce78                g_transfer1_cfg
 .rodata.g_transfer1_cfg_extend
                0x0200ce80        0x1 ./ra_gen/hal_data.o
                0x0200ce80                g_transfer1_cfg_extend
 *fill*         0x0200ce81        0x3 ff
 .rodata.g_transfer2
                0x0200ce84        0xc ./ra_gen/hal_data.o
                0x0200ce84                g_transfer2
 .rodata.g_transfer2_cfg
                0x0200ce90        0x8 ./ra_gen/hal_data.o
                0x0200ce90                g_transfer2_cfg
 .rodata.g_transfer2_cfg_extend
                0x0200ce98        0x1 ./ra_gen/hal_data.o
                0x0200ce98                g_transfer2_cfg_extend
 *fill*         0x0200ce99        0x3 ff
 .rodata.g_bsp_pin_cfg
                0x0200ce9c        0xc ./ra_gen/pin_data.o
                0x0200ce9c                g_bsp_pin_cfg
 .rodata.g_bsp_pin_cfg_data
                0x0200cea8      0x4a0 ./ra_gen/pin_data.o
                0x0200cea8                g_bsp_pin_cfg_data
 .rodata.g_interrupt_event_link_select
                0x0200d348        0xe ./ra_gen/vector_data.o
                0x0200d348                g_interrupt_event_link_select
 *fill*         0x0200d356        0x2 ff
 .rodata.g_vbatt_pins_input
                0x0200d358        0x6 ./ra/fsp/src/r_ioport/r_ioport.o
 *fill*         0x0200d35e        0x2 ff
 .rodata.g_transfer_on_dtc
                0x0200d360       0x2c ./ra/fsp/src/r_dtc/r_dtc.o
                0x0200d360                g_transfer_on_dtc
 .rodata.g_prcr_masks
                0x0200d38c        0x8 ./ra/fsp/src/bsp/mcu/all/bsp_register_protection.o
 .rodata._vfprintf_r.str1.1
                0x0200d394       0xbd /home/rishi/renesas/ra/e2studio_v2025-04_fsp_v5.9.0/toolchains/gcc_arm/arm-gnu-toolchain-13.2.Rel1-x86_64-arm-none-eabi/bin/../lib/gcc/arm-none-eabi/13.2.1/../../../../arm-none-eabi/lib/thumb/v8-m.main+dp/hard/libg_nano.a(libc_a-nano-vfprintf.o)
                                 0x11 (size before relaxing)
 .rodata._printf_i.str1.1
                0x0200d451       0x22 /home/rishi/renesas/ra/e2studio_v2025-04_fsp_v5.9.0/toolchains/gcc_arm/arm-gnu-toolchain-13.2.Rel1-x86_64-arm-none-eabi/bin/../lib/gcc/arm-none-eabi/13.2.1/../../../../arm-none-eabi/lib/thumb/v8-m.main+dp/hard/libg_nano.a(libc_a-nano-vfprintf_i.o)
 .rodata.srand.str1.1
                0x0200d451       0x70 /home/rishi/renesas/ra/e2studio_v2025-04_fsp_v5.9.0/toolchains/gcc_arm/arm-gnu-toolchain-13.2.Rel1-x86_64-arm-none-eabi/bin/../lib/gcc/arm-none-eabi/13.2.1/../../../../arm-none-eabi/lib/thumb/v8-m.main+dp/hard/libg_nano.a(libc_a-rand.o)
 .rodata._svfprintf_r.str1.1
                0x0200d451       0x11 /home/rishi/renesas/ra/e2studio_v2025-04_fsp_v5.9.0/toolchains/gcc_arm/arm-gnu-toolchain-13.2.Rel1-x86_64-arm-none-eabi/bin/../lib/gcc/arm-none-eabi/13.2.1/../../../../arm-none-eabi/lib/thumb/v8-m.main+dp/hard/libg_nano.a(libc_a-nano-svfprintf.o)
 .rodata._get_semihosting_exts.str1.1
                0x0200d451       0x16 /home/rishi/renesas/ra/e2studio_v2025-04_fsp_v5.9.0/toolchains/gcc_arm/arm-gnu-toolchain-13.2.Rel1-x86_64-arm-none-eabi/bin/../lib/gcc/arm-none-eabi/13.2.1/../../../../arm-none-eabi/lib/thumb/v8-m.main+dp/hard/librdimon_nano.a(arm_librdimon_a-syscalls.o)
 .rodata.initialise_monitor_handles.str1.1
                0x0200d451        0x4 /home/rishi/renesas/ra/e2studio_v2025-04_fsp_v5.9.0/toolchains/gcc_arm/arm-gnu-toolchain-13.2.Rel1-x86_64-arm-none-eabi/bin/../lib/gcc/arm-none-eabi/13.2.1/../../../../arm-none-eabi/lib/thumb/v8-m.main+dp/hard/librdimon_nano.a(arm_librdimon_a-syscalls.o)
 .rodata.log10f.str1.4
                0x0200d451        0x1 /home/rishi/renesas/ra/e2studio_v2025-04_fsp_v5.9.0/toolchains/gcc_arm/arm-gnu-toolchain-13.2.Rel1-x86_64-arm-none-eabi/bin/../lib/gcc/arm-none-eabi/13.2.1/../../../../arm-none-eabi/lib/thumb/v8-m.main+dp/hard/libm.a(libm_a-wf_log10.o)
 *fill*         0x0200d451        0x7 ff
 .rodata.__exp2f_data
                0x0200d458      0x148 /home/rishi/renesas/ra/e2studio_v2025-04_fsp_v5.9.0/toolchains/gcc_arm/arm-gnu-toolchain-13.2.Rel1-x86_64-arm-none-eabi/bin/../lib/gcc/arm-none-eabi/13.2.1/../../../../arm-none-eabi/lib/thumb/v8-m.main+dp/hard/libm.a(libm_a-sf_exp2_data.o)
                0x0200d458                __exp2f_data
 .rodata.__log2f_data
                0x0200d5a0      0x120 /home/rishi/renesas/ra/e2studio_v2025-04_fsp_v5.9.0/toolchains/gcc_arm/arm-gnu-toolchain-13.2.Rel1-x86_64-arm-none-eabi/bin/../lib/gcc/arm-none-eabi/13.2.1/../../../../arm-none-eabi/lib/thumb/v8-m.main+dp/hard/libm.a(libm_a-sf_log2_data.o)
                0x0200d5a0                __log2f_data
 .rodata.__inv_pio4
                0x0200d6c0       0x60 /home/rishi/renesas/ra/e2studio_v2025-04_fsp_v5.9.0/toolchains/gcc_arm/arm-gnu-toolchain-13.2.Rel1-x86_64-arm-none-eabi/bin/../lib/gcc/arm-none-eabi/13.2.1/../../../../arm-none-eabi/lib/thumb/v8-m.main+dp/hard/libm.a(libm_a-sincosf_data.o)
                0x0200d6c0                __inv_pio4
 .rodata.__sincosf_table
                0x0200d720       0xe0 /home/rishi/renesas/ra/e2studio_v2025-04_fsp_v5.9.0/toolchains/gcc_arm/arm-gnu-toolchain-13.2.Rel1-x86_64-arm-none-eabi/bin/../lib/gcc/arm-none-eabi/13.2.1/../../../../arm-none-eabi/lib/thumb/v8-m.main+dp/hard/libm.a(libm_a-sincosf_data.o)
                0x0200d720                __sincosf_table
 .rodata.__logf_data
                0x0200d800      0x120 /home/rishi/renesas/ra/e2studio_v2025-04_fsp_v5.9.0/toolchains/gcc_arm/arm-gnu-toolchain-13.2.Rel1-x86_64-arm-none-eabi/bin/../lib/gcc/arm-none-eabi/13.2.1/../../../../arm-none-eabi/lib/thumb/v8-m.main+dp/hard/libm.a(libm_a-sf_log_data.o)
                0x0200d800                __logf_data
                0x0200d920                        __usb_dev_descriptor_start_fs = .
 *(.usb_device_desc_fs*)
                0x0200d920                        __usb_cfg_descriptor_start_fs = .
 *(.usb_config_desc_fs*)
                0x0200d920                        __usb_interface_descriptor_start_fs = .
 *(.usb_interface_desc_fs*)
                0x0200d920                        __usb_descriptor_end_fs = .
                0x0200d920                        __usb_dev_descriptor_start_hs = .
 *(.usb_device_desc_hs*)
                0x0200d920                        __usb_cfg_descriptor_start_hs = .
 *(.usb_config_desc_hs*)
                0x0200d920                        __usb_interface_descriptor_start_hs = .
 *(.usb_interface_desc_hs*)
                0x0200d920                        __usb_descriptor_end_hs = .
 *(.eh_frame*)
 .eh_frame      0x0200d920        0x0 /home/rishi/renesas/ra/e2studio_v2025-04_fsp_v5.9.0/toolchains/gcc_arm/arm-gnu-toolchain-13.2.Rel1-x86_64-arm-none-eabi/bin/../lib/gcc/arm-none-eabi/13.2.1/thumb/v8-m.main+dp/hard/crtbegin.o
 .eh_frame      0x0200d920       0x28 /home/rishi/renesas/ra/e2studio_v2025-04_fsp_v5.9.0/toolchains/gcc_arm/arm-gnu-toolchain-13.2.Rel1-x86_64-arm-none-eabi/bin/../lib/gcc/arm-none-eabi/13.2.1/../../../../arm-none-eabi/lib/thumb/v8-m.main+dp/hard/libg_nano.a(libc_a-strlen.o)
 .eh_frame      0x0200d948        0x4 /home/rishi/renesas/ra/e2studio_v2025-04_fsp_v5.9.0/toolchains/gcc_arm/arm-gnu-toolchain-13.2.Rel1-x86_64-arm-none-eabi/bin/../lib/gcc/arm-none-eabi/13.2.1/thumb/v8-m.main+dp/hard/crtend.o
                0x0200d94c                        __ROM_End = .
                0x0000005c                        __Vectors_Size = (__Vectors_End - __Vectors)

.glue_7         0x0200d94c        0x0
 .glue_7        0x0200d94c        0x0 linker stubs

.glue_7t        0x0200d94c        0x0
 .glue_7t       0x0200d94c        0x0 linker stubs

.vfp11_veneer   0x0200d94c        0x0
 .vfp11_veneer  0x0200d94c        0x0 linker stubs

.v4_bx          0x0200d94c        0x0
 .v4_bx         0x0200d94c        0x0 linker stubs

.iplt           0x0200d94c        0x0
 .iplt          0x0200d94c        0x0 /home/rishi/renesas/ra/e2studio_v2025-04_fsp_v5.9.0/toolchains/gcc_arm/arm-gnu-toolchain-13.2.Rel1-x86_64-arm-none-eabi/bin/../lib/gcc/arm-none-eabi/13.2.1/thumb/v8-m.main+dp/hard/crtbegin.o
                0x0200d94c                        . = .
                0x0200d94c                        __itcm_data_pre_location = .

.itcm_data      0x00000000        0x0 load address 0x0200d950
                0x00000000                        __tz_ITCM_S = ABSOLUTE (ITCM_START)
                0x00000000                        __itcm_data_start = .
 *(.itcm_data*)
                0x00000000                        . = ALIGN (0x8)
                0x00000000                        __itcm_data_end = .
                0x00000000                        __tz_ITCM_N = DEFINED (ITCM_NS_START)?ABSOLUTE (ITCM_NS_START):ALIGN (__itcm_data_end, 0x2000)
                0x0200d950                        __itcm_data_init_start = LOADADDR (.itcm_data)
                0x0200d950                        __itcm_data_init_end = (LOADADDR (.itcm_data) + SIZEOF (.itcm_data))
                0x00000001                        ASSERT (((ORIGIN (ITCM) % 0x8) == 0x0), ITCM memory region origin must be aligned to 8 bytes.)
                0x00000001                        ASSERT (((LENGTH (ITCM) % 0x8) == 0x0), ITCM memory region length must be a multiple of 8 bytes.)
                0x00000001                        ASSERT (((LOADADDR (.itcm_data) % 0x10) == 0x0), .itcm_data section must be aligned to 16 bytes.)
                0x00000001                        ASSERT (((SIZEOF (.itcm_data) % 0x8) == 0x0), .itcm_data section size must be a multiple of 8 bytes.)
                0x0200d94c                        . = (SIZEOF (.itcm_data) > 0x0)?__itcm_data_init_end:__itcm_data_pre_location
                0x0200d94c                        __exidx_start = .

/DISCARD/
 *(.ARM.extab* .gnu.linkonce.armextab.*)
 *(.ARM.exidx* .gnu.linkonce.armexidx.*)
                0x0200d94c                        __exidx_end = .
                0x0200d94c                        __etext = .
                0x22000000                        __tz_RAM_S = ORIGIN (RAM)

.fsp_dtc_vector_table
                0x22000000       0x1c
                0x22000000                        . = ORIGIN (RAM)
 *(.fsp_dtc_vector_table)
 .fsp_dtc_vector_table
                0x22000000       0x1c ./ra/fsp/src/r_dtc/r_dtc.o

.data           0x2200001c       0x90 load address 0x0200d94c
                0x2200001c                        __data_start__ = .
                0x2200001c                        . = ALIGN (0x4)
                0x2200001c                        __Code_In_RAM_Start = .
 *(.code_in_ram*)
                0x2200001c                        __Code_In_RAM_End = .
 *(vtable)
 *(.data.*)
 .data.current_task_id
                0x2200001c        0x4 ./src/mtk3_stubs.o
 .data.g_transfer1_info
                0x22000020       0x10 ./ra_gen/hal_data.o
                0x22000020                g_transfer1_info
 .data.g_transfer2_info
                0x22000030       0x10 ./ra_gen/hal_data.o
                0x22000030                g_transfer2_info
 .data._impure_ptr
                0x22000040        0x4 /home/rishi/renesas/ra/e2studio_v2025-04_fsp_v5.9.0/toolchains/gcc_arm/arm-gnu-toolchain-13.2.Rel1-x86_64-arm-none-eabi/bin/../lib/gcc/arm-none-eabi/13.2.1/../../../../arm-none-eabi/lib/thumb/v8-m.main+dp/hard/libg_nano.a(libc_a-impure.o)
                0x22000040                _impure_ptr
 .data._impure_data
                0x22000044       0x4c /home/rishi/renesas/ra/e2studio_v2025-04_fsp_v5.9.0/toolchains/gcc_arm/arm-gnu-toolchain-13.2.Rel1-x86_64-arm-none-eabi/bin/../lib/gcc/arm-none-eabi/13.2.1/../../../../arm-none-eabi/lib/thumb/v8-m.main+dp/hard/libg_nano.a(libc_a-impure.o)
                0x22000044                _impure_data
 .data.__sglue  0x22000090        0xc /home/rishi/renesas/ra/e2studio_v2025-04_fsp_v5.9.0/toolchains/gcc_arm/arm-gnu-toolchain-13.2.Rel1-x86_64-arm-none-eabi/bin/../lib/gcc/arm-none-eabi/13.2.1/../../../../arm-none-eabi/lib/thumb/v8-m.main+dp/hard/libg_nano.a(libc_a-findfp.o)
                0x22000090                __sglue
 .data.supports_ext_stdout_stderr
                0x2200009c        0x4 /home/rishi/renesas/ra/e2studio_v2025-04_fsp_v5.9.0/toolchains/gcc_arm/arm-gnu-toolchain-13.2.Rel1-x86_64-arm-none-eabi/bin/../lib/gcc/arm-none-eabi/13.2.1/../../../../arm-none-eabi/lib/thumb/v8-m.main+dp/hard/librdimon_nano.a(arm_librdimon_a-syscalls.o)
 .data.supports_ext_exit_extended
                0x220000a0        0x4 /home/rishi/renesas/ra/e2studio_v2025-04_fsp_v5.9.0/toolchains/gcc_arm/arm-gnu-toolchain-13.2.Rel1-x86_64-arm-none-eabi/bin/../lib/gcc/arm-none-eabi/13.2.1/../../../../arm-none-eabi/lib/thumb/v8-m.main+dp/hard/librdimon_nano.a(arm_librdimon_a-syscalls.o)
 *(.data)
                0x220000a4                        . = ALIGN (0x4)
                0x220000a4                        PROVIDE (__preinit_array_start = .)
 *(.preinit_array)
                0x220000a4                        PROVIDE (__preinit_array_end = .)
                0x220000a4                        . = ALIGN (0x4)
                0x220000a4                        PROVIDE (__init_array_start = .)
 *(SORT_BY_NAME(.init_array.*))
 *(.init_array)
 .init_array    0x220000a4        0x4 /home/rishi/renesas/ra/e2studio_v2025-04_fsp_v5.9.0/toolchains/gcc_arm/arm-gnu-toolchain-13.2.Rel1-x86_64-arm-none-eabi/bin/../lib/gcc/arm-none-eabi/13.2.1/thumb/v8-m.main+dp/hard/crtbegin.o
                0x220000a8                        PROVIDE (__init_array_end = .)
                0x220000a8                        . = ALIGN (0x4)
                [!provide]                        PROVIDE (__fini_array_start = .)
 *(SORT_BY_NAME(.fini_array.*))
 *(.fini_array)
 .fini_array    0x220000a8        0x4 /home/rishi/renesas/ra/e2studio_v2025-04_fsp_v5.9.0/toolchains/gcc_arm/arm-gnu-toolchain-13.2.Rel1-x86_64-arm-none-eabi/bin/../lib/gcc/arm-none-eabi/13.2.1/thumb/v8-m.main+dp/hard/crtbegin.o
                [!provide]                        PROVIDE (__fini_array_end = .)
 *(.jcr*)
                0x220000ac                        . = ALIGN (0x4)
                0x220000ac                        __data_end__ = .

.tm_clone_table
                0x220000ac        0x0 load address 0x0200d9dc
 .tm_clone_table
                0x220000ac        0x0 /home/rishi/renesas/ra/e2studio_v2025-04_fsp_v5.9.0/toolchains/gcc_arm/arm-gnu-toolchain-13.2.Rel1-x86_64-arm-none-eabi/bin/../lib/gcc/arm-none-eabi/13.2.1/thumb/v8-m.main+dp/hard/crtbegin.o
 .tm_clone_table
                0x220000ac        0x0 /home/rishi/renesas/ra/e2studio_v2025-04_fsp_v5.9.0/toolchains/gcc_arm/arm-gnu-toolchain-13.2.Rel1-x86_64-arm-none-eabi/bin/../lib/gcc/arm-none-eabi/13.2.1/thumb/v8-m.main+dp/hard/crtend.o

.igot.plt       0x220000ac        0x0 load address 0x0200d9dc
 .igot.plt      0x220000ac        0x0 /home/rishi/renesas/ra/e2studio_v2025-04_fsp_v5.9.0/toolchains/gcc_arm/arm-gnu-toolchain-13.2.Rel1-x86_64-arm-none-eabi/bin/../lib/gcc/arm-none-eabi/13.2.1/thumb/v8-m.main+dp/hard/crtbegin.o
                0x220000ac                        . = .
                0x0200d9dc                        __dtcm_data_pre_location = (LOADADDR (.data) + SIZEOF (.data))

.dtcm_data      0x20000000        0x0 load address 0x0200d9e0
                0x20000000                        __tz_DTCM_S = ABSOLUTE (DTCM_START)
                0x20000000                        __dtcm_data_start = .
 *(.dtcm_data*)
                0x20000000                        . = ALIGN (0x8)
                0x20000000                        __dtcm_data_end = .
                0x20000000                        . = __dtcm_data_end

.dtcm_bss       0x20000000        0x0
                0x20000000                        __dtcm_bss_start = .
 *(.dtcm_bss*)
                0x20000000                        . = ALIGN (0x8)
                0x20000000                        __dtcm_bss_end = .
                0x20000000                        __tz_DTCM_N = DEFINED (DTCM_NS_START)?ABSOLUTE (DTCM_NS_START):ALIGN (__dtcm_bss_end, 0x2000)
                0x0200d9e0                        __dtcm_data_init_start = LOADADDR (.dtcm_data)
                0x0200d9e0                        __dtcm_data_init_end = (LOADADDR (.dtcm_data) + SIZEOF (.dtcm_data))
                0x00000001                        ASSERT (((ORIGIN (DTCM) % 0x8) == 0x0), DTCM memory region origin must be aligned to 8 bytes.)
                0x00000001                        ASSERT (((LENGTH (DTCM) % 0x8) == 0x0), DTCM memory region length must be a multiple of 8 bytes.)
                0x00000001                        ASSERT ((LOADADDR (.dtcm_bss) == ADDR (.dtcm_bss)), .dtcm_bss has (VMA != LMA) but should be NOLOAD (VMA == LMA).)
                0x00000001                        ASSERT (((LOADADDR (.dtcm_data) % 0x10) == 0x0), .dtcm_data section must be aligned to 16 bytes.)
                0x00000001                        ASSERT (((SIZEOF (.dtcm_data) % 0x8) == 0x0), .dtcm_data section size must be a multiple of 8 bytes.)
                0x00000001                        ASSERT (((LOADADDR (.dtcm_bss) % 0x8) == 0x0), .dtcm_bss section must be aligned to 8 bytes.)
                0x00000001                        ASSERT (((SIZEOF (.dtcm_bss) % 0x8) == 0x0), .dtcm_bss section size must be a multiple of 8 bytes.)
                0x00000001                        ASSERT ((__dtcm_bss_start == __dtcm_data_end), .dtcm_bss section is not adjacent to .dtcm_data section.)
                0x0200d9dc                        . = (SIZEOF (.dtcm_data) > 0x0)?__dtcm_data_init_end:__dtcm_data_pre_location
                0x0200d9dc                        sgstubs_pre_location = .
                0x0200dc00                        SGSTUBS_LOC = (DEFINED (PROJECT_SECURE) && DEFINED (FLASH_NSC_START))?ABSOLUTE (FLASH_NSC_START):ALIGN (0x400)

.gnu.sgstubs    0x0200dc00        0x0
                0x0200dc00                        __FLASH_NSC_START = DEFINED (FLASH_NSC_START)?ABSOLUTE (FLASH_NSC_START):__RESERVE_NS_RAM?ABSOLUTE ((FLASH_START + FLASH_LENGTH)):ALIGN (0x400)
                0x0200dc00                        _start_sg = .
 *(.gnu.sgstubs*)
                0x0200dc00                        . = ALIGN (0x20)
                0x0200dc00                        _end_sg = .
                0x02010000                        __tz_FLASH_N = DEFINED (FLASH_NS_START)?ABSOLUTE (FLASH_NS_START):__RESERVE_NS_RAM?ABSOLUTE ((FLASH_START + FLASH_LENGTH)):(FLASH_LENGTH < 0x8000)?FLASH_LENGTH:ALIGN (0x8000)
                0x02010000                        FLASH_NS_IMAGE_START = DEFINED (FLASH_NS_IMAGE_START)?FLASH_NS_IMAGE_START:__tz_FLASH_N
                0x60000000                        __tz_QSPI_FLASH_S = ORIGIN (QSPI_FLASH)

.qspi_flash     0x60000000        0x0
                0x60000000                        __qspi_flash_start__ = .
 *(.qspi_flash*)
 *(.code_in_qspi*)
                0x60000000                        __qspi_flash_end__ = .
                0x00000000                        __qspi_flash_code_size__ = (__qspi_flash_end__ - __qspi_flash_start__)
                0x0200d9dc                        __qspi_flash_code_addr__ = sgstubs_pre_location

.qspi_non_retentive
                0x60000000        0x0 load address 0x0200d9dc
                0x60000000                        __qspi_non_retentive_start__ = .
 *(.qspi_non_retentive*)
                0x60000000                        __qspi_non_retentive_end__ = .
                0x00000000                        __qspi_non_retentive_size__ = (__qspi_non_retentive_end__ - __qspi_non_retentive_start__)
                0x04000000                        __qspi_region_max_size__ = 0x4000000
                0x60000000                        __qspi_region_start_address__ = __qspi_flash_start__
                0x64000000                        __qspi_region_end_address__ = (__qspi_flash_start__ + __qspi_region_max_size__)
                0x60000000                        __tz_QSPI_FLASH_N = __qspi_non_retentive_end__

.OSPI_DEVICE_0_NO_LOAD
                0x80000000        0x0
                0x80000000                        . = ALIGN (0x4)
                0x80000000                        __ospi_device_0_start__ = .
 *(.ospi_device_0_no_load*)
                0x80000000                        . = ALIGN (0x4)
                0x80000000                        __ospi_device_0_end__ = .

.OSPI_DEVICE_1_NO_LOAD
                0x90000000        0x0
                0x90000000                        . = ALIGN (0x4)
                0x90000000                        __ospi_device_1_start__ = .
 *(.ospi_device_1_no_load*)
                0x90000000                        . = ALIGN (0x4)
                0x90000000                        __ospi_device_1_end__ = .
                0x80000000                        __tz_OSPI_DEVICE_0_S = ORIGIN (OSPI_DEVICE_0)

.OSPI_DEVICE_0  0x80000000        0x0
                0x80000000                        __ospi_device_0_start__ = .
 *(.ospi_device_0*)
 *(.code_in_ospi_device_0*)
                0x80000000                        __ospi_device_0_end__ = .
                0x00000000                        __ospi_device_0_code_size__ = (__ospi_device_0_end__ - __ospi_device_0_start__)
                0x0200d9dc                        __ospi_device_0_code_addr__ = (sgstubs_pre_location + SIZEOF (.qspi_non_retentive))

.ospi_device_0_non_retentive
                0x80000000        0x0 load address 0x0200d9dc
                0x80000000                        __ospi_device_0_non_retentive_start__ = .
 *(.ospi_device_0_non_retentive*)
                0x80000000                        __ospi_device_0_non_retentive_end__ = .
                0x00000000                        __ospi_device_0_non_retentive_size__ = (__ospi_device_0_non_retentive_end__ - __ospi_device_0_non_retentive_start__)
                0x08000000                        __ospi_device_0_region_max_size__ = 0x8000000